08000000 A _stext
08000000 T _vectors
08000130 T __start
080001c0 T stm32_clockconfig
080002bc T stm32_gpioinit
080002c8 T stm32_configgpio
08000394 T stm32_unconfiggpio
080003a0 T stm32_gpiowrite
080003cc T stm32_gpioread
080003f8 T arm_lowputc
0800040c T stm32_lowsetup
08000478 t up_setusartint
080004a4 t up_restoreusartint
080004bc t up_disableusartint
080004ec t up_set_format
08000570 t up_receive
0800058c t up_rxint
080005bc t up_rxavailable
080005ca t up_send
080005d4 t up_txint
08000600 t up_txready
0800060e t up_ioctl
080006b2 t up_detach
080006d0 t up_attach
080006f4 t up_interrupt
0800074c t up_setup
080007e4 t up_shutdown
0800083c T arm_earlyserialinit
08000854 T arm_serialinit
080008b0 T up_putc
080008d8 T modifyreg32
080008f6 t start
08000900 T exception_common
08000964 t stm32_reserved
08000994 t stm32_pendsv
080009c4 t stm32_nmi
080009f4 t stm32_irqinfo
08000a5c T up_irqinitialize
08000b40 T up_disable_irq
08000b64 T up_enable_irq
08000b88 T arm_ack_irq
08000b8c T arm_busfault
08000bb8 T exception_direct
08000bf0 T arm_doirq
08000c54 T arm_hardfault
08000c84 T arm_memfault
08000cb0 T up_schedule_sigaction
08000d34 T arm_sigdeliver
08000d78 T arm_svcall
08000d7c T up_trigger_irq
08000dbc T arm_usagefault
08000de8 T arm_enable_dbgmonitor
08000e64 T arm_dbgmonitor
08000f50 T stm32_boardinitialize
08000f62 T stm32_spidev_initialize
08000f6a T stm32_spi1select
08000f6c T stm32_spi1status
08000f70 T stm32_spi2select
08000f7c T stm32_spi2status
08000f80 T stm32_usbinitialize
08000f88 T stm32_usbpullup
08000fa2 T stm32_usbsuspend
08000fa4 T stm32_selectsram
08000fe4 T stm32_extmemgpios
08001000 T nx_start
080011c0 T nx_bringup
08001218 T instrument_initialize
0800121c T irq_initialize
08001238 T irq_attach
0800127c T irq_dispatch
080012a4 T irq_unexpected_isr
080012d8 t stack_dump
08001384 t dump_task
08001438 T _assert
08001678 T panic_notifier_call_chain
080016a8 T register_reboot_notifier
080016dc T reboot_notifier_call_chain
0800170c T nxmq_initialize
080017a4 T nxsched_get_tcb
080017e4 T nxsched_foreach
08001834 T sched_lock
08001850 T sched_unlock
080018b8 T nxsched_get_stateinfo
0800191c T nxsched_switch_context
08001920 T nxsched_merge_pending
0800198c T nxsig_initialize
08001a84 T nxtask_argvstr
08001af8 T nxtask_joindestroy
08001afe T nxtask_joininit
08001b0c T task_spawn
08001bb4 T timer_initialize
08001bf4 T timer_deleteall
08001c84 T timer_release
08001d2c T tls_init_info
08001d56 T wd_cancel
08001d8a T work_timer_expired
08001d90 t work_thread_create
08001e30 t work_thread
08001f58 T work_start_highpri
08001f7c T clock_basetime
08001f9c T clock_initialize
08001ffc T clock_systime_ticks
08002000 T clock_systime_timespec
08002020 T clock_increase_sched_ticks
08002040 T clock_get_sched_ticks
0800204c T perf_init
0800204e W up_udelay
080020c4 W up_mdelay
080020d4 T get_environ_ptr
080020e4 T setenv
080021e4 T unsetenv
0800223c T group_allocate
080022a4 T group_initialize
080022e4 T group_setupidlefiles
08002314 T task_initialize
08002334 T group_alloc_child
08002354 T group_free_child
08002368 T group_add_child
08002370 T group_find_child
08002380 T group_exit_child
08002390 T group_remove_child
080023ba T group_remove_children
080023d0 T nxsched_get_param
0800241c T sched_getparam
08002436 T nxsched_get_tls
0800243a T nxsched_get_stackargs
08002444 T nxsem_destroy
08002478 T nxsem_wait_slow
08002568 T nxsem_wait_uninterruptible
08002578 T nxthread_create
080025d6 T nxtask_create
08002606 T task_create_with_stack
0800262e T task_create
08002642 T kthread_create_with_stack
08002660 T nxtask_init
0800272c T nxtask_uninit
08002754 t nxthread_setup_scheduler
0800291c T nxtask_setup_stackargs
080029e0 T nxtask_setup_scheduler
080029f0 T nxtask_setup_name
08002a28 T nxtask_activate
08002a54 T nxtask_start
08002a94 T spawn_execattrs
08002af4 T spawn_file_actions
08002b82 T spawn_file_is_duplicateable
08002bb4 T _exit
08002bf0 T task_init_info
08002c64 T wd_start_abstick
08002cbc T wd_timer
08002cfc T env_dup
08002db0 T env_findvar
08002de0 T env_removevar
08002e58 T group_drop
08002e64 T group_leave
08002f24 T group_setuptaskfiles
08002f7c t group_cancel_children_handler
08002fac T group_kill_children
08002fe4 T pthread_cancel
08003034 T pthread_completejoin
080030e8 T pthread_destroyjoin
08003148 T pthread_findjoininfo
080031b2 T pthread_release
080031c8 T nxsched_get_fdlist_from_tcb
080031d4 T nxsched_get_fdlist
080031e8 T nxsched_add_readytorun
080032a4 T nxsched_remove_readytorun
080032fc T nxsched_remove_self
08003318 T nxsched_remove_blocked
08003370 T nxsched_release_tcb
080033d4 T nxsched_set_param
08003414 T sched_setparam
08003430 T nxsched_set_priority
08003574 T nxsched_set_scheduler
080035ec T nxsched_reprioritize_rtr
08003620 T nxsig_cleanup
08003670 T nxsig_release
080036b0 T nxtask_delete
08003708 T nxtask_exithook
080037ac T task_getgroup
080037b8 T nxsched_getpid
080037c8 T getpid
080037cc T nxtask_recover
080037ec T nxnotify_cancellation
08003824 T nxtask_terminate
0800387a T task_uninit_info
080038ea T env_release
0800391c T group_foreachchild
08003940 t group_signal_handler
080039e0 T group_signal
08003a34 T nxmq_recover
08003a54 t pthread_mutex_add
08003a78 t pthread_mutex_remove
08003ab8 T pthread_mutex_take
08003b16 T pthread_mutex_give
08003b36 T pthread_mutex_inconsistent
08003b72 T nxsem_recover
08003be0 T nxsem_reset
08003c54 T nxsig_release_action
08003c94 T nxsig_action
08003e3c T sigaction
08003e5a T nxsig_find_action
08003e80 T nxsig_release_pendingsigaction
08003ed4 T nxsig_release_pendingsignal
08003f28 T nxsig_tcbdispatch
080042a4 T nxsig_dispatch
080042d2 T nxsig_deliver
08004428 T nxmq_wait_irq
0800448c T sched_idletask
080044a8 T nxsem_wait_irq
08004508 T nxsig_alloc_pendingsigaction
08004558 T nxsig_unmask_pendingsignal
080045e4 T nxsig_remove_pendingsignal
0800464e T nxsig_lowest
08004670 T nxsig_pendingset
080046c8 T drivers_early_initialize
080046ca T drivers_initialize
080046e0 t devnull_read
080046e4 t devnull_write
080046e8 t devnull_poll
08004700 T devnull_register
08004718 t devzero_write
0800471c t devzero_poll
08004734 t devzero_read
08004744 T devzero_register
0800475c t uart_putchars
0800479a t uart_putxmitchar
08004828 t uart_open
080048ae t uart_unlink
08004910 t uart_writev
08004ac4 t uart_readv
08004d74 t uart_poll_notify
08004dac t uart_poll
08004e8c t uart_tcsendbreak
08004ef4 t uart_wakeup
08004f16 t uart_tcdrain.constprop.0
08004fb4 T uart_register
08005028 T uart_datareceived
08005042 T uart_datasent
0800505c t uart_ioctl
08005294 T uart_reset_sem
080052c2 t uart_close
08005372 T uart_xmitchars
08005444 T uart_recvchars
08005544 t ptmx_read
08005548 t ptmx_write
0800554c T ptmx_register
08005564 T ptmx_minor_free
080055a0 t ptmx_open
08005650 T syslog_flush
08005674 T syslog_initialize
08005682 t ramlog_file_ioctl
080056e6 t ramlog_file_open
08005738 t ramlog_file_close
08005764 t ramlog_file_read
08005820 t ramlog_addbuf
08005914 t ramlog_file_write
0800591c t ramlog_file_poll
08005980 T ramlog_syslog_register
0800599c T ramlog_putc
080059bc T ramlog_write
080059c8 T syslog_console_channel
080059f0 t usbtrace_syslog
08005a10 T usbtrace
08005a4c T usbtrace_trprintf
08005cac t pty_destroy
08005d14 t pty_unlink
08005d4a t pty_poll
08005e08 t pty_ioctl
08005f20 t pty_write
08005fa4 t pty_read
080060d0 t pty_close
08006162 t pty_open
08006214 T pty_register2
080062f0 t syslog_default_write
0800632c t syslog_default_putc
08006364 T syslog_channel_register
08006394 t syslog_dev_force
08006398 t syslog_dev_flush
0800639c t syslog_dev_open
080063ee t syslog_dev_outputready
08006450 T syslog_dev_uninitialize
0800648c t syslog_dev_write
08006558 t syslog_dev_putc
080065c0 T syslog_dev_initialize
080065e8 t pipe_mmap
080065f0 t pipe_register.constprop.0
0800666c T file_pipe
080066d8 T pipe2
08006750 t pipecommon_wakeup
08006774 T pipecommon_allocdev
080067a8 T pipecommon_freedev
080067d4 T pipecommon_close
08006886 T pipecommon_open
08006986 T pipecommon_read
08006a36 T pipecommon_write
08006b1a T pipecommon_poll
08006bda T pipecommon_ioctl
08006cd0 T pipecommon_unlink
08006d0c T __assert
08006d18 T iscntrl
08006d2a T isspace
08006d40 T __errno
08006d54 T circbuf_init
08006d82 T circbuf_reset
08006d8a T circbuf_uninit
08006da6 T circbuf_used
08006dae T circbuf_space
08006dba T circbuf_is_init
08006dc4 T circbuf_is_empty
08006dd0 T circbuf_is_full
08006dde T circbuf_peekat
08006e36 T circbuf_peek
08006e40 T circbuf_read
08006e50 T circbuf_skip
08006e66 T circbuf_resize
08006ebe T circbuf_write
08006f08 T uname
08006f60 T nxmutex_init
08006f80 T nxmutex_is_hold
08006fa4 T nxmutex_clocklock
08006fae T nxrmutex_lock
08006fce T nxrmutex_clocklock
08006ff6 T nxrmutex_unlock
08007016 T pthread_exit
0800702c T task_setcancelstate
08007080 T nxtask_startup
08007096 T nxsem_init
080070a4 T sem_init
080070c8 T nxsem_set_protocol
080070e4 T nxsem_get_value
08007100 T nxsem_wait
08007148 T nxsem_trywait
0800718c T nxsem_post
080071d0 T nxsig_addset
080071f4 T sigaddset
0800720c T nxsig_delset
08007232 T sigemptyset
0800723c T sigfillset
08007248 T nxsig_nandset
08007262 T sigandset
08007278 T sigorset
0800728e T nxsig_xorset
080072a4 T sigisemptyset
080072b6 T nxsig_ismember
080072d4 T posix_spawnattr_init
08007314 T posix_spawnattr_destroy
08007318 T snprintf
08007348 T abort
08007350 T exit
08007370 T strtoul
0800745c T lib_checkbase
080074c6 t memoutstream_puts
080074f2 t memoutstream_putc
08007508 T lib_memoutstream
08007530 t nulloutstream_putc
08007538 t nulloutstream_puts
08007544 T lib_nulloutstream
08007564 T lib_noflush
08007568 T lib_vsprintf_internal
0800757c T lib_sprintf
08007596 T lib_vsprintf
0800759c t vsprintf_internal.constprop.0
08007a74 T __ultoa_invert
08007acc T lib_isbasedigit
08007b10 T lib_skipspace
08007b28 T strdup
08007b48 T nx_strdup
08007b68 T memset
08007b78 T strlcpy
08007bb0 T strnlen
08007bc8 T memcpy
08007be4 T strchr
08007bfa T strlen
08007c0c T vsyslog
08007c2c T syslog
08007c48 T cfsetspeed
08007c8c T cfgetspeed
08007c90 T clock_calendar2utc
08007cc4 T clock_daysbeforemonth
08007cdc T clock_isleapyear
08007d08 T tls_get_info
08007d20 t tls_dtor
08007d24 T task_tls_alloc
08007d70 T task_tls_destruct
08007d9c T gethostname
08007dc0 T lib_cxx_initialize
08007dc2 T fflush
08007dec T lib_flushall
08007e3e T lib_fflush_unlocked
08007ea6 T lib_fflush
08007ec0 T flockfile
08007ec6 T funlockfile
08007ecc T lib_get_streams
08007ed6 T lib_get_stream
08007ee8 T lib_bsprintf
08008064 T task_get_info
0800806e T sprintf
0800809c T strtol
08008110 T umm_initialize
0800812c T free
0800813c T malloc
0800815c T realloc
08008180 T zalloc
080081a0 T mm_map_lock
080081bc T mm_map_unlock
080081d4 T mm_map_initialize
080081ea T mm_map_destroy
0800822a T mm_map_add
0800829c T mm_map_find
080082de T mm_map_remove
08008352 T mm_addregion
080083f8 T mm_initialize
0800845e T mm_uninitialize
08008474 T mm_lock
080084ac T mm_unlock
080084b8 T mm_lock_irq
080084c6 T mm_unlock_irq
080084cc T mm_delayfree
080085dc T mm_free
080085e6 t free_delaylist.constprop.0
0800861c T mm_free_delaylist
08008624 T mm_malloc
08008712 T mm_realloc
080089a6 T mm_zalloc
080089be T mm_malloc_size
080089d0 T mm_shrinkchunk
08008aaa T up_saveusercontext
08008adc T up_allocate_heap
08008af4 T arm_addregion
08008b00 t stm32_timerisr
08008b0c T up_timer_initialize
08008b48 T up_idle
08008b4c T stm32_fsmc_enable
08008b5c T stm32_fsmc_disable
08008b6c T up_create_stack
08008bb4 T up_exit
08008be0 T up_initialize
08008bf2 T up_nputs
08008c0a T up_release_stack
08008c30 T up_dump_register
08008ce8 T up_stack_frame
08008d1e T up_use_stack
08008d4c T up_initial_state
08008dd0 t stm32_seteprxcount
08008e14 t stm32_seteptxstatus
08008e2c t stm32_seteprxstatus
08008e44 t stm32_copyfrompma
08008e66 t stm32_reqcomplete
08008ec8 t stm32_setimask
08008ee8 t stm32_epunreserve
08008f0a t stm32_cancelrequests
08008f30 t stm32_epwrite
08008fc4 t stm32_wrrequest
08009056 t stm32_wrrequest_ep0
0800906a t stm32_allocep
08009140 t stm32_initresume
0800917c t stm32_epdisable
080091e8 t stm32_epconfigure
080092e0 t stm32_getframe
08009310 t stm32_selfpowered
0800933c t stm32_freeep
0800938a t stm32_epallocreq
080093c8 t stm32_hwsetup.constprop.0
0800943c t stm32_setdevaddr.constprop.0
08009480 t stm32_ep0in.constprop.0
080094bc t stm32_rdrequest.constprop.0
08009570 t stm32_dispatchrequest.constprop.0
080095b4 t stm32_hwreset.constprop.0
08009654 t stm32_reset.constprop.0
080096ac t stm32_epfreereq
080096da t stm32_epstall
0800981c t stm32_epsubmit
08009980 t stm32_epcancel
080099c0 t stm32_wakeup
08009a1c t stm32_epdone.constprop.0
08009adc t stm32_hpinterrupt
08009b20 t stm32_ep0setup.constprop.0
08009e28 t stm32_lpinterrupt
0800a144 T usbdev_register
0800a1cc T usbdev_unregister
0800a24c T arm_usbuninitialize
0800a2c4 T arm_usbinitialize
0800a30c T nsh_main
0800a34c T nsh_consolemain
0800a374 T nsh_initialize
0800a388 T nsh_update_prompt
0800a3cc T nsh_prompt
0800a3d4 T nsh_session
0800a4e0 t readline_write
0800a4ec t readline_putc
0800a518 t readline_getc
0800a548 T readline_fd
0800a5d0 t nsh_consolelinebuffer
0800a5d6 t nsh_consoleredirect
0800a5f6 t nsh_closeifnotclosed
0800a640 t nsh_consoleundirect
0800a65e t nsh_erroroutput
0800a67c t nsh_consoleoutput
0800a69a t nsh_consoleioctl
0800a6a2 t nsh_consolerelease
0800a6b4 t nsh_consoleexit
0800a6c4 t nsh_consoleread
0800a6fc t nsh_consolewrite
0800a734 T nsh_newconsole
0800a7b8 t nsh_consoleclone
0800a7c4 t nsh_strchr
0800a7e8 t nsh_dequote
0800a812 t nsh_cmdenabled
0800a858 t nsh_strcat
0800a8b0 t nsh_memlist_add
0800a8c4 t nsh_argument
0800abf0 t nsh_saveresult
0800ac60 t nsh_execute
0800ae08 t nsh_parse_command
0800b6b4 T nsh_parse
0800b768 T cmd_break
0800b794 T nsh_script
0800b8a8 T readline_common
0800b968 t alias_delete
0800b9ee t alias_find.isra.0
0800ba0a T alias_init
0800ba2c T nsh_aliasfind
0800ba52 T nsh_aliasfree
0800ba58 T cmd_alias
0800bb8c T cmd_unalias
0800bc10 T nsh_builtin
0800bcfc t cmd_unrecognized
0800bd10 t cmd_true
0800bd14 t cmd_false
0800bd1a t cmd_exit
0800bd24 t cmd_expr
0800bdd0 t help_showcmd
0800bdf4 t help_cmd.isra.0
0800be3c t cmd_help
0800c128 T nsh_command
0800c19c T nsh_dumpbuffer
0800c264 T cmd_xd
0800c2bc T cmd_hexdump
0800c444 t nsh_getwd
0800c458 T nsh_getcwd
0800c464 T nsh_getfullpath
0800c4b4 T nsh_freefullpath
0800c4bc T cmd_cd
0800c580 T cmd_echo
0800c724 T cmd_env
0800c734 T cmd_pwd
0800c754 T cmd_set
0800c864 T cmd_unset
0800c8a0 T nsh_fileapp
0800ca8c t cp_handler
0800cbec t cp_recursive
0800cd18 t unlink_recursive
0800cdec t ls_specialdir
0800ce14 t ls_handler
0800d02c t ls_recursive
0800d0a0 t fdinfo_callback
0800d134 T cmd_basename
0800d17c T cmd_dirname
0800d198 T cmd_cat
0800d22c T cmd_dmesg
0800d2dc T cmd_cp
0800d394 T cmd_ls
0800d514 T cmd_mkdir
0800d5d8 T cmd_mkfifo
0800d62c T cmd_mkrd
0800d734 T cmd_mksmartfs
0800d810 T cmd_mv
0800d894 T cmd_rm
0800d9ac T cmd_rmdir
0800d9fc T cmd_source
0800da08 T cmd_cmp
0800db3c T cmd_truncate
0800dc6c T cmd_fdinfo
0800dcec t getpid_callback
0800dda8 T nsh_catfile
0800ded0 T nsh_readfile
0800df74 T nsh_foreach_direntry
0800dff8 T nsh_trimdir
0800e01c T nsh_trimspaces
0800e058 T nsh_getdirpath
0800e0a8 T nsh_getpid
0800e0e0 T cmd_free
0800e0f0 T cmd_df
0800e124 T cmd_mount
0800e290 T cmd_umount
0800e33c T cmd_printf
0800e418 T ps_readprocfs
0800e498 t ps_callback
0800e7b8 T cmd_exec
0800e800 T cmd_ps
0800e8e4 T cmd_pidof
0800e958 T cmd_kill
0800ea00 T cmd_pkill
0800eac4 T cmd_sleep
0800eb00 T cmd_usleep
0800eb3c T cmd_uptime
0800ed50 T cmd_uname
0800eebc t expression
0800f1c4 T cmd_test
0800f1cc T cmd_lbracket
0800f20c T cmd_time
0800f2c8 T cmd_watch
0800f3b8 T cmd_wait
0800f4cc T exec_builtin
0800f5f4 T issmartfs
0800f636 T mksmartfs
0800f6d0 t sync_reboot_handler
0800f6e4 T fs_initialize
0800f6f8 t fdlist_extend
0800f7b0 t fdlist_get_by_index
0800f7f4 T fdlist_init
0800f808 T fdlist_count
0800f80e T fdlist_get2
0800f844 T fdlist_dupfile
0800f8e2 T file_allocate
0800f8e8 T file_allocate_from_inode
0800f934 T file_deallocate
0800f938 T file_get2
0800f952 T file_ref
0800f96c T file_put
0800f9a2 t task_fssync
0800fa08 t fdlist_install.constprop.0
0800fa5e T fdlist_copy
0800faf2 T fdlist_dup3
0800fb50 T fdlist_dup2
0800fb7e T fdlist_close
0800fbb6 T fdlist_free
0800fbf4 T sync
0800fc00 T inode_initialize
0800fc04 T inode_lock
0800fc10 T inode_rlock
0800fc1c T inode_unlock
0800fc28 T inode_runlock
0800fc34 T inode_addref
0800fc50 T inode_release
0800fc78 t inode_alloc.constprop.0
0800fcc8 T inode_root_reserve
0800fce0 T inode_reserve
0800fd84 T inode_nextname
0800fda8 T inode_search
0800fe78 T file_close
0800fea0 T nx_close
0800febc T close
0800fed8 T file_dup
0800fefc T file_dup2
0800ffa0 T nx_dup2
0800ffc0 t file_vioctl
08010124 T file_ioctl
0801013e T ioctl
080101b2 T file_seek
080101f2 T nx_seek
0801021c T lseek
08010236 T mkdir
080102e2 t file_vopen
0801042a t nx_vopen
08010482 T file_open
080104d0 T fdlist_open
080104ec T nx_open
0801051c T open
0801055c T poll_default_cb
0801057e T poll_notify
080105c2 T file_poll
0801062c t poll_teardown
08010694 T poll
080107a0 T file_readv
0801086a T file_read
0801087e T nx_readv
080108a8 T readv
080108c2 T read
080108d8 T rename
08010b18 T rmdir
08010bc2 T inode_stat
08010c9a T nx_stat
08010d18 T stat
08010d34 T lstat
08010d50 T uio_calc_resid
08010d7c T uio_advance
08010dac T uio_init
08010dc8 T uio_copyfrom
08010e08 T uio_copyto
08010e48 T nx_unlink
08010f26 T unlink
08010f42 T file_writev
08011012 T file_write
08011026 T nx_writev
08011050 T writev
0801106a T write
0801107e t dir_ioctl
080110ac t dir_read
08011188 t dir_close
080111ce t dir_seek
08011290 T dir_allocate
08011340 t dir_open
08011348 T file_fsync
08011380 T file_truncate
080113ae T ftruncate
080113ee T register_driver_with_size
08011432 T register_driver
08011440 T unregister_driver
08011460 T register_pipedriver
080114a0 T unregister_pipedriver
080114b8 T block_proxy
08011578 t mount_findfs
08011594 T nx_mount
08011734 T mount
08011754 T nx_umount2
08011820 T umount2
0801183a t smartfs_dup
08011848 t smartfs_rewinddir
08011854 t smartfs_closedir
08011860 t smartfs_statfs
080118c8 t smartfs_rename
080119dc t smartfs_mkdir
08011a60 t smartfs_rmdir
08011ad4 t smartfs_unlink
08011b30 t smartfs_opendir
08011bb0 t smartfs_bind
08011c1c t smartfs_readdir
08011cf4 t smartfs_sync
08011d20 t smartfs_close
08011d88 t smartfs_truncate
08011dd4 t smartfs_ioctl
08011e20 t smartfs_seek
08011e60 t smartfs_write
08012038 t smartfs_read
08012108 t smartfs_open
08012228 t smartfs_stat_common
0801227c t smartfs_fstat
080122ac t smartfs_stat
08012308 t smartfs_unbind
08012354 T smartfs_mount
080123e8 T smartfs_unmount
08012458 T smartfs_finddirentry
080126ec T smartfs_createentry
080128e4 T smartfs_deleteentry
08012a66 T smartfs_countdirentries
08012ae6 T smartfs_sync_internal
08012b6a T smartfs_seek_internal
08012c44 T smartfs_shrinkfile
08012d1c T smartfs_extendfile
08012e44 T smartfs_get_first_mount
08012e50 t procfs_enum
08012e66 t procfs_read
08012e70 t procfs_write
08012e80 t procfs_poll
08012e92 t procfs_ioctl
08012e98 t procfs_dup
08012ea2 t procfs_rewinddir
08012eb6 t procfs_bind
08012eba t procfs_unbind
08012ec0 t procfs_statfs
08012ed8 t procfs_open
08012f38 t procfs_fstat
08012f60 t procfs_readdir
080130cc t procfs_closedir
080130e8 t procfs_close
08013108 t procfs_stat
0801318c t procfs_opendir
08013294 t cpuinfo_stat
080132ac t cpuinfo_dup
080132ca t cpuinfo_read
080132e6 t cpuinfo_close
080132f6 t cpuinfo_open
0801330e t meminfo_stat
08013326 t meminfo_dup
08013350 t memdump_read
0801338c t meminfo_read
08013474 t meminfo_close
08013484 t meminfo_open
080134a0 t memdump_write
080134e8 T procfs_register_meminfo
080134fc T procfs_unregister_meminfo
0801351c t proc_rewinddir
08013524 t proc_write
0801353c t proc_findnode
08013588 t proc_stat
08013610 t proc_readdir
08013664 t proc_closedir
0801366e t proc_close
08013680 t proc_opendir
08013740 t proc_open
080137c8 t proc_dup
080137f0 t proc_groupenv_callback
0801386c t proc_read
08013ed0 t tcbinfo_running_regs
08013ee8 t tcbinfo_stat
08013f00 t tcbinfo_dup
08013f24 t tcbinfo_close
08013f34 t tcbinfo_open
08013f5c t tcbinfo_read
08013fb4 t uptime_stat
08013fcc t uptime_dup
08014000 t uptime_read
08014064 t uptime_close
08014074 t uptime_open
0801409a T procfs_memcpy
080140c6 T procfs_snprintf
080140ea T procfs_sprintf
08014158 t version_stat
08014170 t version_dup
08014194 t version_read
080141fc t version_close
0801420c t version_open
08014232 T inode_find
08014266 T inode_free
08014284 T inode_getpath
080142d0 T inode_remove
08014354 T find_blockdriver
080143ca T find_mtddriver
08014420 T mtd_proxy
080144c8 t mount_stat
080144e0 t mount_dup
08014504 t mount_read
08014550 t mount_sprintf
08014594 t usage_entry
08014658 t blocks_entry
080146ac t mount_entry
080146d8 t mount_close
080146e8 t mount_open
08014748 T fs_gettype
08014778 t smartfs_read
080147b0 t smartfs_write
080147e8 t smartfs_rewinddir
080147f0 t smartfs_status_read
08014888 t smartfs_debug_write
080148b4 t smartfs_find_dirref
0801498c t smartfs_stat
080149e8 t smartfs_readdir
08014a74 t smartfs_closedir
08014a7e t smartfs_close
08014a8e t smartfs_opendir
08014abe t smartfs_open
08014af4 t smartfs_dup
08014b2c T open_blockdriver
08014b78 t mountpoint_filter
08014c00 T foreach_mountpoint
08014c18 t foreach_inodelevel
08014c90 T foreach_inode
08014cd4 T binfmt_initialize
08014ce2 T binfmt_exit
08014cf6 t builtin_loadbinary
08014d34 T builtin_initialize
08014d40 t elf_unloadbinary
08014d4c t elf_loadbinary
08014dc8 T elf_initialize
08014dd4 T register_binfmt
08014dec T unload_module
08014e14 T __aeabi_drsub
08014e1c T __aeabi_dsub
08014e1c T __subdf3
08014e20 T __adddf3
08014e20 T __aeabi_dadd
08015098 T __aeabi_ui2d
08015098 T __floatunsidf
080150b8 T __aeabi_i2d
080150b8 T __floatsidf
080150dc T __aeabi_f2d
080150dc T __extendsfdf2
08015120 T __aeabi_ul2d
08015120 T __floatundidf
08015130 T __aeabi_l2d
08015130 T __floatdidf
0801518c T __aeabi_uldivmod
080151bc T __udivmoddi4
08015490 W __aeabi_idiv0
08015490 W __aeabi_ldiv0
08015494 T nxclock_gettime
08015518 T clock_gettime
08015534 T getenv
0801558c T env_foreach
080155b8 T nx_pthread_exit
08015608 T pthread_join
080156a8 T nxsched_get_scheduler
080156cc T sched_getscheduler
080156e8 T nxsched_get_stackinfo
0801572c T sysinfo
0801577c T nxsched_ticksleep
080157fc T nxsched_wakeup
08015854 t nxsched_timeout
08015858 T nxsched_usleep
0801586c T nxsched_process_timer
080158ac T nxsched_waitpid
08015a08 T waitpid
08015a22 T nxsched_process_roundrobin
08015a7c T nxsem_tickwait
08015ae0 T nxsem_clockwait
08015b78 T nxsem_timeout
08015b9c T nxsem_post_slow
08015c70 t up_wait
08015c8c T down_read
08015ce0 T up_read
08015d20 T down_write
08015d76 T up_write
08015da0 T nxsig_procmask
08015e10 T nxsig_kill
08015e54 T kill
08015e70 T nxsig_wait_irq
08015ecc t nxsig_timeout
08015ef4 T nxsig_clockwait
08016008 T nxsig_timedwait
080160f8 T nxtask_exit
08016148 T nxsched_gettid
08016164 T posix_spawn
080161a4 T clock_realtime2absticks
080161f4 T sched_yield
0801620c T bchdev_register
08016240 t bch_open
08016270 t bch_seek
080162cc t bch_unlink
08016302 t bch_poll
0801631a t bch_ioctl
080163da t bch_close
08016428 t bch_write
08016474 t bch_read
080164b6 t ftl_open
080164c2 t ftl_ioctl
080164d2 t ftl_unlink
080164f2 t ftl_close
08016518 t ftl_geometry
0801654a t ftl_update_map
08016566 t ftl_mtd_bread
08016658 t ftl_read
0801666a t ftl_mtd_bwrite
080166de t ftl_mtd_erase
08016736 t ftl_write
08016948 T ftl_initialize_by_path
08016a08 T nx_vsyslog
08016a38 T bchlib_setup
08016ac8 T bchlib_teardown
08016afc T bchlib_read
08016bc8 T bchlib_write
08016cc4 T bchlib_flushsector
08016cf8 T bchlib_readsector
08016d42 T boardctl
08016d9a T builtin_isavail
08016dc0 T builtin_for_index
08016ddc T isxdigit
08016df8 T tolower
08016e04 T opendir
08016e3a T closedir
08016e60 T readdir
08016e88 T basename
08016ec8 T dirname
08016f20 T getumask
08016f2c T lib_get_tempbuffer
08016f84 T lib_put_tempbuffer
08016fbc T mkfifo
08016fdc t fnmatch_one.isra.0
080170b0 T fnmatch
080170e8 T libelf_bind
080178e8 T libelf_initialize
0801795c T libelf_load
08017c00 T libelf_loadhdrs
08017c78 T libelf_verifyheader
08017cb0 T libelf_read
08017d08 T libelf_sectname
08017d86 T libelf_findsection
08017dc0 t libelf_symname
08017e3c t findep
08017e44 t libelf_symcallback
08017e68 T libelf_findsymtab
08017ea4 T libelf_readsym
08017ecc T libelf_symvalue
08017f5c T libelf_findglobal
08017fac T libelf_freesymtab
08017fd4 T libelf_freebuffers
08018004 T libelf_uninitialize
08018024 T libelf_unload
08018054 T libelf_uninit
080180c2 T posix_spawn_file_actions_adddup2
080180ea T posix_spawn_file_actions_addopen
08018130 T posix_spawn_file_actions_destroy
08018146 T posix_spawn_file_actions_init
0801814e T posix_spawnattr_setflags
08018154 T posix_spawnattr_setschedparam
0801815c T posix_spawnattr_setschedpolicy
08018162 T posix_spawnattr_setstacksize
08018168 T nx_asprintf
08018182 T asprintf
0801819c T vasprintf
080181f0 T nx_vasprintf
080181f4 T vsnprintf
0801821e T dprintf
08018238 T vdprintf
08018268 T atoi
08018270 T itoa
080182d8 T lib_realpath
08018408 T realpath
0801840e T bsearch
08018444 t rawoutstream_puts
08018470 t rawoutstream_putc
08018488 T lib_rawoutstream
080184a8 t syslograwstream_puts
080184d8 t syslograwstream_putc
08018508 T lib_syslograwstream_open
08018528 t bufferedoutstream_flush
08018542 t bufferedoutstream_puts
0801857a t bufferedoutstream_putc
08018590 T lib_bufferedoutstream
080185b4 T strcspn
080185d0 T memmove
080185f6 T strlcat
0801863c T memcmp
0801866c T strcmp
08018680 T memchr
080186a2 T strcat
080186c2 T strcpy
080186d2 T strncmp
080186f8 T strrchr
08018710 T symtab_findbyname
08018736 T isatty
0801874a T tcgetattr
08018754 T tcsetattr
0801877e T time
0801879c T gmtime
080187a8 T localtime
080187ac T gmtime_r
080188cc T localtime_r
080188d0 T getcwd
08018940 T getopt
08018952 T getoptargp
0801895a T getoptindp
08018964 T getoptoptp
08018970 T sleep
080189a8 T usleep
080189d8 T chdir
08018a5c T truncate
08018a82 T builtin_getname
08018a8e T up_checkarch
08018aa8 T up_relocate
08018d74 T up_relocateadd
08018d7a T libelf_depend
08018db6 T libelf_undepend
08018de6 T libelf_allocbuffer
08018e08 T libelf_reallocbuffer
08018e2c T libelf_registry_lock
08018e38 T libelf_registry_unlock
08018e44 T libelf_registry_foreach
08018e74 T add_file_action
08018e8e T tcflush
08018e98 T tcdrain
08018ea2 T clock_dayoftheweek
08018eee t getopt_long_option
08018fd0 T getopt_common
08019132 T getoptvars
0801913c t mallinfo_handler
0801916c T mm_mallinfo
080191bc T mm_foreach
08019210 t memdump_record_comare
0801922c t memdump_allocnode
08019250 t memdump_handler
08019314 T mm_memdump
08019438 T umm_addregion
08019448 T mallinfo
0801945c T memalign
08019480 T mm_memalign
080195e0 T up_show_cpuinfo
08019760 T buttons_main
080197ec t fbdev_get_pinfo
0801988c T fb_main
08019df4 T hello_main
08019e04 t led_daemon
08019f6c t sigterm_action
08019fa8 T leds_main
0801a00c T lvgldemo_main
0801a070 T lv_demos_create
0801a074 T lv_demos_show_help
0801a078 T buttons_read
0801a0e0 t millis
0801a108 t syslog_print
0801a120 T lv_nuttx_dsc_init
0801a140 T lv_nuttx_init
0801a1ec T lv_nuttx_deinit
0801a23c t flush_cb
0801a328 t display_release_cb
0801a370 t display_refr_timer_cb
0801a3b0 T lv_nuttx_fbdev_create
0801a410 T lv_nuttx_fbdev_set_file
0801a5e4 t free_cb
0801a5f8 t malloc_cb
0801a6f4 T lv_nuttx_image_cache_init
0801a738 T lv_nuttx_image_cache_deinit
0801a774 t indev_reset_check
0801a78c t indev_scroll_throw_anim_completed_cb
0801a7a0 t indev_proc_reset_query_handler
0801a7dc t indev_scroll_throw_anim_cb
0801a81c T lv_indev_create
0801a88c T lv_indev_get_next
0801a8a0 T lv_indev_active
0801a8ac T lv_indev_set_type
0801a8ba T lv_indev_set_read_cb
0801a8c0 T lv_indev_get_type
0801a8c6 T lv_indev_get_state
0801a8cc T lv_indev_get_group
0801a8d4 T lv_indev_get_display
0801a8da T lv_indev_set_display
0801a8e0 T lv_indev_set_group
0801a8f2 T lv_indev_get_point
0801a916 T lv_indev_get_scroll_dir
0801a930 T lv_indev_get_scroll_obj
0801a944 T lv_indev_get_vect
0801a960 T lv_indev_wait_release
0801a96c T lv_indev_get_active_obj
0801a978 T lv_indev_search_obj
0801aa08 t pointer_search_obj
0801aa54 T lv_indev_send_event
0801aa90 T lv_indev_delete
0801aad4 t send_event
0801ab38 t indev_proc_short_click
0801abe0 t indev_proc_press
0801afdc t indev_proc_release
0801b244 T lv_indev_read
0801b9d8 T lv_indev_read_timer_cb
0801b9e0 t indev_reset_core
0801ba78 T lv_indev_reset
0801bab0 t find_snap_point_y
0801bbbc t find_snap_point_x
0801bcc4 t elastic_diff
0801be4c T lv_indev_scroll_throw_predict
0801be7c T lv_indev_scroll_throw_handler
0801c084 T lv_indev_find_scroll_obj
0801c3a8 T lv_indev_scroll_handler
0801c6d4 T lv_is_initialized
0801c6e0 T lv_init
0801c778 T lv_deinit
0801c7f8 t cache_evict_one_internal_no_lock
0801c82a t cache_add_internal_no_lock
0801c878 T lv_cache_create
0801c8d8 T lv_cache_destroy
0801c918 T lv_cache_acquire
0801c96c T lv_cache_release
0801c9c4 T lv_cache_add
0801ca18 T lv_cache_evict_one
0801ca4c T lv_cache_get_max_size
0801ca50 T lv_cache_is_enabled
0801ca5a T lv_cache_set_name
0801ca60 T lv_cache_entry_inc_ref
0801ca7c T lv_cache_entry_dec_ref
0801ca9c T lv_cache_entry_get_ref
0801cab4 T lv_cache_entry_is_invalid
0801cacc T lv_cache_entry_get_data
0801cae4 T lv_cache_entry_acquire_data
0801cb08 T lv_cache_entry_release_data
0801cb30 T lv_cache_entry_get_entry
0801cb48 T lv_cache_entry_get_size
0801cb4c T lv_cache_entry_init
0801cb74 T lv_cache_entry_delete
0801cb94 t image_cache_free_cb
0801cbbc t image_cache_compare_cb
0801cbf0 T lv_image_cache_init
0801cc4c T lv_image_cache_is_enabled
0801cc5c t image_header_cache_free_cb
0801cc6a t image_header_cache_compare_cb
0801cca0 T lv_image_header_cache_init
0801ccfc T lv_image_header_cache_is_enabled
0801cd0c t remove_anim
0801cd30 T lv_anim_path_linear
0801cd56 t lv_anim_path_cubic_bezier
0801cd90 t convert_speed_to_time
0801cdc4 t resolve_time
0801ce00 t anim_mark_list_change
0801ce30 t remove_concurrent_anims.isra.0
0801cea0 t anim_timer
0801d040 T lv_anim_core_init
0801d070 T lv_anim_init
0801d0a4 T lv_anim_start
0801d13c T lv_anim_delete
0801d184 T lv_anim_delete_all
0801d1a0 T lv_anim_core_deinit
0801d1a4 T lv_anim_get
0801d1d4 T lv_anim_speed_clamped
0801d216 T lv_anim_path_ease_out
0801d230 T lv_anim_path_step
0801d23e T lv_anim_path_custom_bezier3
0801d25c T lv_anim_set_var
0801d260 T lv_anim_set_exec_cb
0801d264 T lv_anim_set_duration
0801d268 T lv_anim_set_delay
0801d26e T lv_anim_set_values
0801d27a T lv_anim_set_path_cb
0801d27e T lv_anim_set_start_cb
0801d282 T lv_anim_set_completed_cb
0801d286 T lv_anim_set_deleted_cb
0801d28a T lv_anim_set_playback_duration
0801d28e T lv_anim_set_playback_delay
0801d292 T lv_anim_set_repeat_count
0801d296 T lv_anim_set_repeat_delay
0801d29a T lv_anim_set_early_apply
0801d2a8 T lv_anim_set_user_data
0801d2ac T lv_anim_set_bezier3_param
0801d2c2 t lv_point_within_circle
0801d2f4 T lv_area_set
0801d300 T lv_area_set_width
0801d30a T lv_area_set_height
0801d314 T lv_area_get_size
0801d328 T lv_area_increase
0801d342 T lv_area_move
0801d35c T lv_area_intersect
0801d3a2 T lv_area_join
0801d3d6 T lv_area_is_point_on
0801d4b0 T lv_area_is_on
0801d4da T lv_area_is_in
0801d552 T lv_area_diff
0801d64a T lv_area_is_out
0801d6c8 T lv_area_align
0801d844 T lv_point_array_transform
0801d9da T lv_point_transform
0801d9f6 T lv_area_get_width
0801da00 T lv_area_get_height
0801da0a T lv_point_from_precise
0801da14 T lv_point_to_precise
0801da1e T lv_point_set
0801da24 T lv_point_swap
0801da3c T lv_pct
0801da64 T lv_pct_to_px
0801da96 t cleanup_event_list_core
0801daee t cleanup_event_list
0801db0c T lv_event_push
0801db1c T lv_event_pop
0801db28 T lv_event_send
0801dbe8 T lv_event_add
0801dc34 T lv_event_remove_all
0801dc7c T lv_event_get_current_target
0801dc80 T lv_event_get_target
0801dc84 T lv_event_get_code
0801dc8c T lv_event_get_param
0801dc90 T lv_event_get_user_data
0801dc94 T lv_event_mark_deleted
0801dcb8 T lv_fs_init
0801dcc4 T lv_fs_deinit
0801dcd0 T lv_fs_close
0801dd14 T lv_fs_read
0801dee0 T lv_fs_seek
0801df54 T lv_fs_get_drv
0801df80 T lv_fs_open
0801e038 T lv_fs_get_ext
0801e064 T lv_iter_create
0801e0a8 t node_set_prev
0801e0b0 t node_set_next
0801e0ba T lv_ll_init
0801e0ca T lv_ll_ins_head
0801e100 T lv_ll_ins_prev
0801e156 T lv_ll_ins_tail
0801e18e T lv_ll_remove
0801e1e0 T lv_ll_clear_custom
0801e20e T lv_ll_get_head
0801e214 T lv_ll_get_tail
0801e21a T lv_ll_get_next
0801e222 T lv_ll_get_prev
0801e228 T lv_ll_get_len
0801e240 T lv_ll_move_before
0801e28e T lv_ll_is_empty
0801e2a6 T lv_ll_clear
0801e2ac T lv_log_register_print_cb
0801e2b8 T lv_trigo_sin
0801e330 T lv_cubic_bezier
0801e434 T lv_atan2
0801e4d0 T lv_pow
0801e500 T lv_map
0801e534 T lv_rand_set_seed
0801e540 T lv_trigo_cos
0801e548 t lv_timer_handler_resume
0801e564 T lv_timer_core_init
0801e580 T lv_timer_create
0801e5dc T lv_timer_set_cb
0801e5f4 T lv_timer_delete
0801e614 T lv_timer_pause
0801e630 T lv_timer_handler
0801e794 T lv_timer_resume
0801e7b8 T lv_timer_ready
0801e7dc T lv_timer_core_deinit
0801e7f0 T lv_timer_get_next
0801e804 T lv_timer_get_user_data
0801e808 T lv_timer_get_paused
0801e810 T lv_os_init
0801e812 T lv_lock
0801e814 T lv_unlock
0801e816 T lv_mutex_init
0801e81a T lv_mutex_lock
0801e81e T lv_mutex_unlock
0801e822 T lv_mutex_delete
0801e828 T lv_mem_init
0801e874 T lv_mem_deinit
0801e890 T lv_malloc_core
0801e8c8 T lv_realloc_core
0801e918 T lv_free_core
0801e944 t _out_buffer
0801e94c t _out_null
0801e94e t _ntoa_format
0801eaa6 t _ntoa_long
0801eb2a t _ntoa_long_long
0801ebcc t lv_vsnprintf_inner
0801f09c T lv_snprintf
0801f0c4 T lv_vsnprintf
0801f0e0 T lv_memcpy
0801f2d2 T lv_memset
0801f320 T lv_memmove
0801f360 T lv_strlen
0801f36e T lv_strcpy
0801f37e T lv_strcmp
0801f394 T lv_strdup
0801f3b4 t remove_free_block
0801f410 t block_next
0801f430 t block_link_next
0801f43c t block_split
0801f4b8 t adjust_request_size
0801f4ec t block_absorb
0801f51c t mapping_insert
0801f544 t block_insert
0801f5b4 t block_prepare_used
0801f628 t block_remove
0801f64c t block_merge_next
0801f698 t block_locate_free
0801f754 T lv_tlsf_block_size
0801f760 T lv_tlsf_add_pool
0801f7a4 T lv_tlsf_create
0801f7dc T lv_tlsf_create_with_pool
0801f7f8 T lv_tlsf_destroy
0801f7fa T lv_tlsf_get_pool
0801f800 T lv_tlsf_malloc
0801f824 T lv_tlsf_free
0801f8b0 T lv_tlsf_realloc
0801f9b4 T lv_malloc
0801f9c4 T lv_malloc_zeroed
0801f9e8 T lv_free
0801f9fc T lv_realloc
0801fa24 t theme_apply
080207f8 t lv_style_set_pad_gap
0802080e t lv_style_set_pad_ver
08020824 t grey_filter_cb
0802088c t dark_color_filter_cb
08020898 t lv_style_set_pad_hor
080208ae t lv_style_set_pad_all
080208d4 t style_init_reset
080208ec T lv_theme_default_deinit
08020924 T lv_theme_default_is_inited
08020938 T lv_theme_default_init
08022158 T lv_theme_default_get
0802216c T lv_theme_simple_deinit
080221a4 T lv_tick_get
080221c8 T lv_tick_elaps
080221d4 T lv_tick_set_cb
080221e0 t get_angle
0802223a t lv_arc_angle_within_bg_bounds
080222be t lv_obj_get_style_arc_width
080222cc t lv_obj_get_style_pad_left
080222da t lv_obj_get_style_pad_right
080222e8 t lv_obj_get_style_pad_top
080222f6 t lv_obj_get_style_pad_bottom
08022304 t get_center
0802238a t get_knob_area
0802243c t lv_arc_constructor
080224ac t inv_arc_area
08022540 t knob_get_extra_size
080225ea t inv_knob_area
08022622 T lv_arc_set_start_angle
0802268a T lv_arc_set_end_angle
080226f2 T lv_arc_set_angles
0802270a t value_update
080227b8 T lv_arc_set_bg_start_angle
08022816 T lv_arc_set_bg_end_angle
08022874 T lv_arc_set_bg_angles
0802288c T lv_arc_set_rotation
080228a8 T lv_arc_set_value
080228d0 t lv_arc_event
08022e3c t lv_bar_destructor
08022e58 t lv_bar_anim_completed
08022e82 t lv_bar_anim
08022e8c t lv_bar_set_value_with_anim
08022f38 T lv_bar_set_value
08022f6e t lv_bar_constructor
08022fc8 T lv_bar_set_start_value
08023006 T lv_bar_get_value
08023012 T lv_bar_get_start_value
0802302e T lv_bar_get_mode
08023038 T lv_bar_is_symmetrical
08023060 t draw_indic
08023500 t lv_bar_event
080235c4 t lv_button_constructor
080235e0 T lv_button_create
080235f8 t lv_buttonmatrix_destructor
08023610 t lv_obj_get_style_pad_column.constprop.0
08023620 t lv_buttonmatrix_set_map.part.0
0802388c t lv_buttonmatrix_constructor
080238b8 t draw_main
08023be0 t get_button_from_point
08023d34 t invalidate_button_area
08023de8 T lv_buttonmatrix_create
08023e00 T lv_buttonmatrix_set_map
08023e08 T lv_buttonmatrix_set_ctrl_map
08023e22 T lv_buttonmatrix_set_selected_button
08023e4e T lv_buttonmatrix_clear_button_ctrl
08023e7c T lv_buttonmatrix_clear_button_ctrl_all
08023e9a T lv_buttonmatrix_set_button_ctrl
08023ee0 T lv_buttonmatrix_set_button_ctrl_all
08023efe T lv_buttonmatrix_get_selected_button
08023f04 T lv_buttonmatrix_get_button_text
08023f5c T lv_buttonmatrix_has_button_ctrl
08023f78 t make_one_button_checked
08023fa4 t lv_buttonmatrix_event
08024410 t get_month_length
08024470 t draw_task_added_event_cb
0802455e t get_day_of_week.constprop.0
080245aa t highlight_update
0802462c T lv_calendar_set_showed_date
08024764 t lv_calendar_constructor
08024868 T lv_calendar_get_showed_date
0802486c t my_constructor
08024950 t value_changed_event_cb
080249a0 t month_event_cb
08024a34 t my_constructor
08024ac4 t value_changed_event_cb
08024b2c t month_event_cb
08024b5c t year_event_cb
08024bbe t lv_obj_get_style_width
08024bcc t lv_obj_get_style_pad_column
08024bda t lv_chart_destructor
08024c46 t lv_chart_constructor
08024c96 t lv_obj_get_style_border_width.constprop.0
08024ca6 t lv_obj_get_style_pad_left.constprop.0
08024cb6 t invalidate_point
08024ddc t lv_obj_get_style_pad_top.constprop.0
08024dec t draw_series_line
08025184 T lv_chart_get_point_pos_by_id
08025320 t draw_cursors
080254e4 t lv_chart_event
08025c78 t lv_checkbox_constructor
08025cb8 t lv_checkbox_destructor
08025cd0 t lv_checkbox_draw
08025ecc t lv_checkbox_event
08025fe4 t lv_dropdownlist_destructor
08025fec t get_label
08025ff8 t position_to_selected
08026050 t lv_dropdownlist_constructor
08026082 t lv_dropdown_destructor
080260a6 t draw_box_label
08026184 t draw_box
08026234 t get_id_on_point
0802627c T lv_dropdown_create
08026294 T lv_dropdown_set_options
0802631c T lv_dropdown_set_options_static
08026384 t lv_dropdown_constructor
080263e8 T lv_dropdown_set_selected
08026414 T lv_dropdown_get_options
08026424 T lv_dropdown_get_selected
08026428 T lv_dropdown_get_selected_str
08026480 t draw_main
08026670 T lv_dropdown_open
0802686a T lv_dropdown_close
08026890 t lv_dropdown_list_event
08026a4c T lv_dropdown_is_open
08026a5e t btn_release_handler.isra.0
08026ad8 t lv_dropdown_event
08026c1c t lv_keyboard_update_ctrl_map
08026c84 t lv_keyboard_update_map
08026ca4 t lv_keyboard_constructor
08026cf4 T lv_keyboard_def_event_cb
08026ee4 t lv_label_dot_tmp_free
08026f0a t lv_label_destructor
08026f28 t set_ofs_y_anim
08026f2e t set_ofs_x_anim
08026f34 t calculate_x_coordinate
08026f8e t overwrite_anim_property
08026fcc t lv_label_revert_dots
0802702c t lv_obj_get_style_text_line_space.constprop.0
0802703c t lv_obj_get_style_text_letter_space.constprop.0
0802704c t lv_obj_get_style_text_font.constprop.0
0802705c t get_label_flags
080270b0 T lv_label_create
080270c8 T lv_label_set_text_selection_start
080270ce T lv_label_set_text_selection_end
080270d4 T lv_label_get_text
080270d8 T lv_label_get_letter_pos
08027250 T lv_label_get_letter_on
080273fc t lv_label_refr_text
080278f8 T lv_label_set_text
08027974 T lv_label_set_text_fmt
080279cc T lv_label_set_text_static
08027a00 T lv_label_set_long_mode
08027a68 t lv_label_constructor
08027acc t lv_label_event
08027e28 T lv_label_is_char_under_pos
08027fd0 T lv_label_get_text_selection_start
08027fd4 T lv_label_get_text_selection_end
08027fd8 T lv_label_get_recolor
08027fe4 T lv_label_ins_text
08028058 t lv_led_event
08028424 t lv_led_constructor
0802844a t resolve_point_coord
08028486 t lv_line_constructor
080284a0 t lv_line_event
08028640 t lv_menu_destructor
08028648 t lv_menu_section_constructor
08028660 t lv_menu_cont_constructor
08028684 t lv_menu_constructor
080287bc t lv_menu_value_changed_event_cb
0802880c t lv_menu_page_destructor
08028828 t lv_menu_page_constructor
0802885c t lv_menu_refr_main_header_mode
080288c6 T lv_menu_back_button_is_root
080288e8 T lv_menu_clear_history
080288fc T lv_menu_set_page
080289d8 t lv_menu_back_event_cb
08028a68 t set_y_anim
08028a6c t lv_obj_get_style_text_font
08028a7a t get_label
08028a80 t lv_obj_get_style_text_line_space.constprop.0
08028a90 t get_sel_area
08028afe t inf_normalize
08028b7a t scroll_anim_completed_cb
08028b8c t refr_position
08028cb0 t draw_main
08028e5c t transform_vect_recursive
08028ee0 t get_selected_label_width
08028f30 t lv_roller_label_event
080290a4 T lv_roller_set_options
080291c4 t lv_roller_constructor
08029210 T lv_roller_set_selected
08029264 t lv_roller_event
0802957c t scale_find_section_tick_idx
08029602 t lv_obj_get_style_line_color
0802962a t lv_obj_get_style_pad_right
08029638 t lv_obj_get_style_pad_left
08029646 t lv_obj_get_style_pad_top
08029654 t lv_obj_get_style_pad_bottom
08029662 t scale_get_center
080296e4 t scale_get_label_coords
080297e4 t lv_scale_destructor
08029810 t lv_scale_constructor
08029860 t scale_set_line_properties
08029926 t scale_draw_main
08029c80 t scale_get_tick_points
08029f2a t scale_calculate_main_compensation
0802a110 t scale_draw_indicator
0802a50c t lv_scale_event
0802a590 t is_slider_horizontal
0802a5aa t lv_slider_constructor
0802a604 t position_knob
0802a6c2 T lv_slider_get_mode
0802a6d4 t update_knob_pos
0802a9ac t draw_knob
0802aae8 t lv_slider_event
0802ae30 T lv_span_stack_init
0802ae58 T lv_span_stack_deinit
0802ae68 t lv_spinbox_updatevalue
0802af5c t lv_spinbox_constructor
0802afac T lv_spinbox_step_next
0802afc4 T lv_spinbox_step_prev
0802afe8 T lv_spinbox_increment
0802b028 T lv_spinbox_decrement
0802b068 t lv_spinbox_event
0802b1dc t arc_anim_start_angle
0802b1e0 t arc_anim_end_angle
0802b1e4 T lv_spinner_set_anim_params
0802b28c t lv_spinner_constructor
0802b2a8 t lv_switch_anim_completed
0802b2b4 t lv_switch_anim_exec_cb
0802b2ba t lv_switch_destructor
0802b2c2 t lv_switch_constructor
0802b2f6 t draw_main
0802b49c t lv_switch_event
0802b5f8 t lv_obj_get_style_pad_left
0802b606 t lv_obj_get_style_pad_right
0802b614 t lv_obj_get_style_pad_top
0802b622 t get_row_height
0802b6fe t lv_table_destructor
0802b754 t lv_table_constructor
0802b790 t get_cell_area
0802b85e t scroll_to_selected_cell
0802b8cc t refr_size_form_row.constprop.0
0802b9a4 t draw_main
0802bde0 t lv_table_event
0802c038 T lv_tabview_get_content
0802c03e T lv_tabview_get_tab_bar
0802c044 T lv_tabview_set_tab_bar_position
0802c150 t lv_tabview_constructor
0802c1b4 T lv_tabview_get_tab_count
0802c1c8 T lv_tabview_set_active
0802c298 t lv_tabview_event
0802c2cc t cont_scroll_end_event_cb
0802c384 t pwd_char_hider_anim
0802c386 t lv_textarea_destructor
0802c3b0 t cursor_blink_anim_cb
0802c3f8 t start_cursor_blink
0802c478 t lv_obj_get_style_text_font.constprop.0
0802c488 t refr_cursor_area
0802c650 t label_event_cb
0802c688 T lv_textarea_set_cursor_pos
0802c768 t lv_textarea_constructor
0802c7fc T lv_textarea_set_cursor_click_pos
0802c80a T lv_textarea_set_one_line
0802c876 T lv_textarea_get_text
0802c888 T lv_textarea_get_cursor_pos
0802c88c T lv_textarea_get_password_bullet
0802c8bc t pwd_char_hider
0802c944 t auto_hide_characters
0802c9a8 t pwd_char_hider_anim_completed
0802c9ae T lv_textarea_get_one_line
0802c9b8 T lv_textarea_clear_selection
0802c9f0 T lv_textarea_add_text
0802cadc t insert_handler
0802cb1c T lv_textarea_add_char
0802cc1c T lv_textarea_delete_char
0802ccbc T lv_textarea_delete_char_forward
0802ccdc T lv_textarea_set_text
0802cdb4 T lv_textarea_cursor_right
0802cdbc T lv_textarea_cursor_left
0802cdc8 T lv_textarea_cursor_down
0802ce20 T lv_textarea_cursor_up
0802ce70 t lv_textarea_event
0802d2c4 t lv_tileview_constructor
0802d304 t tileview_event_cb
0802d3b8 t lv_tileview_tile_constructor
0802d3d4 t lv_win_constructor
0802d454 T adb_log_impl
0802d494 T adb_reboot_impl
0802d4a8 T adbd_main
0802d51c T adb_hal_create_context
0802d540 T adb_hal_destroy_context
0802d542 T adb_hal_create_client
0802d546 T adb_hal_destroy_client
0802d54c T adb_hal_run
0802d574 T adb_uv_create_client
0802d584 T adb_uv_close_client
0802d5a0 t usb_uv_on_data_available
0802d5ac t usb_uv_allocate_frame
0802d5b4 t usb_uv_close
0802d5d4 t usb_uv_on_close
0802d5dc t usb_uv_write
0802d644 t usb_uv_kick
0802d684 T adb_uv_usb_setup
0802d7fc T adb_hal_apacket_release
0802d838 T adb_uv_packet_allocate
0802d87c T adb_uv_after_write
0802d8d0 T adb_uv_allocate_frame
0802d91c T adb_uv_on_data_available
0802d9fc t print_usage
0802da24 t dd_read
0802daa0 T dd_main
0802e09c t uv__run_pending
0802e0e8 t uv__update_time
0802e104 t uv__loop_alive
0802e126 t uv__backend_timeout
0802e15c T uv_hrtime
0802e164 T uv__make_close_pending
0802e198 T uv_close
0802e238 T uv__getiovmax
0802e240 T uv_run
0802e3dc T uv_is_active
0802e3e4 T uv__close_nocheckstdio
0802e42c T uv__close
0802e44c T uv__nonblock_ioctl
0802e47e T uv__nonblock_fcntl
0802e4e6 T uv__cloexec
0802e518 T uv__recvmsg
0802e580 T uv_fileno
0802e5bc T uv__io_init
0802e5f8 T uv__io_start
0802e6f4 T uv__io_stop
0802e784 T uv__io_close
0802e7ac T uv__io_feed
0802e7c4 T uv__io_active
0802e7f4 T uv__fd_exists
0802e80c T uv__open_cloexec
0802e824 t timer_close_cb
0802e880 T uv_fs_poll_stop
0802e8dc T uv__fs_poll_close
0802e8f4 t uv__queue_remove
0802e900 t uv__epoll_ctl_flush
0802e9e0 t uv__epoll_ctl_prep
0802ea9e t uv__iou_delete.part.0
0802eac0 t maybe_free_watcher_list
0802ed20 t find_watcher
0802ed3a T uv__platform_loop_init
0802ed6e T uv__platform_loop_delete
0802edba T uv__platform_invalidate_fd
0802ee1a T uv__io_check_fd
0802ee6c T uv__statx_to_stat
0802ef00 T uv__io_poll
0802f340 T uv_fs_event_stop
0802f39c T uv__fs_event_close
0802f3a0 t uv__queue_move
0802f3be t uv__queue_remove
0802f3ca T uv_prepare_stop
0802f3fa T uv__run_prepare
0802f432 T uv__prepare_close
0802f436 T uv_check_stop
0802f466 T uv__run_check
0802f49e T uv__check_close
0802f4a2 T uv_idle_stop
0802f4d2 T uv__run_idle
0802f50a T uv__idle_close
0802f50e t uv__global_free
0802f524 T uv__process_title_cleanup
0802f526 T getsockopt
0802f538 T recvmsg
0802f53e T sendmsg
0802f544 T shutdown
0802f54a T uv__tcp_close
0802f54c T uv__tcp_nodelay
0802f552 T uv__tcp_keepalive
0802f558 T uv__udp_close
0802f55a T uv__udp_finish_close
0802f55c T uv__global_get
0802f5e0 T inotify_rm_watch
0802f5e6 T uv_pipe_init
0802f5fe T uv__pipe_close
0802f624 T uv_pipe_open
0802f68c T uv_pipe
0802f708 T uv__make_pipe
0802f712 t uv__poll_io
0802f782 t uv__poll_stop
0802f7b8 T uv_poll_init
0802f828 T uv_poll_stop
0802f848 T uv_poll_start
0802f8e0 T uv__poll_close
0802f8e4 T uv__hrtime
0802f90c t uv__signal_unlock
0802f942 t uv__signal_lock
0802f972 t uv__signal_block_and_lock
0802f9a2 t uv__signal_unlock_and_unblock
0802f9c0 t uv__signal_register_handler
0802fa08 t uv__signal_compare
0802fa44 t uv__signal_loop_once_init
0802fa84 t uv__signal_first_handle
0802fac8 t uv__signal_handler
0802fb78 t uv__signal_stop
0802fe48 t uv__signal_event
0802fefc t uv__signal_start
080300f4 T uv__signal_cleanup
08030140 t uv__signal_global_reinit
08030164 t uv__signal_global_init
08030190 T uv__signal_global_once_init
080301a8 T uv__signal_loop_cleanup
080301f4 T uv_signal_init
08030226 T uv__signal_close
0803022a T uv_signal_start
08030230 T uv_signal_stop
08030254 T uv_kill
08030266 T uv_process_kill
0803026c T uv__process_close
080302a8 t uv__check_before_write
08030320 t uv__stream_eof
0803036c t uv__read
080305fc t uv__write_req_finish
08030644 t uv__drain
080306d4 t uv__try_write
080307c8 t uv__write
080308bc t uv__write_callbacks
08030958 T uv__stream_init
080309e8 T uv__stream_open
08030a50 T uv__stream_flush_write_queue
08030a7c t uv__stream_io
08030bd4 T uv__stream_destroy
08030c44 T uv_write2
08030d14 T uv_write
08030d28 T uv__read_start
08030d9c T uv_read_stop
08030ddc T uv__stream_close
08030e84 T uv_thread_join
08030e92 T uv_mutex_init
08030ec8 T uv_mutex_destroy
08030ed6 T uv_mutex_lock
08030ee4 T uv_mutex_unlock
08030ef2 T uv_rwlock_init
08030efe T uv_rwlock_destroy
08030f0c T uv_once
08030f1a T uv_cond_destroy
08030f28 T uv_cond_signal
08030f36 t uv__cancelled
08030f3c t post
08030fb2 T uv__threadpool_cleanup
0803102c T uv__work_done
080310d0 t heap_node_swap
08031124 t timer_less_than
0803115c T uv_timer_stop
08031260 T uv_timer_start
08031350 T uv_timer_again
08031380 T uv__next_timeout
080313b8 T uv__run_timers
080313ee T uv__timer_close
080313f4 T uv__malloc
08031404 T uv__strdup
08031424 t uv__unknown_err_code
08031450 T uv__free
08031470 T uv__calloc
0803147c T uv__realloc
08031498 T uv__reallocf
080314b2 T uv_buf_init
080314b8 T uv_strerror
08031a04 T uv__count_bufs
08031a1e T uv_default_loop
08031a56 T uv_read_start
08031a86 T uv_library_shutdown
08031ab0 T uv__metrics_update_idle_time
08031b08 T uv__metrics_set_provider_entry_time
08031b38 T sh_main
08031b3c t print_usage
08031be4 T search_str_in_arr
08031c0c T are_valid_args
08031c38 T nxdiag_main
08031db4 t handler
08031dc0 t show_usages
08031dd4 t get_cpu
08031e60 t get_heap
08031edc t get_stack
08031f58 t print_result
08032194 t transfer.constprop.0
08032220 T showinfo_main
0803264c t get_indev
08032684 t focus_next_core
0803276c T lv_group_init
08032778 T lv_group_deinit
08032784 T lv_group_create
080327c4 T lv_group_set_default
080327d0 T lv_group_get_default
080327dc T lv_group_focus_next
08032814 T lv_group_focus_prev
0803284c T lv_group_remove_obj
080328fc T lv_group_add_obj
08032964 T lv_group_get_focused
08032970 T lv_group_send_data
080329ac T lv_group_set_editing
080329fc T lv_group_focus_obj
08032a86 T lv_group_get_editing
08032a90 T lv_group_get_obj_count
08032aac t lv_obj_constructor
08032b20 t update_obj_state
08032cd4 t lv_obj_draw
08033060 T lv_obj_create
08033088 T lv_obj_remove_flag
08033108 T lv_obj_add_state
08033136 T lv_obj_remove_state
08033148 T lv_obj_set_state
08033152 T lv_obj_has_flag
08033160 T lv_obj_has_flag_any
0803316c T lv_obj_get_state
08033170 T lv_obj_has_state
0803317c T lv_obj_get_group
08033184 t lv_obj_event
080334d6 t lv_obj_destructor
0803352e T lv_obj_add_flag
080335bc T lv_obj_allocate_spec_attr
080335f8 T lv_obj_check_type
08033604 t lv_obj_construct
08033628 T lv_obj_class_create_obj
080336ec T lv_obj_destruct
08033706 T lv_obj_is_editable
0803371c T lv_obj_is_group_def
08033732 T lv_obj_class_init_obj
080337a8 t lv_obj_get_style_bg_color_filtered
080337de t lv_obj_get_style_text_color_filtered
08033814 T lv_obj_init_draw_rect_dsc
08033b94 T lv_obj_init_draw_label_dsc
08033c5c T lv_obj_init_draw_image_dsc
08033d14 T lv_obj_init_draw_line_dsc
08033de0 T lv_obj_init_draw_arc_dsc
08033e7e T lv_obj_calculate_ext_draw_size
08033f4e T lv_obj_get_ext_draw_size
08033f56 T lv_obj_refresh_ext_draw_size
08033f98 T lv_obj_get_layer_type
08033fa6 T lv_obj_event_base
08033fd4 t event_send_core
080340d8 T lv_obj_send_event
08034114 T lv_obj_add_event_cb
08034138 T lv_event_get_indev
08034154 T lv_event_get_layer
08034164 T lv_event_get_key
0803417c T lv_event_get_rotary_diff
08034194 T lv_event_set_ext_draw_size
080341ae t lv_obj_get_style_base_dir.constprop.0
080341c0 t lv_obj_get_style_space_left.constprop.0
080341f4 t transform_point_array
0803432a t lv_obj_get_style_space_bottom.constprop.0
0803435e t lv_obj_get_style_space_top.constprop.0
08034392 t lv_obj_get_style_space_right.constprop.0
080343c6 T lv_obj_set_x
080343f4 T lv_obj_set_y
08034422 T lv_obj_set_pos
08034438 T lv_obj_set_width
08034466 T lv_obj_set_height
08034494 T lv_obj_set_size
080344ac T lv_obj_is_layout_positioned
080344e0 T lv_obj_mark_layout_as_dirty
0803450e T lv_obj_set_layout
08034524 T lv_obj_align
08034540 T lv_obj_get_coords
08034552 T lv_obj_get_x
08034578 T lv_obj_get_y
0803459e T lv_obj_get_y2
080345b4 T lv_obj_get_y_aligned
080345c4 T lv_obj_get_width
080345ca T lv_obj_get_height
080345d0 T lv_obj_get_content_width
080345f0 T lv_obj_get_content_height
08034610 T lv_obj_get_content_coords
08034658 T lv_obj_get_self_width
08034678 T lv_obj_get_self_height
08034698 T lv_obj_refresh_self_size
080346d0 T lv_obj_move_children_by
08034734 T lv_obj_transform_point_array
080347aa T lv_obj_transform_point
080347b2 T lv_obj_get_transformed_area
08034846 T lv_obj_area_is_visible
08034942 T lv_obj_invalidate_area
08034998 T lv_obj_invalidate
080349c6 T lv_obj_move_to
08034ab8 T lv_obj_refr_pos
08034cd8 T lv_obj_is_visible
08034d06 T lv_obj_set_ext_click_area
08034d16 T lv_obj_get_click_area
08034d38 T lv_obj_hit_test
08034d8e T lv_clamp_width
08034e04 T lv_obj_refr_size
0803538c t layout_update_core
080353f0 T lv_obj_update_layout
0803542c T lv_obj_align_to
0803584c t lv_obj_get_style_base_dir
0803585c t scroll_end_cb
08035870 t lv_obj_get_style_space_left.constprop.0
080358a4 t lv_obj_get_style_space_bottom.constprop.0
080358d8 t lv_obj_get_style_space_top.constprop.0
0803590c t lv_obj_get_style_space_right.constprop.0
08035940 T lv_obj_set_scrollbar_mode
0803596c T lv_obj_set_scroll_dir
0803598a T lv_obj_set_scroll_snap_x
080359a4 T lv_obj_set_scroll_snap_y
080359be T lv_obj_get_scrollbar_mode
080359d0 T lv_obj_get_scroll_dir
080359e0 T lv_obj_get_scroll_snap_x
080359ee T lv_obj_get_scroll_snap_y
080359fc T lv_obj_get_scroll_x
08035a06 T lv_obj_get_scroll_y
08035a10 T lv_obj_get_scroll_top
08035a14 T lv_obj_get_scroll_bottom
08035aac T lv_obj_get_scroll_left
08035b64 T lv_obj_get_scroll_right
08035c10 T lv_obj_get_scroll_end
08035c50 T lv_obj_scroll_by_raw
08035c9c t scroll_y_anim
08035cb2 t scroll_x_anim
08035cc8 T lv_obj_scroll_by
08035de8 T lv_obj_scroll_by_bounded
08035ea0 T lv_obj_scroll_to_x
08035ec8 T lv_obj_scroll_to_y
08035ef0 T lv_obj_scroll_to
08035f0c t scroll_area_into_view
08036144 T lv_obj_scroll_to_view_recursive
0803617c T lv_obj_get_scrollbar_area
08036784 T lv_obj_scrollbar_invalidate
080367c6 T lv_obj_readjust_scroll
08036856 t refresh_children_style
08036890 t lv_style_get_prop_inlined
080368d4 t get_prop_core
080369b0 t get_selector_style_prop.constprop.0
08036a34 t trans_delete.isra.0
08036ad4 t get_trans_style
08036b84 t style_has_flag.constprop.0
08036bcc T lv_obj_style_init
08036bd8 T lv_obj_style_deinit
08036bf8 T lv_obj_enable_style_refresh
08036c04 T lv_obj_get_style_prop
08036c40 T lv_obj_get_local_style_prop
08036c76 T lv_obj_style_apply_color_filter
08036cc4 T lv_obj_style_state_compare
08036eb6 T lv_obj_calculate_style_text_align
08036edc T lv_obj_get_style_opa_recursive
08036f3c T lv_obj_update_layer_type
08036ff8 T lv_obj_refresh_style
080370ec T lv_obj_remove_style
080371f8 T lv_obj_remove_style_all
08037204 t trans_anim_completed_cb
080372ac T lv_obj_add_style
0803738c t report_style_change_core
080373dc T lv_obj_report_style_change
08037418 T lv_obj_set_local_style_prop
0803752c T lv_obj_remove_local_style_prop
08037580 T lv_obj_style_create_transition
080376f4 t trans_anim_start_cb
08037740 t trans_anim_cb
080378a0 T lv_obj_set_style_width
080378ae T lv_obj_set_style_min_width
080378bc T lv_obj_set_style_height
080378ca T lv_obj_set_style_x
080378d8 T lv_obj_set_style_y
080378e6 T lv_obj_set_style_align
080378f4 T lv_obj_set_style_bg_image_src
08037902 T lv_obj_set_style_text_align
08037910 T lv_obj_set_style_layout
0803791e T lv_obj_set_style_base_dir
0803792c T lv_obj_set_style_flex_flow
0803793a T lv_obj_set_style_flex_main_place
08037948 T lv_obj_set_style_flex_cross_place
08037956 T lv_obj_set_style_flex_track_place
08037964 T lv_obj_set_style_flex_grow
08037972 t obj_indev_reset
08037990 T lv_obj_get_screen
0803799c T lv_obj_get_display
080379e0 T lv_obj_get_parent
080379e6 T lv_obj_get_child
08037a04 T lv_obj_get_child_by_type
08037a4c T lv_obj_get_child_count
08037a54 t walk_core
08037ac2 T lv_obj_get_child_count_by_type
08037aec T lv_obj_get_index
08037b24 t obj_delete_core
08037c84 T lv_obj_delete
08037ce8 t lv_obj_delete_async_cb
08037cec T lv_obj_set_parent
08037dd0 T lv_obj_move_to_index
08037e5c T lv_obj_tree_walk
08037e60 t wait_for_flushing
08037e94 t draw_buf_flush
08037f48 t lv_refr_get_top_obj
08037fbc t layer_reshape_draw_buf
08038000 T lv_refr_init
08038002 T lv_refr_deinit
08038004 T lv_obj_redraw
0803829c t refr_obj
080385cc t refr_obj_and_children
08038658 t refr_configured_layer
08038734 t refr_area
080388f8 T lv_inv_area
080389f8 T lv_refr_get_disp_refreshing
08038a04 T lv_refr_set_disp_refreshing
08038a10 T lv_display_refr_timer
08038ec8 t disp_event_cb
08038eec t invalidate_layout_cb
08038ef8 T lv_display_set_default
08038f04 T lv_display_get_default
08038f10 T lv_display_get_next
08038f24 T lv_display_get_horizontal_resolution
08038f44 T lv_display_get_vertical_resolution
08038f64 T lv_display_get_dpi
08038f78 T lv_display_set_draw_buffers
08038f8c T lv_display_set_render_mode
08038fa0 T lv_display_set_flush_cb
08038fb0 T lv_display_get_color_format
08038fc4 T lv_display_flush_ready
08038fca T lv_display_flush_is_last
08038fd4 T lv_display_is_double_buffered
08038fe0 T lv_display_get_screen_active
08038ff4 T lv_display_get_screen_prev
08039008 T lv_display_get_layer_top
0803901c T lv_display_get_layer_sys
08039030 T lv_display_get_layer_bottom
08039044 T lv_display_add_event_cb
08039064 T lv_display_create
08039240 T lv_display_send_event
0803927c T lv_display_delete
08039364 t update_resolution
08039470 T lv_display_set_resolution
08039494 T lv_display_set_color_format
080394c0 T lv_display_get_theme
080394d0 T lv_display_enable_invalidation
080394f4 T lv_display_is_invalidation_enabled
08039510 T lv_display_set_driver_data
08039524 T lv_display_get_driver_data
08039538 T lv_dpx
08039558 T lv_draw_init
0803955c T lv_draw_deinit
08039584 T lv_draw_create_unit
080395a8 T lv_draw_add_task
080395f8 T lv_draw_dispatch_layer
08039720 T lv_draw_dispatch
08039768 T lv_draw_finalize_task_creation
080397e0 T lv_draw_dispatch_wait_for_request
080397f8 T lv_draw_dispatch_request
08039808 T lv_draw_get_next_available_task
080398cc T lv_draw_layer_init
08039948 T lv_draw_layer_create
08039978 T lv_draw_layer_alloc_buf
080399f4 T lv_draw_layer_go_to_xy
080399fa T lv_draw_arc_dsc_init
08039a28 T lv_draw_arc
08039a84 T lv_draw_arc_get_area
08039e0e t buf_align
08039e18 t width_to_stride
08039e2a t buf_free
08039e2e t buf_malloc
08039e34 T lv_draw_buf_init_with_default_handlers
08039e68 T lv_draw_buf_init_handlers
08039e8c T lv_draw_buf_get_handlers
08039e94 T lv_draw_buf_width_to_stride_ex
08039ea4 T lv_draw_buf_width_to_stride
08039eb4 t _calculate_draw_buf_size
08039ef8 T lv_draw_buf_align_ex
08039f08 T lv_draw_buf_align
08039f18 T lv_draw_buf_flush_cache
08039f60 T lv_draw_buf_init
08039fdc T lv_draw_buf_create_ex
0803a068 T lv_draw_buf_create
0803a084 T lv_draw_buf_dup_ex
0803a0ba T lv_draw_buf_reshape
0803a100 T lv_draw_buf_destroy
0803a13c T lv_draw_buf_goto_xy
0803a194 T lv_draw_buf_clear
0803a234 T lv_draw_buf_copy
0803a320 T lv_draw_buf_adjust_stride
0803a410 T lv_draw_buf_premultiply
0803a524 T lv_draw_buf_has_flag
0803a530 T lv_draw_buf_from_image
0803a558 t img_decode_and_draw
0803a624 T lv_draw_image_dsc_init
0803a670 T lv_image_src_get_type
0803a690 T lv_draw_image_tiled_helper
0803a760 T lv_image_buf_get_transformed_area
0803a856 T lv_draw_layer
0803a8e0 T lv_draw_image
0803a98a T lv_draw_image_normal_helper
0803aa40 t lv_text_is_marker
0803aa94 t hex_char_to_num
0803aab8 T lv_draw_label_dsc_init
0803ab30 T lv_draw_task_get_label_dsc
0803ab3c T lv_draw_glyph_dsc_init
0803ab44 T lv_draw_label
0803ab9c T lv_draw_label_iterate_characters
0803b21c T lv_draw_line_dsc_init
0803b250 T lv_draw_line
0803b2c4 T lv_draw_mask_rect_dsc_init
0803b2cc T lv_draw_mask_rect
0803b338 T lv_draw_rect_dsc_init
0803b3fc T lv_draw_fill_dsc_init
0803b414 T lv_draw_task_get_fill_dsc
0803b420 T lv_draw_border_dsc_init
0803b446 T lv_draw_task_get_border_dsc
0803b452 T lv_draw_rect
0803b904 t image_decoder_get_info
0803ba60 T lv_image_decoder_init
0803ba84 T lv_image_decoder_deinit
0803baac T lv_image_decoder_get_info
0803badc T lv_image_decoder_open
0803bb88 T lv_image_decoder_get_area
0803bba4 T lv_image_decoder_close
0803bbd0 T lv_image_decoder_create
0803bbfc T lv_image_decoder_set_info_cb
0803bc00 T lv_image_decoder_set_open_cb
0803bc04 T lv_image_decoder_set_get_area_cb
0803bc08 T lv_image_decoder_set_close_cb
0803bc0c T lv_image_decoder_add_to_cache
0803bc4c T lv_image_decoder_post_process
0803bcec t evaluate
0803bd40 t dispatch
0803be24 T lv_draw_sw_init
0803be48 T lv_draw_sw_deinit
0803be4c t add_circle
0803bea6 t get_rounded_area
0803bf22 T lv_draw_sw_arc
0803c30c T lv_draw_sw_border
0803c7fc t shadow_blur_corner
0803c976 T lv_draw_sw_box_shadow
0803d480 T lv_draw_sw_fill
0803d854 T lv_gradient_color_calculate
0803d948 T lv_gradient_get
0803d9cc T lv_gradient_cleanup
0803d9d0 t img_draw_core
0803df98 T lv_draw_sw_image
0803dfb0 T lv_draw_sw_layer
0803dfd8 t draw_letter_cb
0803e0c8 T lv_draw_sw_label
0803e0dc T lv_draw_sw_line
0803e6c8 t lv_memzero
0803e6d0 t mask_mix
0803e6ea t lv_draw_mask_line
0803ea48 t lv_draw_mask_angle
0803ec78 t lv_draw_mask_radius
0803ee78 T lv_draw_sw_mask_init
0803ee84 T lv_draw_sw_mask_deinit
0803ee90 T lv_draw_sw_mask_apply
0803eecc T lv_draw_sw_mask_free_param
0803ef08 T lv_draw_sw_mask_cleanup
0803ef34 T lv_draw_sw_mask_line_points_init
0803f05c T lv_draw_sw_mask_line_angle_init
0803f0a4 T lv_draw_sw_mask_angle_init
0803f12c T lv_draw_sw_mask_radius_init
0803f51c T lv_draw_sw_mask_rect
0803f68a t transform_point_upscaled
0803f72a t transform_rgb888
0803f8f4 t transform_rgb565a8
0803fae0 T lv_draw_sw_transform
080403a2 T lv_draw_sw_triangle
08040714 t invalidate_cache
08040738 t flush_cache
0804073c T lv_nuttx_cache_init
08040754 T lv_nuttx_cache_deinit
08040764 T lv_font_get_glyph_bitmap
08040780 T lv_font_glyph_release_draw_data
08040790 T lv_font_get_glyph_dsc
08040838 T lv_font_get_glyph_width
080408b0 T lv_font_get_line_height
080408b4 t place_content
08040924 t lv_obj_get_style_margin_top
08040932 t lv_obj_get_style_margin_bottom
08040940 t lv_obj_get_style_margin_left
0804094e t lv_obj_get_style_margin_right
0804095c t lv_obj_get_height_with_margin
0804097c t lv_obj_get_width_with_margin
0804099c t get_next_item
080409c4 t find_track_end
08040be0 t flex_update
080412f0 T lv_flex_init
08041308 T lv_obj_set_flex_flow
08041320 T lv_obj_set_flex_align
08041350 T lv_obj_set_flex_grow
08041368 T lv_layout_init
08041388 T lv_layout_deinit
08041394 T lv_layout_apply
080413d0 T lv_bin_decoder_info
08041450 t free_decoder_data
08041488 T lv_bin_decoder_close
080414a6 t fs_read_file_at
080414d8 t get_decoder_data
080414fc t decode_indexed.constprop.0
080415c0 t decode_alpha_only.constprop.0
080416b8 T lv_bin_decoder_open
08041864 T lv_bin_decoder_get_area
08041ad0 T lv_bin_decoder_init
08041b20 t cnt_get_data_size_cb
08041b24 t size_get_data_size_cb
08041b28 t cache_iter_create_cb
08041b48 t cache_iter_next_cb
08041b90 t get_victim_cb
08041bd8 t drop_all_cb
08041c3c t drop_cb
08041cc0 t remove_cb
08041d28 t get_cb
08041db0 t init_cnt_cb
08041e04 t init_size_cb
08041e58 t reserve_cond_cb
08041e94 t destroy_cb
08041eb0 t add_cb
08041f5c t alloc_cb
08041f84 T lv_array_init
08041fb0 T lv_array_deinit
08041fcc T lv_array_resize
08042000 T lv_array_push_back
08042050 T lv_array_at
08042074 T lv_array_size
08042078 t lv_async_timer_cb
08042094 T lv_async_call_cancel
080420f0 T lv_color_format_get_bpp
08042104 T lv_color_format_has_alpha
08042124 T lv_color_to_32
0804214a T lv_color_to_u16
08042166 T lv_color_to_u32
08042180 T lv_color_format_get_size
0804218e T lv_color_to_int
080421a4 T lv_color_eq
080421bc T lv_color32_eq
080421c8 T lv_color_hex
080421e8 T lv_color_make
08042200 T lv_color_16_16_mix
0804223c T lv_color_white
08042252 T lv_color_black
0804225a T lv_color_darken
08042286 T lv_color_premultiply
080422ae T lv_color16_premultiply
080422ea T lv_color_luminance
08042320 T lv_color16_luminance
08042352 T lv_color24_luminance
08042380 T lv_color32_luminance
080423b6 T lv_color_mix
08042416 T lv_color_mix32
080424b0 T lv_color_brightness
080424d0 T lv_color_filter_dsc_init
080424d4 T lv_palette_main
08042510 T lv_palette_lighten
08042558 T lv_palette_darken
080425a0 t rb_right_rotate
080425c4 t rb_left_rotate
080425e8 t rb_delete_color
080426dc T lv_rb_init
08042718 T lv_rb_find
0804274c T lv_rb_insert
08042874 T lv_rb_remove_node
080428f8 T lv_rb_drop_node
08042918 T lv_rb_destroy
08042964 T lv_style_init
0804296c T lv_style_reset
0804298a T lv_style_remove_prop
08042a00 T lv_style_set_prop
08042a9c T lv_style_get_prop
08042ae0 T lv_style_transition_dsc_init
08042b10 T lv_style_prop_get_default
08042bc0 T lv_style_is_empty
08042bcc T lv_style_prop_lookup_flags
08042bfc T lv_style_set_width
08042c08 T lv_style_set_height
08042c14 T lv_style_set_max_height
08042c20 T lv_style_set_length
08042c2c T lv_style_set_transform_width
08042c38 T lv_style_set_transform_height
08042c44 T lv_style_set_pad_top
08042c50 T lv_style_set_pad_bottom
08042c5c T lv_style_set_pad_left
08042c68 T lv_style_set_pad_right
08042c74 T lv_style_set_pad_row
08042c80 T lv_style_set_pad_column
08042c8c T lv_style_set_bg_color
08042ca8 T lv_style_set_bg_opa
08042cb4 T lv_style_set_bg_grad_color
08042cd0 T lv_style_set_bg_image_src
08042cdc T lv_style_set_border_color
08042cf8 T lv_style_set_border_opa
08042d04 T lv_style_set_border_width
08042d10 T lv_style_set_border_side
08042d1c T lv_style_set_border_post
08042d28 T lv_style_set_outline_width
08042d34 T lv_style_set_outline_color
08042d50 T lv_style_set_outline_opa
08042d5c T lv_style_set_outline_pad
08042d68 T lv_style_set_shadow_width
08042d74 T lv_style_set_shadow_offset_y
08042d80 T lv_style_set_shadow_spread
08042d8c T lv_style_set_shadow_color
08042da8 T lv_style_set_shadow_opa
08042db4 T lv_style_set_line_width
08042dc0 T lv_style_set_line_color
08042ddc T lv_style_set_arc_width
08042de8 T lv_style_set_arc_rounded
08042df4 T lv_style_set_arc_color
08042e10 T lv_style_set_text_color
08042e2c T lv_style_set_text_font
08042e38 T lv_style_set_text_line_space
08042e44 T lv_style_set_text_align
08042e50 T lv_style_set_radius
08042e5c T lv_style_set_clip_corner
08042e68 T lv_style_set_color_filter_dsc
08042e74 T lv_style_set_color_filter_opa
08042e80 T lv_style_set_anim_duration
08042e8c T lv_style_set_transition
08042e98 T lv_style_set_rotary_sensitivity
08042ea4 t lv_text_utf8_size
08042ed8 t lv_text_utf8_next
08042faa t lv_text_utf8_get_byte_id
08042fd2 t lv_text_utf8_get_char_id
08042ff4 t lv_text_utf8_get_length
08043014 t lv_text_is_a_word
08043060 t lv_text_unicode_to_utf8
080430f8 t lv_text_utf8_prev
0804312e T lv_text_is_cmd
08043164 T lv_text_get_next_line
08043374 T lv_text_ins
080433c2 T lv_text_cut
080433f8 T lv_text_set_text_vfmt
08043438 T lv_text_encoded_letter_next_2
0804345a T lv_text_get_width
080434b4 T lv_text_get_size
08043568 T lv_text_get_width_with_flags
080435dc t apply_theme
080435fa t apply_theme_recursion
08043622 T lv_theme_get_from_obj
08043638 T lv_theme_apply
08043658 T lv_theme_get_color_primary
08043698 t lv_image_constructor
08043718 t lv_image_destructor
08043744 T lv_image_create
0804375c T lv_image_get_pivot
08043778 t scale_update
08043854 T lv_image_set_rotation
0804394a T lv_image_set_pivot
08043a48 t update_align
08043ab8 T lv_image_set_src
08043c08 t lv_image_event
08044010 t nsh_system_.isra.0
08044032 T nsh_system_ctty
0804403c t send_frame
0804409c t adb_client_find_service.isra.0
080440b4 T adb_send_okay_frame
080440d0 T adb_send_data_frame
080440e4 T adb_register_service
08044118 T adb_service_close
08044180 T adb_client_kick_services
08044196 T adb_create_client
080441ac T adb_destroy_client
080441f8 T adb_process_packet
08044454 T adb_check_frame_header
080444a4 T adb_check_auth_frame_header
080444f4 T adb_check_frame_data
0804451a t state_reset
08044554 t file_sync_on_close
08044566 t read_from_packet
080445bc t state_process_list
080446d8 t prepare_fail_message.constprop.0
08044740 t state_process_recv.isra.0
080447c4 t file_sync_on_ack
08044824 t prepare_fail_errno.isra.0
08044840 t file_sync_on_write
08044cdc T file_sync_service
08044cf8 t on_child_exit
08044d2c t shell_close_process_callback
08044d34 t shell_close
08044d54 t shell_close_pipe_callback
08044d60 t shell_write
08044dc8 t shell_after_write
08044e10 t pipe_on_data_available
08044e8c t shell_kick.part.0
08044eb4 t shell_kick
08044ec0 t alloc_buffer
08044ef4 t shell_ack
08044f04 T shell_service
080450b8 t uv__queue_move
080450d6 t uv__async_spin
08045108 t uv__async_start.part.0
08045140 t uv__async_io.part.0
080451e0 t uv__async_io
08045200 T uv_async_init
08045276 T uv__async_close
080452a4 T uv_loop_init
08045428 t uv__chld
08045504 T uv__process_init
08045544 T uv_spawn
080458c8 T lv_draw_sw_blend
08045b4c t get_bit
08045b5e t lv_color_16a_16a_mix
08045bfe t blend_non_normal_pixel
08045c50 t lv_color_mix_with_alpha_cache_init
08045c78 t rgb888_image_blend
08045e58 T lv_draw_sw_blend_color_to_al88
0804600c T lv_draw_sw_blend_image_to_al88
0804688a t get_bit
0804689c t lv_color_32_32_mix
08046966 t blend_non_normal_pixel
08046a18 t lv_color_8_32_mix
08046a4e t lv_color_mix_with_alpha_cache_init
08046a78 t rgb888_image_blend
08046d1a T lv_draw_sw_blend_color_to_argb8888
08046eb8 T lv_draw_sw_blend_image_to_argb8888
08047848 t set_bit
08047872 t clear_bit
0804789c t get_bit
080478c2 t lv_color_8_8_mix
080478de t blend_non_normal_pixel
08047956 t rgb888_image_blend
08047b32 T lv_draw_sw_blend_color_to_i1
08047cf2 T lv_draw_sw_blend_image_to_i1
08048858 t get_bit
0804886a t lv_color_8_8_mix
08048886 t blend_non_normal_pixel
080488d6 t rgb888_image_blend
08048a66 T lv_draw_sw_blend_color_to_l8
08048baa T lv_draw_sw_blend_image_to_l8
08049338 t l8_to_rgb565
08049350 t get_bit
08049364 t lv_color_8_16_mix
080493c0 t lv_color_24_16_mix
08049428 t rgb888_image_blend
080496ac T lv_draw_sw_blend_color_to_rgb565
08049940 T lv_draw_sw_blend_image_to_rgb565
0804a538 t get_bit
0804a54a t lv_color_8_24_mix
0804a57c t lv_color_24_24_mix
0804a5c0 t blend_non_normal_pixel
0804a654 t rgb888_image_blend
0804a806 T lv_draw_sw_blend_color_to_rgb888
0804a9a6 T lv_draw_sw_blend_image_to_rgb888
0804b2b4 t kern_pair_8_compare
0804b2c6 t kern_pair_16_compare
0804b2d8 t unicode_list_compare
0804b2e0 t get_glyph_dsc_id.part.0.isra.0
0804b388 T lv_font_get_bitmap_fmt_txt
0804b524 T lv_font_get_glyph_dsc_fmt_txt
0804b678 t grid_align
0804b768 t grid_update
0804c098 T lv_grid_init
0804c0b0 T lv_utils_bsearch
0804c0f0 T adb_fill_connect_data
0804c17c t logcat_on_write
0804c182 t close_cb
0804c188 t logcat_on_close
0804c1ac t logcat_on_data_available
0804c278 t logcat_on_kick
0804c28c t logcat_on_ack
0804c2a4 T logcat_service
0804c35c t file_vfcntl
0804c42a T fcntl
0804c4b6 t epoll_do_poll
0804c4ba t epoll_do_open
0804c4dc t epoll_setup
0804c546 t epoll_teardown
0804c5ec t epoll_do_create
0804c6ac t epoll_do_close
0804c748 t epoll_head_from_fd
0804c784 t epoll_default_cb
0804c7b0 T epoll_create1
0804c7b8 T epoll_ctl
0804caa8 T epoll_pwait
0804cb4a T file_fstat
0804cc20 T nx_fstat
0804cc46 T fstat
0804cc60 T select
0804ce82 T statfs
0804cf24 T register_blockdriver
0804cf64 T close_blockdriver
0804cf96 t file_mmap_
0804d044 T mmap
0804d0a8 t file_munmap_.constprop.0
0804d11c T file_munmap
0804d120 T munmap
0804d13a t unmap_anonymous
0804d180 T map_anonymous
0804d1cc t exec_internal
0804d26e T exec_spawn
0804d288 T exec_getsymtab
0804d2b0 T load_module
0804d310 T exec_module
0804d458 T board_app_initialize
0804d45c T stm32_bringup
0804d540 T stm32_w25initialize
0804d5a4 T __aeabi_dmul
0804d5a4 T __muldf3
0804d7f8 T __aeabi_ddiv
0804d7f8 T __divdf3
0804d9c8 T __aeabi_d2uiz
0804d9c8 T __fixunsdfsi
0804da08 T __aeabi_frsub
0804da10 T __aeabi_fsub
0804da10 T __subsf3
0804da14 T __addsf3
0804da14 T __aeabi_fadd
0804db74 T __aeabi_ui2f
0804db74 T __floatunsisf
0804db7c T __aeabi_i2f
0804db7c T __floatsisf
0804db98 T __aeabi_ul2f
0804db98 T __floatundisf
0804dba8 T __aeabi_l2f
0804dba8 T __floatdisf
0804dc24 T __aeabi_ldivmod
0804dcc4 T group_exitinfo
0804dcf0 T pthread_mutex_init
0804dd20 T pthread_mutex_destroy
0804dd78 T pthread_mutex_unlock
0804dda8 T pthread_cond_signal
0804dde6 T pthread_sigmask
0804de1c T nxsched_self
0804de28 T clock_nanosleep
0804de48 t btn_interrupt
0804de68 t btn_supported
0804de90 t btn_enable
0804df60 t btn_buttons
0804df64 T btn_lower_initialize
0804df84 t lcdfb_getplaneinfo
0804dfb0 t lcdfb_ioctl
0804dfc6 t lcdfb_open
0804dfd4 t lcdfb_close
0804dfe4 t lcdfb_setpower
0804e010 t lcdfb_getvideoinfo
0804e040 t lcdfb_updateearea
0804e130 T up_fbinitialize
0804e2ac T up_fbgetvplane
0804e2dc t userled_supported
0804e2ec t userled_setall
0804e2f2 t userled_setled
0804e2fc T userled_lower_initialize
0804e31c T mkrd
0804e368 t w25_lock
0804e3a0 t w25_unlock
0804e3a8 t w25_wren
0804e3d6 t w25_wrdi
0804e404 t w25_waitwritecomplete.isra.0
0804e464 t w25_bwrite
0804e50e t w25_byteread
0804e58e t w25_read
0804e5b4 t w25_bread
0804e5c6 t w25_erase
0804e698 t w25_ioctl
0804e752 t w25_bytewrite
0804e7c8 t w25_write
0804e854 T w25_initialize
0804e9c0 t smart_open
0804e9c4 t smart_read
0804e9ec t smart_write
0804ea84 t smart_readsector
0804eb04 t smart_geometry
0804eb3c t smart_bytewrite
0804ebb8 t smart_relocate_sector
0804ec62 t smart_setsectorsize
0804ed60 t smart_get_wear_level.isra.0
0804ed78 t smart_find_wear_minmax
0804edb0 t smart_set_wear_level.isra.0
0804ee4c t smart_erase_block_if_empty
0804eef8 t smart_relocate_static_data.isra.0
0804effa t smart_relocate_block
0804f118 t smart_findfreephyssector.constprop.0
0804f2b0 t smart_garbagecollect.isra.0
0804f324 t smart_writesector
0804f542 t smart_allocsector
0804f660 t smart_scan
0804f9c4 t smart_ioctl
0804fd56 t smart_close
0804fd5c T smart_initialize
0804fe70 T nx_mkfifo
0804fea4 T syslog_write_foreach
0804ff80 T syslog_write
0804ffb8 t usbclass_mkstrdesc
0805000c t usbclass_mkcfgdesc
08050064 T usbdev_adb_get_composite_devdesc
080500b8 T usbdev_adb_initialize
080500dc t usbdev_fs_notify
08050102 t usbdev_fs_connect
08050188 t usbdev_fs_classresume
08050190 t usbdev_fs_classsuspend
08050198 t usbdev_fs_wrcomplete
08050230 t usbdev_fs_register_driver
080502ac t usbdev_fs_poll
08050356 t usbdev_fs_blocking_io
080503e6 t usbdev_fs_close
08050450 t usbdev_fs_classunbind
08050590 t usbdev_fs_ep_bind
080506a0 t usbdev_fs_classbind
08050764 t usbdev_fs_write
08050850 t usbdev_fs_classresetconfig
08050882 t usbdev_fs_classdisconnect
08050888 t usbdev_fs_open
080508bc t usbdev_fs_submit_rdreq.isra.0
080508c6 t usbdev_fs_rdcomplete
08050960 t usbdev_fs_read
08050adc t usbdev_fs_classsetup
08050c64 T usbdev_fs_classobject
08050cc4 T usbdev_fs_classuninitialize
08050cf0 T usbdev_fs_initialize
08050cf6 t composite_classsetup
08050d44 t composite_ep0incomplete
08050d60 t composite_resume
08050dbe t composite_suspend
08050e2c t composite_disconnect
08050eb0 t composite_setup
0805113c t composite_unbind
080511c0 t composite_bind
08051250 T composite_initialize
0805130c T usbdev_copy_devdesc
08051324 T usbdev_copy_epdesc
08051346 T usbdev_allocreq
08051378 T usbdev_freereq
0805139a t fb_close
080513f0 t fb_open
08051456 t fb_poll
080514cc t fb_get_planeinfo
0805150c t fb_get_panelinfo.constprop.0
0805156c t fb_read
080515b4 t fb_write
080515fe t fb_seek
08051638 t fb_mmap
08051672 T fb_paninfo_count
080516a8 t fb_ioctl
08051974 T fb_register_device
08051aa8 t btn_enable
08051b18 t btn_write
08051b5c t btn_read
08051ba8 t btn_open
08051c04 t btn_close
08051c64 t btn_poll
08051ce4 t btn_interrupt
08051d5c t btn_ioctl
08051df0 T btn_register
08051e5c t userled_ioctl
08051f34 t userled_write
08051f90 t userled_open
08051fec t userled_close
08052058 T userled_register
080520e0 t rd_open
080520ec t rd_ioctl
08052106 t rd_destroy
08052124 t rd_unlink
0805213c t rd_close
08052158 t rd_geometry
08052188 t rd_read
080521ba t rd_write
080521f4 T ramdisk_register
08052264 T lib_dumpbuffer
08052278 t lib_dumpvbuffer_handler
08052294 T lib_dumpvhandler
08052374 T lib_dumpvbuffer
0805238c T pthread_cond_init
080523ba T pthread_cond_destroy
080523ea T pthread_get_stacksize_np
080523fe T pthread_mutexattr_init
08052410 T pthread_mutexattr_destroy
08052422 T pthread_mutexattr_settype
08052438 T pthread_mutex_lock
0805243e T pthread_once
0805246c T pthread_atfork
08052470 T pthread_rwlock_init
080524a2 T pthread_rwlock_destroy
080524bc T pthread_self
080524c0 T gettid
080524ca T signal
08052520 T posix_spawnattr_setsigmask
0805252c T printf
08052550 T perror
08052574 T puts
080525ce T sscanf
080525e8 T vsscanf
08052610 T lib_mode2oflags
080526d6 T fdopen
08052782 T fopen
080527ba T fclose
080528d8 T fgets_unlocked
080528f4 T fgets
08052918 t consume_eol
0805292e T lib_fgets_unlocked
080529b6 T lib_fwrite_unlocked
08052a98 T lib_rdflush_unlocked
08052aee T fputc_unlocked
08052b2a T fputc
08052b4a T fputs_unlocked
08052ba4 T fputs
08052bc4 T fprintf
08052bde T vfprintf
08052c0e t swapfunc
08052c40 t med3
08052c7e T qsort
08052ee0 T ptsname
08052ef8 T ptsname_r
08052f24 T unlockpt
08052f30 T posix_openpt
08052f3c t meminstream_getc
08052f56 t meminstream_gets
08052f84 T lib_meminstream
08052fa0 t vscanf_internal
08053630 T lib_vscanf
08053642 t stdoutstream_flush
08053648 t stdoutstream_puts
08053676 t stdoutstream_putc
0805369c T lib_stdoutstream
080536d8 T strerror
08053700 T strstr
08053740 T strtok
0805374c T strtok_r
080537a6 T cfmakeraw
080537d4 t get_week_num
080538a6 t get_week_year
080538d8 T strftime
08053d24 t adjust
08053d4c T timegm
08053e70 T mktime
08053e74 T task_tls_get_value
08053e8a T task_tls_set_value
08053ea6 T pipe
08053eac T fgetc_unlocked
08053ecc T fwrite_unlocked
08053ee6 T fwrite
08053f0e T strtoll
08053fa4 T strtoull
080540cc T lib_fread_unlocked
080541ec T lib_wrflush_unlocked
0805420c T calloc
08054230 T mm_calloc
08054242 t spi_modifycr1
08054252 t spi_setfrequency
080542ec t spi_send
08054312 t spi_exchange
08054360 t spi_bus_initialize
08054398 t spi_lock
080543a4 t spi_setmode
080543de t spi_setbits
08054428 T stm32_spibus_initialize
080544a8 T board_button_initialize
080544d0 T board_buttons
080544f8 T board_button_irq
08054520 T board_userled_initialize
0805452e T board_userled
0805453a T board_userled_all
08054548 t stm32f103_setcursor
08054588 t stm32f103_putrun
080545c4 t stm32f103_getpower
080545d0 t stm32f103_getcontrast
080545d6 t stm32f103_setcontrast
080545dc t stm32f103_getrun
08054648 t stm32f103_getvideoinfo
0805465c t stm32f103_getplaneinfo
08054684 t stm32f103_poweroff.isra.0
080546a8 t stm32f103_setpower
080546cc T board_lcd_initialize
0805474c T board_lcd_getdev
08054754 T board_lcd_uninitialize
08054764 T stm32_selectlcd
080547a4 T stm32_deselectlcd
080547b8 T pthread_mutex_timedlock
08054818 T nxsig_notification
08054868 T work_queue_wq
08054948 T work_queue
08054958 t stm32_exti0_isr
08054978 t stm32_exti1_isr
08054998 t stm32_exti2_isr
080549b8 t stm32_exti3_isr
080549d8 t stm32_exti4_isr
080549f8 t stm32_exti_multiisr.constprop.0
08054a54 t stm32_exti1510_isr
08054a5c t stm32_exti95_isr
08054a64 T stm32_gpiosetevent
08054bac T g_idle_topstack
08054bb0 T g_gpiobase
08054bf0 t g_uart_devs
08054bfc t g_uart_ops
08054ca9 t __FUNCTION__.0
08054cb3 t __FUNCTION__.1
08054cc0 t __FUNCTION__.2
08054d2e t g_sramconfig
08054d34 T g_commonconfig
08054d7e t g_idlename
08054dbc t __FUNCTION__.0
08054fb8 t __FUNCTION__.0
08054fc2 t __FUNCTION__.1
08054fcd t __FUNCTION__.2
08054fd8 t __FUNCTION__.3
08054fe7 t __FUNCTION__.4
08054ff3 t __FUNCTION__.5
08055004 t g_policy
08055014 t g_ttypenames
08055098 t g_statenames
080550d0 t g_noname
080550e4 t g_devnull_fops
08055120 t g_devzero_fops
08055154 t g_serialops
08055184 t zero.0
0805519c t g_ptmx_fops
080551cc t g_ramlogfops
080554b8 t g_pty_fops
080554e8 t g_default_channel_ops
08055500 t g_ramlog_channel_ops
08055518 t g_syscrlf
0805551c t g_syslog_dev_ops
08055544 t g_pipe_fops
0805558c t g_nullstring
08055594 t g_baud_table
0805568c t g_daysbeforemonth
080557bb t __FUNCTION__.0
0805584e t CSWTCH.110
08055854 t __FUNCTION__.0
08055866 t __FUNCTION__.1
08055876 t __FUNCTION__.2
08055888 t g_devops
080558a4 t g_epops
0805598e t __FUNCTION__.0
0805599f t __FUNCTION__.1
08055a14 t g_arg_separator
08055a17 t g_exitstatus
08055a19 t g_failure
08055a1b T g_fmtarginvalid
08055a36 T g_fmtargrange
08055a53 T g_fmtargrequired
08055a7a T g_fmtcmdfailed
08055a92 T g_fmtcmdnotfound
08055aae T g_fmtcmdoutofmemory
08055ac6 T g_fmtcontext
08055aea T g_fmtdeepnesting
08055b05 T g_fmtinternalerror
08055b1e T g_fmtnomatching
08055b37 T g_fmtnosuch
08055b50 T g_fmtsignalrecvd
08055b70 T g_fmtsyntax
08055b87 T g_fmttoomanyargs
08055ba4 t g_lastpid
08055ba6 t g_line_separator
08055bac T g_nshgreeting
08055bbe t g_nullstring
08055bbf t g_pipeline1
08055bc1 t g_quote_separator
08055bc5 t g_redirect_in1
08055bc7 t g_redirect_out1
08055bc9 t g_redirect_out2
08055bcc t g_success
08055bce t g_token_separator
08055bd7 t g_erasetoeol
08055c0a t g_aliasfmt
080561f0 t g_cmdmap
080565cb t g_home
080565cd t g_oldpwd
080565d4 t g_pwd
08056a1e t g_flags
08056a25 t g_groupid
08056a2c t g_ppid
08056a34 t g_priority
08056a3e t g_scheduler
08056a49 t g_sigmask
08056a52 t g_stacksize
08056a5d t g_state
08056a64 t g_type
08056a87 t g_unknown
08056afb t g_groupid
08056b08 t g_dir_fileops
08056b50 t g_bdfsmap
08056b60 t g_nonbdfsmap
08056b70 T g_smartfs_operations
08056c30 t g_procfs_entries
08056cd8 T g_procfs_operations
08056d4c T g_cpuinfo_operations
08056e90 T g_memdump_operations
08056ebc T g_meminfo_operations
0805704c t g_cmdline
08057058 t g_group
08057064 t g_groupenv
08057070 t g_groupfd
0805707c t g_groupinfo
08057088 t g_groupstatus
08057094 t g_level0info
080570a4 t g_level0node
080570b0 t g_nodeinfo
080570cc t g_policy
080570dc T g_proc_operations
08057108 t g_stack
08057114 t g_status
08057120 t g_ttypenames
08057158 T g_tcbinfo_operations
08057190 T g_uptime_operations
080571e8 T g_version_operations
080572f0 t CSWTCH.8
080572fc T g_mount_operations
08057328 t labels.0
08057474 t g_direntry
08057494 T g_smartfs_procfs_operations
080574c0 T g_bch_fops
080574f0 t g_bops
08057511 t g_modmagic
0805777a t g_reg_offs
0805779c T g_tcbinfo
080577e0 T g_builtin_count
080577e4 T g_builtins
08057d14 t g_default_fbdev
08057d1e t g_rgb16
08057d2c t g_rgb24
08057d44 t g_rgb8
08057ff0 t priority.0
08058059 t CSWTCH.6
080582dc t sin0_90_table
0805847a t trans_props.0
0805848c T lv_arc_class
080584b4 T lv_bar_class
080584d8 T lv_button_class
08058578 T lv_buttonmatrix_class
0805859c t lv_buttonmatrix_def_map
080585d8 t day_names_def
080585f4 T lv_calendar_class
080586f0 T lv_calendar_header_arrow_class
08058714 t month_names_def
080589f4 T lv_calendar_header_dropdown_class
08058a6c T lv_chart_class
08058aa4 T lv_checkbox_class
08058b48 T lv_dropdown_class
08058b6c T lv_dropdownlist_class
08058be2 t default_kb_ctrl_lc_map
08058c32 t default_kb_ctrl_num_map
08058c54 t default_kb_ctrl_spec_map
08058ca4 t default_kb_ctrl_uc_map
08058cf4 t default_kb_map_lc
08058da4 t default_kb_map_num
08058df8 t default_kb_map_spec
08058ea8 t default_kb_map_uc
08058f58 T lv_keyboard_class
08058fcc T lv_label_class
08058ff0 T lv_led_class
08059014 T lv_line_class
0805904c T lv_list_button_class
08059070 T lv_list_class
08059094 T lv_list_text_class
08059138 T lv_menu_class
0805915c T lv_menu_cont_class
08059180 T lv_menu_main_cont_class
080591a4 T lv_menu_main_header_cont_class
080591c8 T lv_menu_page_class
080591ec T lv_menu_section_class
08059210 T lv_menu_separator_class
08059234 T lv_menu_sidebar_cont_class
08059258 T lv_menu_sidebar_header_cont_class
080592e8 T lv_msgbox_backdrop_class
0805930c T lv_msgbox_class
08059330 T lv_msgbox_content_class
08059354 T lv_msgbox_footer_button_class
08059378 T lv_msgbox_footer_class
0805939c T lv_msgbox_header_button_class
080593c0 T lv_msgbox_header_class
08059474 T lv_roller_class
08059498 T lv_roller_label_class
080594c8 T lv_scale_class
080594f4 T lv_slider_class
0805956c T lv_spinbox_class
08059598 T lv_spinner_class
080595c4 T lv_switch_class
080595f0 T lv_table_class
0805961c T lv_tabview_class
080596a0 T lv_textarea_class
080596d4 T lv_tileview_class
080596f8 T lv_tileview_tile_class
08059720 T lv_win_class
08059793 t __func__.0
080597be t __func__.0
08059881 t __func__.0
0805988e t __func__.1
080598a0 t adb_usb_uv_ops
08059934 t __func__.0
0805994d t __func__.1
08059960 t __func__.2
08059ca0 t once.0
0805a775 t OS_VERSION
0805acb0 T lv_obj_class
0805aff0 t wcorr.0
0805b0f0 t cmaps
0805b118 t font_dsc
0805b12c t glyph_bitmap
0805d3ac t glyph_dsc
0805d89c t kern_class_values
0805e44c t kern_classes
0805e45c t kern_left_class_mapping
0805e4fa t kern_right_class_mapping
0805e598 T lv_font_montserrat_14
0805e5bc t unicode_list_1
0805e72c T lv_cache_class_lru_rb_count
0805e758 T lv_cache_class_lru_rb_size
0805e7c6 t CSWTCH.7
0805e7e7 t colors.0
0805e8cb t colors.1
0805e9e8 t colors.2
0805eaa2 T lv_style_builtin_prop_flag_lookup_table
0805eb2f t white.0
0805eb80 T lv_text_encoded_get_byte_id
0805eb84 T lv_text_encoded_get_char_id
0805eb88 T lv_text_encoded_next
0805eb8c T lv_text_encoded_prev
0805eb90 T lv_text_encoded_size
0805eb94 T lv_text_get_encoded_length
0805eb98 T lv_text_unicode_to_encoded
0805ebf0 T lv_image_class
0805ecc0 t __func__.0
0805ecd1 t __func__.1
0805ece4 t __func__.2
0805ecf7 t __func__.3
0805ed09 t __func__.4
0805ed1e t __func__.5
0805ed55 t __func__.0
0805ed71 t __func__.1
0805ed87 t __func__.2
0805efa2 t __func__.0
0805efba t __func__.1
0805efd4 t __func__.10
0805efe7 t __func__.11
0805effa t __func__.12
0805f00f t __func__.13
0805f022 t __func__.14
0805f033 t __func__.2
0805f043 t __func__.3
0805f058 t __func__.4
0805f06d t __func__.5
0805f085 t __func__.6
0805f095 t __func__.7
0805f0a5 t __func__.8
0805f0b9 t __func__.9
0805f0c8 t file_sync_ops
0805f18a t __func__.0
0805f1a1 t __func__.1
0805f1b3 t __func__.2
0805f1bf t __func__.3
0805f1cd t __func__.4
0805f1dc t shell_ops
0805f222 t opa2_table
0805f226 t opa4_table
0805f30f t __func__.0
0805f328 t __func__.1
0805f338 t g_logcat_ops
0805f348 t g_epoll_ops
0805f4af t __FUNCTION__.0
0805f591 t __FUNCTION__.0
0805f59f t __FUNCTION__.1
0805f5ac t g_btnlower
0805f78c t __FUNCTION__.0
0805f79b t __FUNCTION__.1
0805f7ad t __FUNCTION__.2
0805f7c0 t __FUNCTION__.3
0805f7cf t __FUNCTION__.4
0805f7e0 t g_userled_lower
0805f854 t __FUNCTION__.1
0805f86c t g_bops
0805f888 t g_wearbit_to_levelmap4
0805f898 t g_wearlevel_to_bitmap4
0805f8a8 t sizetbl.0
0805f8b8 t g_fifo_fops
0805f913 t g_adb_cfgdesc
0805f91c t g_adb_devdesc
0805f930 t g_adb_devdescs
0805f93c t g_adb_epbulkin
0805f948 t g_adb_epbulkout
0805f954 t g_adb_ifdesc
0805f960 t g_adb_strdesc
0805f988 t g_adb_strdescs
0805fa6a t __FUNCTION__.0
0805fa7e t __FUNCTION__.1
0805fa98 t __FUNCTION__.2
0805faad t __FUNCTION__.3
0805fac4 t g_usbdev_fs_classops
0805fadc t g_usbdev_fs_fops
0805fb0c t g_driverops
0805fc25 t __FUNCTION__.0
0805fc36 t __FUNCTION__.1
0805fc47 t __FUNCTION__.2
0805fc56 t __FUNCTION__.3
0805fc5f t __FUNCTION__.4
0805fc74 t g_fb_fops
0805fdb8 t __FUNCTION__.0
0805fdc1 t __FUNCTION__.1
0805fdcb t __FUNCTION__.2
0805fdd4 t __FUNCTION__.3
0805fdde t __FUNCTION__.4
0805fde8 t __FUNCTION__.5
0805fdf1 t __FUNCTION__.6
0805fe00 t g_btn_fops
0805fe76 t __FUNCTION__.0
0805fe83 t __FUNCTION__.1
0805fe91 t __FUNCTION__.2
0805fe9f t __FUNCTION__.3
0805fead t __FUNCTION__.4
0805fec0 t g_userled_fops
0805fefc t g_bops
0806004c t g_abbrev_monthname
0806007c t g_abbrev_wdayname
08060098 t g_monthname
080600c8 t g_wdayname
080600e4 t g_mon_lengths
08060144 t g_sp1iops
08060168 t g_sp2iops
0806018c t g_buttons
0806019c t g_planeinfo
080601bc t g_videoinfo
080601c4 T lcd_cmd
080607b4 t g_lcdconfig
080607b6 A _etext
080607b8 A _einit
080607b8 A __exidx_start
080607b8 A _sinit
080607c0 A _eronly
080607c0 A _etbss
080607c0 A _etdata
080607c0 A __exidx_end
080607c0 A _stbss
080607c0 A _stdata
20000000 A _sdata
20000000 d g_usart1priv
200000b8 D g_hpwork
2000011c D g_wdactivelist
20000124 d g_ptmx
2000013c d g_sysdev
2000014c d g_default_channel
20000154 d g_ramlog_channel
2000015c D g_syslog_channel
20000164 d g_pipelock
20000174 d g_version
2000019a D g_syslog_mask
2000019c d g_tlslock
200001ac d g_nshprompt
200001cc d g_sync_nb
200001d8 d g_inode_lock
20000208 d g_dir_inode
20000230 d g_devno_lock
20000240 d g_lock
20000250 d g_devno_lock
20000260 d g_builtin_binfmt
2000026c d g_elfbinfmt
20000278 d g_tempbuffer
20000480 D globalNames
20000480 D nglobals
20000490 D global_table
20000490 d g_modlock
200004a4 d fd.1
200004a8 d kb_ctrl
200004d0 d kb_map
200004f8 d index.1
200004fc d uv__allocator
2000050c d g_valid_args
20000530 d d_head
20000534 d go
20000538 d p_head
2000053c d g_epoll_inode
20000564 d g_adb_epinfos
2000056c d g_spi1dev
20000598 d g_spi2dev
200005c4 d g_lcddev
200005f8 A _edata
20000600 A _sbss
20000600 b g_usart1rxbuffer
200006fc b g_usart1txbuffer
200007f8 b g_arm_debug
200008ac B g_idletcb
2000097c B g_inactivetasks
20000984 B g_lastpid
20000988 B g_npidhash
2000098c B g_nx_initstate
20000990 B g_pendingtasks
20000998 B g_pidhash
2000099c B g_readytorun
200009a4 B g_running_tasks
200009a8 B g_tasklisttable
200009f0 B g_waitingforsignal
200009f8 B g_irqvector
20000c60 b g_last_regs
20000cb0 b g_panic_notifier_list
20000cb4 b g_reboot_notifier_list
20000cb8 B g_msgfree
20000cc0 B g_msgfreeirq
20000cc8 b g_msgpool
20001408 B g_msgfreelist
20001410 B g_sigactions
20001480 B g_sigfreeaction
20001488 B g_sigpendingaction
20001490 B g_sigpendingirqaction
20001498 B g_sigpendingirqsignal
200014a0 B g_sigpendingsignal
200014a8 b g_sigpool
20001808 B g_alloctimers
20001810 B g_freetimers
20001818 b g_prealloctimers
200019f8 B g_basetime
20001a00 b g_system_ticks
20001a04 b g_kthread_group
20001ccc b g_child_pool
20001dd0 b g_sysbuffer
200021d0 b g_maskedidset
200021d4 b g_pipeno
200021d8 b g_errno
200021dc b g_tlsdtor
20002204 B g_hostname
20002228 B g_mmheap
2000222c b g_usbdev
20002394 b g_ino
20002398 B g_root_inode
2000239c b g_devno
200023a0 b g_mounthead
200023a4 b g_procfs_meminfo
200023a8 b g_devno
200023ac B g_binfmts
200023b0 B reldata
200023dc b g_gmtime
20002408 b g_mod_registry
2000240c b g_led_daemon_started
2000240d b init.2
20002410 B lv_global
200025fc b work_mem_int.0
2000e5fc b ta_insert_replace
2000e600 b g_adbd_context
2000e604 b g_exec_nsymbols
2000e608 b g_exec_symtab
2000e60c b g_btnarg
2000e610 b g_btnhandler
2000e614 b g_btnnum
2000e618 b g_lcdfb
2000e61c b g_lednum
2000e620 b devname.0
2000e630 b s_err.0
2000e644 b g_saveptr
2000e648 b g_runbuffer
2000ea08 b g_gpio_callbacks
2000ea88 A _ebss
