08000000 A _stext
08000000 T _vectors
08000130 t start
0800013c T __start
080001cc T stm32_clockconfig
080002c8 T stm32_gpioinit
080002d4 T stm32_configgpio
080003a0 T stm32_unconfiggpio
080003ac T stm32_gpiowrite
080003d8 T stm32_gpioread
08000404 T arm_lowputc
08000418 T stm32_lowsetup
08000484 t up_setusartint
080004b0 t up_restoreusartint
080004c8 t up_disableusartint
080004f8 t up_set_format
0800057c t up_receive
08000598 t up_rxint
080005c8 t up_rxavailable
080005d6 t up_send
080005e0 t up_txint
0800060c t up_txready
0800061a t up_ioctl
080006be t up_detach
080006dc t up_attach
08000700 t up_interrupt
08000758 t up_setup
080007f0 t up_shutdown
08000848 T arm_earlyserialinit
08000860 T arm_serialinit
080008bc T up_putc
080008e4 T modifyreg32
08000902 T exception_common
08000968 T exception_direct
080009a0 T arm_doirq
08000a04 T up_schedule_sigaction
08000a88 T arm_sigdeliver
08000acc T up_trigger_irq
08000b0c t stm32_reserved
08000b3c t stm32_pendsv
08000b6c t stm32_nmi
08000b9c t stm32_irqinfo
08000c04 T up_irqinitialize
08000ce8 T up_disable_irq
08000d0c T up_enable_irq
08000d30 T arm_ack_irq
08000d34 T arm_busfault
08000d60 T arm_hardfault
08000d90 T arm_memfault
08000dbc T arm_svcall
08000dc0 T arm_usagefault
08000dec T arm_enable_dbgmonitor
08000e68 T arm_dbgmonitor
08000f54 t uart_putchars
08000f92 t uart_putxmitchar
08001020 t uart_open
080010a6 t uart_unlink
08001108 t uart_writev
080012bc t uart_readv
0800156c t uart_poll_notify
080015a4 t uart_poll
08001684 t uart_tcsendbreak
080016ec t uart_wakeup
0800170e t uart_tcdrain.constprop.0
080017ac T uart_register
08001820 T uart_datareceived
0800183a T uart_datasent
08001854 t uart_ioctl
08001a8c T uart_reset_sem
08001aba t uart_close
08001b6a T uart_xmitchars
08001c3c T uart_recvchars
08001d3c T register_driver_with_size
08001d80 T register_driver
08001d8e T inode_initialize
08001d94 T inode_lock
08001da0 T inode_rlock
08001dac T inode_unlock
08001db8 T inode_runlock
08001dc4 t inode_alloc.constprop.0
08001e14 T inode_root_reserve
08001e2c T inode_reserve
08001ed0 T inode_nextname
08001ef4 T inode_search
08001fc4 T poll_default_cb
08001fe6 T poll_notify
0800202a T file_poll
08002094 t poll_teardown
080020fc T poll
08002208 T uio_calc_resid
08002234 T uio_advance
08002264 T uio_init
08002280 T uio_copyfrom
080022c0 T uio_copyto
08002300 t fdlist_extend
080023b8 t fdlist_get_by_index
080023fc T fdlist_init
08002410 T fdlist_count
08002416 T fdlist_get2
0800244c T fdlist_dupfile
080024ea T file_allocate
080024f0 T file_allocate_from_inode
0800253c T file_deallocate
08002540 T file_get2
0800255a T file_ref
08002574 T file_put
080025aa t task_fssync
08002610 t fdlist_install.constprop.0
08002666 T fdlist_copy
080026fa T fdlist_dup3
08002758 T fdlist_dup2
08002786 T fdlist_close
080027be T fdlist_free
080027fc T sync
08002808 T inode_addref
08002824 T inode_release
0800284c T file_close
08002874 T nx_close
08002890 T close
080028ac T file_dup
080028d0 T file_fsync
08002908 T inode_free
08002926 T __assert
08002932 T iscntrl
08002944 T __errno
08002958 T nxmutex_init
08002978 T nxmutex_is_hold
0800299c T nxmutex_clocklock
080029a6 T nxrmutex_lock
080029c6 T nxrmutex_clocklock
080029ee T nxrmutex_unlock
08002a0e T nxsem_init
08002a1c T sem_init
08002a40 T nxsem_set_protocol
08002a5c T nxsem_get_value
08002a78 T nxsem_wait
08002ac0 T nxsem_trywait
08002b04 T nxsem_post
08002b48 T nx_asprintf
08002b62 T asprintf
08002b7c T vasprintf
08002bd0 T nx_vasprintf
08002bd4 T abort
08002bdc t memoutstream_puts
08002c08 t memoutstream_putc
08002c20 T lib_memoutstream
08002c48 t nulloutstream_putc
08002c50 t nulloutstream_puts
08002c5c T lib_nulloutstream
08002c7c T lib_noflush
08002c80 T lib_vsprintf_internal
08002c94 T lib_sprintf
08002cae T lib_vsprintf
08002cb4 t vsprintf_internal.constprop.0
0800318c T __ultoa_invert
080031e4 T memset
080031f4 T strlcpy
0800322c T strnlen
08003244 T memcpy
08003260 T vsyslog
08003280 T syslog
0800329c T cfsetspeed
080032e0 T cfgetspeed
080032e4 T tls_get_info
080032fc T lib_bsprintf
08003478 T strlen
08003488 T sprintf
080034b6 T strtol
0800352a T strtoul
08003616 T lib_checkbase
08003680 T lib_isbasedigit
080036c4 T lib_skipspace
080036dc T isspace
080036f0 T free
08003700 T malloc
08003720 T zalloc
08003740 T mm_delayfree
08003850 T mm_free
0800385a t free_delaylist.constprop.0
08003890 T mm_free_delaylist
08003898 T mm_malloc
08003986 T mm_zalloc
080039a0 T mm_lock
080039d8 T mm_unlock
080039e4 T mm_lock_irq
080039f2 T mm_unlock_irq
080039f8 T mm_malloc_size
08003a0c T nxclock_gettime
08003a90 T clock_gettime
08003aac T clock_systime_ticks
08003ab0 T clock_systime_timespec
08003ad0 T clock_increase_sched_ticks
08003af0 T clock_get_sched_ticks
08003afc T getenv
08003b54 T nx_start
08003d14 T nx_bringup
08003db8 T instrument_initialize
08003dbc T irq_initialize
08003dd8 T irq_attach
08003e1c T irq_dispatch
08003e44 T irq_unexpected_isr
08003e78 t stack_dump
08003f24 t dump_task
08003fd8 T _assert
08004218 T panic_notifier_call_chain
08004248 T register_reboot_notifier
0800427c T reboot_notifier_call_chain
080042ac T nxmq_initialize
08004344 T nxsched_get_fdlist_from_tcb
08004350 T nxsched_get_fdlist
08004364 T nxsched_get_tcb
080043a4 T nxsched_foreach
080043f4 T sched_lock
08004410 T sched_unlock
08004478 T sched_idletask
08004494 T nxsched_get_stackinfo
080044d8 T nxsched_get_stateinfo
0800453c T nxsched_switch_context
08004540 T nxsched_ticksleep
080045c0 T nxsched_wakeup
08004618 t nxsched_timeout
0800461c T nxsched_usleep
08004630 T nxsched_merge_pending
0800469c T nxsem_destroy
080046d0 T nxsem_wait_slow
080047c0 T nxsem_wait_uninterruptible
080047d0 T nxsem_tickwait
08004834 T nxsem_clockwait
080048cc T nxsem_timeout
080048f0 T nxsem_post_slow
080049c4 T nxsem_reset
08004a36 T nxsem_wait_irq
08004a94 t up_wait
08004ab0 T down_read
08004b04 T up_read
08004b44 T down_write
08004b9a T up_write
08004bc4 T nxsig_initialize
08004cbc T nxtask_argvstr
08004d30 T spawn_execattrs
08004d90 T spawn_file_actions
08004e1e T spawn_file_is_duplicateable
08004e50 T nxsched_gettid
08004e6c T nxtask_joindestroy
08004e72 T nxtask_joininit
08004e80 T _exit
08004ebc T task_spawn
08004f64 T timer_initialize
08004fa4 T timer_deleteall
08005034 T timer_release
080050dc T tls_init_info
08005108 T wd_start_abstick
08005160 T wd_timer
080051a0 T wd_cancel
080051d4 T work_timer_expired
080051dc t work_thread_create
0800527c t work_thread
080053a4 T work_start_highpri
080053c8 T clock_basetime
080053e8 T clock_initialize
08005448 T clock_realtime2absticks
08005498 T perf_init
0800549a W up_udelay
08005510 W up_mdelay
08005520 T get_environ_ptr
08005530 T env_findvar
08005560 T setenv
08005660 T unsetenv
080056b8 T group_allocate
08005720 T group_initialize
08005760 T group_setupidlefiles
08005790 t group_cancel_children_handler
080057c0 T group_kill_children
080057f8 T task_initialize
08005818 T group_alloc_child
08005838 T group_free_child
0800584c T group_add_child
08005854 T group_find_child
08005864 T group_exit_child
08005874 T group_remove_child
0800589e T group_remove_children
080058b4 T pthread_cancel
08005904 T pthread_completejoin
080059b8 T pthread_destroyjoin
08005a18 T pthread_findjoininfo
08005a84 T nxsched_add_readytorun
08005b40 T nxsched_remove_readytorun
08005b98 T nxsched_remove_self
08005bb4 T nxsched_set_param
08005bf4 T sched_setparam
08005c10 T nxsched_set_priority
08005d54 T nxsched_get_param
08005da0 T sched_getparam
08005dbc T nxsched_set_scheduler
08005e34 T sched_yield
08005e4c T nxsched_get_tls
08005e50 T nxsched_get_stackargs
08005e58 T nxsched_reprioritize_rtr
08005e8c T nxthread_create
08005eea T nxtask_create
08005f1a T task_create_with_stack
08005f42 T task_create
08005f56 T kthread_create_with_stack
08005f74 T nxtask_init
08006040 T nxtask_uninit
08006068 t nxthread_setup_scheduler
08006230 T nxtask_setup_stackargs
080062f4 T nxtask_setup_scheduler
08006304 T nxtask_setup_name
0800633c T nxtask_activate
08006368 T nxtask_start
080063a8 T nxtask_delete
08006400 T nxtask_exithook
080064a4 T task_getgroup
080064b0 T nxsched_getpid
080064c0 T getpid
080064c4 T nxtask_recover
080064e4 T nxnotify_cancellation
0800651c T nxtask_terminate
08006572 T task_init_info
080065e6 T env_dup
0800669a T env_removevar
08006712 T group_drop
0800671e T group_leave
080067dc T group_setuptaskfiles
08006834 T group_foreachchild
08006858 t group_signal_handler
080068f8 T group_signal
0800694c T nxmq_recover
0800696c T pthread_release
08006984 t pthread_mutex_add
080069a8 t pthread_mutex_remove
080069e8 T pthread_mutex_take
08006a46 T pthread_mutex_give
08006a66 T pthread_mutex_inconsistent
08006aa4 T nxsched_remove_blocked
08006afc T nxsched_release_tcb
08006b60 T nxsem_recover
08006bce T nxsig_find_action
08006bf2 T nxsig_cleanup
08006c42 T nxsig_release
08006c80 T nxsig_tcbdispatch
08006ffc T nxsig_dispatch
0800702a T nxsig_deliver
08007180 T task_uninit_info
080071f0 T env_release
08007222 T nxmq_wait_irq
08007284 T nxsig_release_action
080072c4 T nxsig_action
0800746c T sigaction
0800748c T nxsig_alloc_pendingsigaction
080074dc T nxsig_release_pendingsigaction
08007530 T nxsig_unmask_pendingsignal
080075bc T nxsig_remove_pendingsignal
08007628 T nxsig_release_pendingsignal
0800767c T nxsig_lowest
0800769c T nxsig_pendingset
080076f4 T stm32_boardinitialize
08007706 T stm32_spidev_initialize
0800770e T stm32_spi1select
08007710 T stm32_spi1status
08007714 T stm32_spi2select
08007720 T stm32_spi2status
08007724 T stm32_usbinitialize
0800772c T stm32_usbpullup
08007746 T stm32_usbsuspend
08007748 T stm32_selectsram
08007788 T stm32_extmemgpios
080077a4 T nsh_main
080077e4 T __aeabi_drsub
080077ec T __aeabi_dsub
080077ec T __subdf3
080077f0 T __adddf3
080077f0 T __aeabi_dadd
08007a68 T __aeabi_ui2d
08007a68 T __floatunsidf
08007a88 T __aeabi_i2d
08007a88 T __floatsidf
08007aac T __aeabi_f2d
08007aac T __extendsfdf2
08007af0 T __aeabi_ul2d
08007af0 T __floatundidf
08007b00 T __aeabi_l2d
08007b00 T __floatdidf
08007b5c T __aeabi_uldivmod
08007b8c T __udivmoddi4
08007e60 W __aeabi_idiv0
08007e60 W __aeabi_ldiv0
08007e64 T up_saveusercontext
08007e94 T up_initial_state
08007f18 T up_allocate_heap
08007f30 T arm_addregion
08007f3c t stm32_timerisr
08007f48 T up_timer_initialize
08007f84 T up_idle
08007f88 T stm32_fsmc_enable
08007f98 T stm32_fsmc_disable
08007fa8 T up_create_stack
08007ff0 T up_exit
0800801c T up_initialize
0800802e T up_release_stack
08008054 T up_dump_register
0800810c T up_stack_frame
08008142 T up_use_stack
08008170 t stm32_seteprxcount
080081b4 t stm32_seteptxstatus
080081cc t stm32_seteprxstatus
080081e4 t stm32_copyfrompma
08008206 t stm32_reqcomplete
08008268 t stm32_setimask
08008288 t stm32_epunreserve
080082aa t stm32_cancelrequests
080082d0 t stm32_epwrite
08008364 t stm32_wrrequest
080083f6 t stm32_wrrequest_ep0
0800840a t stm32_allocep
080084e0 t stm32_initresume
0800851c t stm32_epdisable
08008588 t stm32_epconfigure
08008680 t stm32_getframe
080086b0 t stm32_selfpowered
080086dc t stm32_freeep
0800872a t stm32_epallocreq
08008768 t stm32_hwsetup.constprop.0
080087dc t stm32_setdevaddr.constprop.0
08008820 t stm32_ep0in.constprop.0
0800885c t stm32_rdrequest.constprop.0
08008910 t stm32_dispatchrequest.constprop.0
08008954 t stm32_hwreset.constprop.0
080089f4 t stm32_reset.constprop.0
08008a4c t stm32_epfreereq
08008a7a t stm32_epstall
08008bbc t stm32_epsubmit
08008d20 t stm32_epcancel
08008d60 t stm32_wakeup
08008dbc t stm32_epdone.constprop.0
08008e7c t stm32_hpinterrupt
08008ec0 t stm32_ep0setup.constprop.0
080091c8 t stm32_lpinterrupt
080094e4 T usbdev_register
0800956c T usbdev_unregister
080095ec T arm_usbuninitialize
08009664 T arm_usbinitialize
080096ac T binfmt_initialize
080096e4 T binfmt_exit
08009710 t elf_unloadbinary
0800971c t elf_loadbinary
080097ec T elf_initialize
08009814 t builtin_loadbinary
08009874 T builtin_initialize
0800989c T register_binfmt
080098b4 T unload_module
080098f0 t rd_open
080098fc t rd_ioctl
08009916 t rd_destroy
08009934 t rd_unlink
0800994c t rd_close
08009968 t rd_geometry
08009998 t rd_read
080099ca t rd_write
08009a04 T ramdisk_register
08009a74 T nx_vsyslog
08009aa4 T syslog_flush
08009ac8 t usbtrace_syslog
08009ae8 T usbtrace
08009b24 T usbtrace_trprintf
08009d84 T drivers_early_initialize
08009d86 T drivers_initialize
08009d9c t devnull_read
08009da0 t devnull_write
08009da4 t devnull_poll
08009dbc T devnull_register
08009dd4 t devzero_write
08009dd8 t devzero_poll
08009df0 t devzero_read
08009e00 T devzero_register
08009e18 t ptmx_read
08009e1c t ptmx_write
08009e20 T ptmx_register
08009e38 T ptmx_minor_free
08009e74 t ptmx_open
08009f24 t syslog_default_write
08009f60 t syslog_default_putc
08009f98 T syslog_channel_register
08009fc8 T syslog_initialize
08009fd6 t ramlog_file_ioctl
0800a03a t ramlog_file_open
0800a08c t ramlog_file_close
0800a0b8 t ramlog_file_read
0800a174 t ramlog_addbuf
0800a268 t ramlog_file_write
0800a270 t ramlog_file_poll
0800a2d4 T ramlog_syslog_register
0800a2f0 T ramlog_putc
0800a310 T ramlog_write
0800a31c T syslog_console_channel
0800a344 t pty_destroy
0800a3ac t pty_unlink
0800a3e2 t pty_poll
0800a4a0 t pty_ioctl
0800a5b8 t pty_write
0800a63c t pty_read
0800a768 t pty_close
0800a7fa t pty_open
0800a8ac T pty_register2
0800a988 t syslog_dev_force
0800a98c t syslog_dev_flush
0800a990 t syslog_dev_open
0800a9e2 t syslog_dev_outputready
0800aa44 T syslog_dev_uninitialize
0800aa80 t syslog_dev_write
0800ab4c t syslog_dev_putc
0800abb4 T syslog_dev_initialize
0800abdc t pipe_mmap
0800abe4 t pipe_register.constprop.0
0800ac60 T file_pipe
0800accc T pipe2
0800ad44 t pipecommon_wakeup
0800ad68 T pipecommon_allocdev
0800ad9c T pipecommon_freedev
0800adc8 T pipecommon_close
0800ae7a T pipecommon_open
0800af7a T pipecommon_read
0800b02a T pipecommon_write
0800b10e T pipecommon_poll
0800b1ce T pipecommon_ioctl
0800b2c4 T pipecommon_unlink
0800b300 t sync_reboot_handler
0800b314 T fs_initialize
0800b328 T unregister_driver
0800b348 T register_pipedriver
0800b388 T unregister_pipedriver
0800b3a0 T register_blockdriver
0800b3e0 T inode_remove
0800b464 t file_munmap_.constprop.0
0800b4d8 T file_munmap
0800b4dc T munmap
0800b4f6 t mount_findfs
0800b514 T nx_mount
0800b6b4 T mount
0800b6d4 t procfs_enum
0800b6ea t procfs_read
0800b6f4 t procfs_write
0800b704 t procfs_poll
0800b716 t procfs_ioctl
0800b71c t procfs_dup
0800b726 t procfs_rewinddir
0800b73a t procfs_bind
0800b73e t procfs_unbind
0800b744 t procfs_statfs
0800b75c t procfs_open
0800b7bc t procfs_fstat
0800b7e4 t procfs_readdir
0800b950 t procfs_closedir
0800b96c t procfs_close
0800b98c t procfs_stat
0800ba10 t procfs_opendir
0800bb18 t cpuinfo_stat
0800bb30 t cpuinfo_dup
0800bb4e t cpuinfo_read
0800bb6a t cpuinfo_close
0800bb7a t cpuinfo_open
0800bb92 t meminfo_stat
0800bbaa t meminfo_dup
0800bbd4 t memdump_read
0800bc10 t meminfo_read
0800bcf8 t meminfo_close
0800bd08 t meminfo_open
0800bd24 t memdump_write
0800bd6c T procfs_register_meminfo
0800bd80 T procfs_unregister_meminfo
0800bda0 t proc_rewinddir
0800bda8 t proc_write
0800bdc0 t proc_findnode
0800be0c t proc_stat
0800be94 t proc_readdir
0800bee8 t proc_closedir
0800bef2 t proc_close
0800bf04 t proc_opendir
0800bfc4 t proc_open
0800c04c t proc_dup
0800c074 t proc_groupenv_callback
0800c0f0 t proc_read
0800c754 t tcbinfo_running_regs
0800c76c t tcbinfo_stat
0800c784 t tcbinfo_dup
0800c7a8 t tcbinfo_close
0800c7b8 t tcbinfo_open
0800c7e0 t tcbinfo_read
0800c838 t uptime_stat
0800c850 t uptime_dup
0800c884 t uptime_read
0800c8e8 t uptime_close
0800c8f8 t uptime_open
0800c91e T procfs_memcpy
0800c94a T procfs_snprintf
0800c96e T procfs_sprintf
0800c9dc t version_stat
0800c9f4 t version_dup
0800ca18 t version_read
0800ca80 t version_close
0800ca90 t version_open
0800cab6 t romfs_mmap
0800caea t romfs_statfs
0800cb34 t romfs_rewinddir
0800cb62 t romfs_seek
0800cbbe t romfs_stat_common
0800cc20 t romfs_stat
0800cc72 t romfs_fstat
0800ccb4 t romfs_closedir
0800ccc0 t romfs_close
0800cd04 t romfs_opendir
0800cd7c t romfs_bind
0800ce02 t romfs_readdir
0800ce70 t romfs_dup
0800cefa t romfs_ioctl
0800cf4a t romfs_read
0800d02c t romfs_open
0800d0f4 t romfs_unbind
0800d16e t romfs_devread32
0800d18a t romfs_nodeinfo_search
0800d1c4 t romfs_nodeinfo_compare
0800d1de T romfs_hwread
0800d216 t romfs_devcacheread
0800d250 T romfs_filecacheread
0800d294 T romfs_hwconfigure
0800d308 T romfs_fileconfigure
0800d362 T romfs_checkmount
0800d39a T romfs_freenode
0800d3cc T romfs_finddirentry
0800d46c T romfs_parsedirentry
0800d516 T romfs_parsefilename
0800d58c t romfs_cachenode
0800d6c4 T romfs_fsconfigure
0800d734 T romfs_datastart
0800d746 t smartfs_dup
0800d754 t smartfs_rewinddir
0800d760 t smartfs_closedir
0800d76c t smartfs_statfs
0800d7d4 t smartfs_rename
0800d8e8 t smartfs_mkdir
0800d96c t smartfs_rmdir
0800d9e0 t smartfs_unlink
0800da3c t smartfs_opendir
0800dabc t smartfs_bind
0800db28 t smartfs_readdir
0800dc00 t smartfs_sync
0800dc2c t smartfs_close
0800dc94 t smartfs_truncate
0800dce0 t smartfs_ioctl
0800dd2c t smartfs_seek
0800dd6c t smartfs_write
0800df44 t smartfs_read
0800e014 t smartfs_open
0800e134 t smartfs_stat_common
0800e188 t smartfs_fstat
0800e1b8 t smartfs_stat
0800e214 t smartfs_unbind
0800e260 T smartfs_mount
0800e2f4 T smartfs_unmount
0800e364 T smartfs_finddirentry
0800e5f8 T smartfs_createentry
0800e7f0 T smartfs_deleteentry
0800e972 T smartfs_countdirentries
0800e9f2 T smartfs_sync_internal
0800ea76 T smartfs_seek_internal
0800eb50 T smartfs_shrinkfile
0800ec28 T smartfs_extendfile
0800ed50 T smartfs_get_first_mount
0800ed5c t smartfs_read
0800ed94 t smartfs_write
0800edcc t smartfs_rewinddir
0800edd4 t smartfs_status_read
0800ee6c t smartfs_debug_write
0800ee98 t smartfs_find_dirref
0800ef70 t smartfs_stat
0800efcc t smartfs_readdir
0800f058 t smartfs_closedir
0800f062 t smartfs_close
0800f072 t smartfs_opendir
0800f0a2 t smartfs_open
0800f0d8 t smartfs_dup
0800f110 t tmpfs_seek
0800f132 t tmpfs_sync
0800f136 t tmpfs_rewinddir
0800f140 t tmpfs_dup
0800f162 t tmpfs_statfs_callout
0800f1bc t tmpfs_find_dirent
0800f216 t tmpfs_find_object
0800f2e2 t tmpfs_fstat
0800f330 t tmpfs_remove_dirent
0800f37a t tmpfs_closedir
0800f39c t tmpfs_free_callout
0800f404 t tmpfs_add_dirent
0800f482 t tmpfs_realloc_file
0800f4d0 t tmpfs_truncate
0800f50e t tmpfs_alloc_directory
0800f534 t tmpfs_bind
0800f574 t tmpfs_readdir
0800f5c0 t tmpfs_mmap
0800f624 t tmpfs_read
0800f674 t tmpfs_write
0800f6d4 t tmpfs_release_lockedfile
0800f70e t tmpfs_close
0800f72a t tmpfs_release_lockedobject
0800f73e t tmpfs_find_directory
0800f778 t tmpfs_rmdir
0800f838 t tmpfs_opendir
0800f8b0 t tmpfs_find_file
0800f914 t tmpfs_unlink
0800f9c4 t tmpfs_open
0800fb3e t tmpfs_foreach
0800fbb8 t tmpfs_statfs
0800fc38 t tmpfs_rename
0800fd3c t tmpfs_unbind
0800fd84 t tmpfs_getpath.constprop.0
0800fde8 t tmpfs_ioctl
0800fe26 t tmpfs_mkdir
0800ff04 t tmpfs_stat
0800ff8a t tmpfs_unmap
0800ffe6 T file_dup2
0801008c T nx_dup2
080100ac t file_vioctl
08010210 T file_ioctl
0801022a T ioctl
0801029e t file_vopen
080103e6 t nx_vopen
0801043e T file_open
0801048c T fdlist_open
080104a8 T nx_open
080104d8 T open
08010518 T file_readv
080105e2 T file_read
080105f6 T nx_readv
08010620 T readv
0801063a T read
0801064e T nx_unlink
0801072c T unlink
08010748 T file_writev
08010818 T file_write
0801082c T nx_writev
08010856 T writev
08010870 T write
08010884 t dir_ioctl
080108b2 t dir_read
0801098e t dir_close
080109d4 t dir_seek
08010a94 T dir_allocate
08010b44 t dir_open
08010b4c T find_blockdriver
08010bc2 T find_mtddriver
08010c18 T mtd_proxy
08010cc0 T block_proxy
08010d80 T inode_find
08010db4 T inode_getpath
08010e00 t mount_stat
08010e18 t mount_dup
08010e3c t mount_read
08010e88 t mount_sprintf
08010ecc t usage_entry
08010f90 t blocks_entry
08010fe4 t mount_entry
08011010 t mount_close
08011020 t mount_open
08011080 T fs_gettype
080110d0 T inode_stat
080111a8 T nx_stat
08011226 T stat
08011242 T lstat
0801125e T open_blockdriver
080112a8 t mountpoint_filter
08011330 T foreach_mountpoint
08011348 t foreach_inodelevel
080113c0 T foreach_inode
08011404 T builtin_isavail
08011428 T builtin_for_index
08011444 T libelf_bind
08011e2c T libelf_initialize
08011ef8 T libelf_load
080121f4 T libelf_loadhdrs
080122d8 T libelf_verifyheader
0801233c T libelf_read
080123dc T libelf_sectname
080124a8 T libelf_findsection
08012500 t libelf_symname
080125d0 t findep
080125d8 t libelf_symcallback
08012618 T libelf_findsymtab
08012664 T libelf_readsym
080126a0 T libelf_symvalue
08012778 T libelf_findglobal
080127c8 T libelf_freesymtab
080127f0 T libelf_freebuffers
08012820 T libelf_uninitialize
08012840 T libelf_unload
08012870 T libelf_uninit
08012904 T up_checkarch
08012948 T up_relocate
08012c74 T up_relocateadd
08012c90 T circbuf_init
08012cbe T circbuf_reset
08012cc6 T circbuf_uninit
08012ce2 T circbuf_used
08012cea T circbuf_space
08012cf6 T circbuf_is_init
08012d00 T circbuf_is_empty
08012d0c T circbuf_is_full
08012d1a T circbuf_peekat
08012d72 T circbuf_peek
08012d7c T circbuf_read
08012d8c T circbuf_skip
08012da2 T circbuf_resize
08012dfa T circbuf_write
08012e44 T getumask
08012e50 T uname
08012ea8 T lib_get_tempbuffer
08012f00 T lib_put_tempbuffer
08012f38 t fnmatch_one.isra.0
0801300c T fnmatch
08013044 T pthread_exit
0801305a T task_setcancelstate
080130ae T nxtask_startup
080130c4 T nxsig_addset
080130e8 T sigaddset
08013100 T nxsig_delset
08013126 T sigemptyset
08013130 T sigfillset
0801313c T nxsig_nandset
08013156 T sigandset
0801316c T sigorset
08013182 T nxsig_xorset
08013198 T sigisemptyset
080131aa T nxsig_ismember
080131c8 T posix_spawnattr_init
08013208 T posix_spawnattr_destroy
0801320c T snprintf
0801323c T vsnprintf
08013266 T dprintf
08013280 T vdprintf
080132b0 T atoi
080132b8 T exit
080132d8 T bsearch
0801330e t swapfunc
08013340 t med3
0801337e T qsort
080135de t rawoutstream_puts
0801360a t rawoutstream_putc
08013620 T lib_rawoutstream
08013640 t syslograwstream_puts
08013670 t syslograwstream_putc
080136a0 T lib_syslograwstream_open
080136c0 t bufferedoutstream_flush
080136da t bufferedoutstream_puts
08013712 t bufferedoutstream_putc
08013728 T lib_bufferedoutstream
0801374c T strcspn
08013768 T strdup
08013788 T nx_strdup
080137a8 T nx_strndup
080137cc T strlcat
08013812 T memcmp
08013842 T memrchr
0801385a T strchr
08013870 T strcmp
08013884 T memchr
080138a6 T strncmp
080138cc T strrchr
080138e4 T symtab_findbyname
0801390a T clock_calendar2utc
08013940 T clock_daysbeforemonth
08013958 T clock_isleapyear
08013984 T time
080139a2 T task_get_info
080139ac t tls_dtor
080139b0 T task_tls_alloc
080139fc T task_tls_destruct
08013a28 T gethostname
08013a4c T builtin_getname
08013a58 T libelf_depend
08013a94 T libelf_undepend
08013ac4 T libelf_allocbuffer
08013af8 T libelf_reallocbuffer
08013b30 T libelf_registry_lock
08013b3c T libelf_registry_unlock
08013b48 T libelf_registry_foreach
08013b78 T lib_cxx_initialize
08013b7a T fflush
08013ba4 T lib_flushall
08013bf6 T lib_fflush_unlocked
08013c5e T lib_fflush
08013c78 T flockfile
08013c7e T funlockfile
08013c84 T lib_get_streams
08013c8e T lib_get_stream
08013ca0 T mm_map_lock
08013cbc T mm_map_unlock
08013cd4 T mm_map_initialize
08013cea T mm_map_destroy
08013d2a T mm_map_add
08013d9c T mm_map_find
08013dde T mm_map_remove
08013e52 t mallinfo_handler
08013e84 T mm_mallinfo
08013ed4 T mm_foreach
08013f28 t memdump_record_comare
08013f44 t memdump_allocnode
08013f68 t memdump_handler
0801402c T mm_memdump
08014150 T umm_initialize
0801416c T umm_addregion
0801417c T memalign
080141a0 T realloc
080141c4 T mm_addregion
0801426a T mm_initialize
080142d0 T mm_uninitialize
080142e6 T mm_memalign
08014444 T mm_realloc
080146d8 T mm_shrinkchunk
080147b2 T env_foreach
080147e0 T nx_pthread_exit
08014830 T nxsched_get_scheduler
08014854 T sched_getscheduler
08014870 T nxsched_self
0801487c T nxsched_process_timer
080148bc T nxsched_process_roundrobin
08014918 T nxsig_procmask
08014988 T nxtask_exit
080149d8 T nsh_initialize
08014a04 t nsh_consolelinebuffer
08014a0a t nsh_consoleredirect
08014a2a t nsh_closeifnotclosed
08014a74 t nsh_consoleundirect
08014a92 t nsh_erroroutput
08014ab0 t nsh_consoleoutput
08014ace t nsh_consoleioctl
08014ad6 t nsh_consolerelease
08014ae8 t nsh_consoleexit
08014af8 t nsh_consoleread
08014b30 t nsh_consolewrite
08014b68 T nsh_newconsole
08014bec t nsh_consoleclone
08014bf8 T nsh_script
08014d0c T nsh_sysinitscript
08014d20 T nsh_initscript
08014d5c t nsh_getwd
08014d70 T nsh_getcwd
08014d7c T nsh_getfullpath
08014dcc T nsh_freefullpath
08014dd4 T cmd_cd
08014e98 T cmd_echo
0801503c T cmd_env
0801504c T cmd_pwd
0801506c T cmd_set
0801517c T cmd_unset
080151b8 T nsh_update_prompt
080151fc T nsh_prompt
08015204 t getpid_callback
080152c0 T nsh_catfile
080153e8 T nsh_readfile
0801548c T nsh_foreach_direntry
08015510 T nsh_trimdir
08015534 T nsh_trimspaces
08015570 T nsh_getdirpath
080155c0 T nsh_getpid
080155f8 T nsh_consolemain
08015620 t readline_write
0801562c t readline_putc
08015658 t readline_getc
08015688 T readline_fd
08015710 T readline_common
080157d0 t nsh_strchr
080157f4 t nsh_dequote
0801581e t nsh_cmdenabled
08015864 t nsh_strcat
080158bc t nsh_memlist_add
080158d0 t nsh_saveresult
08015940 t nsh_execute
08015ae8 t nsh_alist_free.part.0
08015b20 t nsh_argument
08016124 t nsh_parse_command
080169ac T nsh_parse
08016a60 T cmd_break
08016a8c t cmd_unrecognized
08016aa0 t cmd_true
08016aa4 t cmd_false
08016aaa t cmd_exit
08016ab4 t cmd_expr
08016b60 t help_showcmd
08016b84 t help_cmd.isra.0
08016bcc t cmd_help
08016eb8 T nsh_command
08016f2c t cp_handler
0801708c t cp_recursive
080171b8 t unlink_recursive
0801728c t ls_specialdir
080172b4 t ls_handler
080174cc t ls_recursive
08017540 t fdinfo_callback
080175d4 T cmd_basename
0801761c T cmd_dirname
08017638 T cmd_cat
080176cc T cmd_dmesg
0801777c T cmd_cp
08017834 T cmd_ls
080179b4 T cmd_mkdir
08017a78 T cmd_mkfifo
08017acc T cmd_mkrd
08017bd4 T cmd_mksmartfs
08017cb0 T cmd_mv
08017d34 T cmd_rm
08017e4c T cmd_rmdir
08017e9c T cmd_source
08017ea8 T cmd_cmp
08017fdc T cmd_truncate
0801810c T cmd_fdinfo
0801818c T ps_readprocfs
0801820c t ps_callback
0801852c T cmd_exec
08018574 T cmd_ps
08018658 T cmd_pidof
080186cc T cmd_kill
08018774 T cmd_pkill
08018838 T cmd_sleep
08018874 T cmd_usleep
080188b0 T cmd_uptime
08018ac4 T cmd_free
08018ad4 T cmd_time
08018b90 T cmd_watch
08018c80 T cmd_uname
08018dec T nsh_dumpbuffer
08018eb4 T cmd_xd
08018f0c T cmd_hexdump
08019094 T nsh_session
080191a0 T nsh_builtin
0801928c T nsh_fileapp
08019478 T cmd_df
080194ac T cmd_mount
08019618 T cmd_umount
080196c4 T cmd_printf
080197a0 t expression
08019aa8 T cmd_test
08019ab0 T cmd_lbracket
08019af0 T cmd_wait
08019c04 t alias_delete
08019c8a t alias_find.isra.0
08019ca6 T alias_init
08019cc8 T nsh_aliasfind
08019cee T nsh_aliasfree
08019cf4 T cmd_alias
08019e28 T cmd_unalias
08019eac T issmartfs
08019eee T mksmartfs
08019f88 T exec_builtin
0801a0b0 T adb_log_impl
0801a0f0 T adb_reboot_impl
0801a104 T adbd_main
0801a178 T adb_hal_create_context
0801a19c T adb_hal_destroy_context
0801a19e T adb_hal_create_client
0801a1a2 T adb_hal_destroy_client
0801a1a8 T adb_hal_run
0801a1d0 T adb_uv_create_client
0801a1e0 T adb_uv_close_client
0801a1fc T adb_hal_apacket_release
0801a238 T adb_uv_packet_allocate
0801a27c T adb_uv_after_write
0801a2d0 T adb_uv_allocate_frame
0801a31c T adb_uv_on_data_available
0801a3fc t usb_uv_on_data_available
0801a408 t usb_uv_allocate_frame
0801a410 t usb_uv_close
0801a430 t usb_uv_on_close
0801a438 t usb_uv_write
0801a4a0 t usb_uv_kick
0801a4e0 T adb_uv_usb_setup
0801a658 t send_frame
0801a6b8 t adb_client_find_service.isra.0
0801a6d0 T adb_send_okay_frame
0801a6ec T adb_send_data_frame
0801a700 T adb_register_service
0801a734 T adb_service_close
0801a79c T adb_client_kick_services
0801a7b2 T adb_create_client
0801a7c8 T adb_destroy_client
0801a814 T adb_process_packet
0801aa70 T adb_check_frame_header
0801aac0 T adb_check_auth_frame_header
0801ab10 T adb_check_frame_data
0801ab36 t state_reset
0801ab70 t file_sync_on_close
0801ab82 t read_from_packet
0801abd8 t state_process_list
0801acf4 t prepare_fail_message.constprop.0
0801ad5c t state_process_recv.isra.0
0801ade0 t file_sync_on_ack
0801ae40 t prepare_fail_errno.isra.0
0801ae5c t file_sync_on_write
0801b2f8 T file_sync_service
0801b314 t logcat_on_write
0801b31a t close_cb
0801b320 t logcat_on_close
0801b344 t logcat_on_data_available
0801b410 t logcat_on_kick
0801b424 t logcat_on_ack
0801b43c T logcat_service
0801b4f4 t on_child_exit
0801b528 t shell_close_process_callback
0801b530 t shell_close
0801b550 t shell_close_pipe_callback
0801b55c t shell_write
0801b5c4 t shell_after_write
0801b60c t pipe_on_data_available
0801b688 t shell_kick.part.0
0801b6b0 t shell_kick
0801b6bc t alloc_buffer
0801b6f0 t shell_ack
0801b700 T shell_service
0801b8b4 T adb_fill_connect_data
0801b940 t print_usage
0801b968 t dd_read
0801b9e0 T dd_main
0801bfdc T sh_main
0801bfe0 t handler
0801bfec t show_usages
0801c000 t get_cpu
0801c08c t get_heap
0801c108 t get_stack
0801c184 t print_result
0801c3c0 t transfer.constprop.0
0801c44c T showinfo_main
0801c878 T buttons_main
0801c904 t fbdev_get_pinfo
0801c9a4 T fb_main
0801cf0c T hello_main
0801cf1c t led_daemon
0801d084 t sigterm_action
0801d0c0 T leds_main
0801d124 T lvgldemo_main
0801d188 T __aeabi_dmul
0801d188 T __muldf3
0801d3dc T __aeabi_ddiv
0801d3dc T __divdf3
0801d5ac T __aeabi_d2uiz
0801d5ac T __fixunsdfsi
0801d5ec T __aeabi_frsub
0801d5f4 T __aeabi_fsub
0801d5f4 T __subsf3
0801d5f8 T __addsf3
0801d5f8 T __aeabi_fadd
0801d758 T __aeabi_ui2f
0801d758 T __floatunsisf
0801d760 T __aeabi_i2f
0801d760 T __floatsisf
0801d77c T __aeabi_ul2f
0801d77c T __floatundisf
0801d78c T __aeabi_l2f
0801d78c T __floatdisf
0801d808 T up_show_cpuinfo
0801d988 T up_nputs
0801d9a0 T bchdev_register
0801d9d4 t bch_open
0801da04 t bch_seek
0801da60 t bch_unlink
0801da96 t bch_poll
0801daae t bch_ioctl
0801db6e t bch_close
0801dbbc t bch_write
0801dc08 t bch_read
0801dc4a t ftl_open
0801dc56 t ftl_ioctl
0801dc66 t ftl_unlink
0801dc86 t ftl_close
0801dcac t ftl_geometry
0801dcde t ftl_update_map
0801dcfa t ftl_mtd_bread
0801ddec t ftl_read
0801ddfe t ftl_mtd_bwrite
0801de72 t ftl_mtd_erase
0801deca t ftl_write
0801e0dc T ftl_initialize_by_path
0801e19c T syslog_write_foreach
0801e278 T syslog_write
0801e2ae T bchlib_setup
0801e33e T bchlib_teardown
0801e372 T bchlib_read
0801e43e T bchlib_write
0801e53a T bchlib_flushsector
0801e56e T bchlib_readsector
0801e5b8 T close_blockdriver
0801e5ea t file_mmap_
0801e698 T mmap
0801e6fc t unmap_anonymous
0801e740 T map_anonymous
0801e78c T nx_umount2
0801e858 T umount2
0801e872 T file_fstat
0801e948 T nx_fstat
0801e96e T fstat
0801e988 T file_seek
0801e9c8 T nx_seek
0801e9f2 T lseek
0801ea0c T mkdir
0801eab8 T rename
0801ecf8 T rmdir
0801eda2 T select
0801efc4 T statfs
0801f066 T file_truncate
0801f094 T ftruncate
0801f0d4 T isxdigit
0801f0f0 T tolower
0801f0fc T opendir
0801f132 T closedir
0801f158 T readdir
0801f180 T basename
0801f1c0 T dirname
0801f218 T mkfifo
0801f236 T lib_dumpbuffer
0801f24a t lib_dumpvbuffer_handler
0801f268 T lib_dumpvhandler
0801f348 T lib_dumpvbuffer
0801f360 T signal
0801f3b6 T posix_spawn_file_actions_adddup2
0801f3de T posix_spawn_file_actions_addopen
0801f424 T posix_spawn_file_actions_destroy
0801f43a T posix_spawn_file_actions_init
0801f442 T posix_spawnattr_setflags
0801f448 T posix_spawnattr_setschedparam
0801f450 T posix_spawnattr_setschedpolicy
0801f456 T posix_spawnattr_setstacksize
0801f45c T printf
0801f480 T puts
0801f4da T sscanf
0801f4f4 T vsscanf
0801f51c T lib_mode2oflags
0801f5e2 T fdopen
0801f68e T fopen
0801f6c6 T fclose
0801f7e4 T fgets_unlocked
0801f800 T fgets
0801f824 t consume_eol
0801f83a T lib_fgets_unlocked
0801f8c2 T lib_fwrite_unlocked
0801f9a4 T lib_rdflush_unlocked
0801f9fa T fputs_unlocked
0801fa54 T fputs
0801fa74 T fprintf
0801fa8e T vfprintf
0801fac0 T itoa
0801fb28 T lib_realpath
0801fc58 T realpath
0801fc60 T ptsname
0801fc78 T ptsname_r
0801fca4 T unlockpt
0801fcb0 T posix_openpt
0801fcbc t meminstream_getc
0801fcd6 t meminstream_gets
0801fd04 T lib_meminstream
0801fd20 t vscanf_internal
080203b0 T lib_vscanf
080203c2 t stdoutstream_flush
080203c8 t stdoutstream_puts
080203f6 t stdoutstream_putc
0802041c T lib_stdoutstream
08020458 T strerror
08020480 T strstr
080204c0 T strtok
080204cc T strtok_r
08020526 T memmove
0802054c T strcat
0802056c T strcpy
0802057c T cfmakeraw
080205aa T isatty
080205be T tcgetattr
080205c8 T tcsetattr
080205f2 t get_week_num
080206c4 t get_week_year
080206f4 T strftime
08020b40 t adjust
08020b68 T timegm
08020c8c T mktime
08020c90 T gmtime
08020c9c T localtime
08020ca0 T gmtime_r
08020dc0 T localtime_r
08020dc4 T getcwd
08020e34 T getopt
08020e46 T getoptargp
08020e4e T getoptindp
08020e58 T getoptoptp
08020e64 T sleep
08020e9c T usleep
08020ecc T chdir
08020f50 T truncate
08020f76 T add_file_action
08020f90 T fgetc_unlocked
08020fb0 T fwrite_unlocked
08020fca T fwrite
08020ff2 T fputc_unlocked
0802102e T fputc
0802104e T strtoll
080210e4 T strtoull
0802120c T tcflush
08021216 T tcdrain
08021220 T clock_dayoftheweek
0802126c t getopt_long_option
0802134e T getopt_common
080214b0 T getoptvars
080214ba T lib_fread_unlocked
080215da T lib_wrflush_unlocked
080215f8 T mallinfo
0802160c T pthread_join
080216ac T sysinfo
080216fc T nxsched_waitpid
08021858 T waitpid
08021874 T nxsig_kill
080218b8 T kill
080218d4 T nxsig_wait_irq
08021930 t nxsig_timeout
08021958 T nxsig_clockwait
08021a6c T nxsig_timedwait
08021b5c T clock_nanosleep
08021b7c T posix_spawn
08021bba T boardctl
08021c12 T board_app_initialize
08021c18 T stm32_bringup
08021cfc T stm32_w25initialize
08021d60 t nsh_system_.isra.0
08021d82 T nsh_system_ctty
08021d8a T lv_demos_create
08021d8e T lv_demos_show_help
08021d90 T buttons_read
08021df8 t millis
08021e20 t syslog_print
08021e38 T lv_nuttx_dsc_init
08021e58 T lv_nuttx_init
08021f04 T lv_nuttx_deinit
08021f54 t flush_cb
08022040 t display_release_cb
08022088 t display_refr_timer_cb
080220c8 T lv_nuttx_fbdev_create
08022128 T lv_nuttx_fbdev_set_file
080222fc t free_cb
08022310 t malloc_cb
0802240c T lv_nuttx_image_cache_init
08022450 T lv_nuttx_image_cache_deinit
0802248c t indev_reset_check
080224a4 t indev_scroll_throw_anim_completed_cb
080224b8 t indev_proc_reset_query_handler
080224f4 t indev_scroll_throw_anim_cb
08022534 T lv_indev_create
080225a4 T lv_indev_get_next
080225b8 T lv_indev_active
080225c4 T lv_indev_set_type
080225d2 T lv_indev_set_read_cb
080225d8 T lv_indev_get_type
080225de T lv_indev_get_state
080225e4 T lv_indev_get_group
080225ec T lv_indev_get_display
080225f2 T lv_indev_set_display
080225f8 T lv_indev_set_group
0802260a T lv_indev_get_point
0802262e T lv_indev_get_scroll_dir
08022648 T lv_indev_get_scroll_obj
0802265c T lv_indev_get_vect
08022678 T lv_indev_wait_release
08022684 T lv_indev_get_active_obj
08022690 T lv_indev_search_obj
08022720 t pointer_search_obj
0802276c T lv_indev_send_event
080227a8 T lv_indev_delete
080227ec t send_event
08022850 t indev_proc_short_click
080228f8 t indev_proc_press
08022cf4 t indev_proc_release
08022f5c T lv_indev_read
080236f0 T lv_indev_read_timer_cb
080236f8 t indev_reset_core
08023790 T lv_indev_reset
080237c8 t find_snap_point_y
080238d4 t find_snap_point_x
080239dc t elastic_diff
08023b64 T lv_indev_scroll_throw_predict
08023b94 T lv_indev_scroll_throw_handler
08023d9c T lv_indev_find_scroll_obj
080240c0 T lv_indev_scroll_handler
080243ec T lv_is_initialized
080243f8 T lv_init
08024490 T lv_deinit
08024510 t cache_evict_one_internal_no_lock
08024542 t cache_add_internal_no_lock
08024590 T lv_cache_create
080245f0 T lv_cache_destroy
08024630 T lv_cache_acquire
08024684 T lv_cache_release
080246dc T lv_cache_add
08024730 T lv_cache_evict_one
08024764 T lv_cache_get_max_size
08024768 T lv_cache_is_enabled
08024772 T lv_cache_set_name
08024778 T lv_cache_entry_inc_ref
08024794 T lv_cache_entry_dec_ref
080247b4 T lv_cache_entry_get_ref
080247cc T lv_cache_entry_is_invalid
080247e4 T lv_cache_entry_get_data
080247fc T lv_cache_entry_acquire_data
08024820 T lv_cache_entry_release_data
08024848 T lv_cache_entry_get_entry
08024860 T lv_cache_entry_get_size
08024864 T lv_cache_entry_init
0802488c T lv_cache_entry_delete
080248ac t image_cache_free_cb
080248d4 t image_cache_compare_cb
08024908 T lv_image_cache_init
08024964 T lv_image_cache_is_enabled
08024974 t image_header_cache_free_cb
08024982 t image_header_cache_compare_cb
080249b8 T lv_image_header_cache_init
08024a14 T lv_image_header_cache_is_enabled
08024a24 t remove_anim
08024a48 T lv_anim_path_linear
08024a6e t lv_anim_path_cubic_bezier
08024aa8 t convert_speed_to_time
08024adc t resolve_time
08024b18 t anim_mark_list_change
08024b48 t remove_concurrent_anims.isra.0
08024bb8 t anim_timer
08024d58 T lv_anim_core_init
08024d88 T lv_anim_init
08024dbc T lv_anim_start
08024e54 T lv_anim_delete
08024e9c T lv_anim_delete_all
08024eb8 T lv_anim_core_deinit
08024ebc T lv_anim_get
08024eec T lv_anim_speed_clamped
08024f2e T lv_anim_path_ease_out
08024f48 T lv_anim_path_step
08024f56 T lv_anim_path_custom_bezier3
08024f74 T lv_anim_set_var
08024f78 T lv_anim_set_exec_cb
08024f7c T lv_anim_set_duration
08024f80 T lv_anim_set_delay
08024f86 T lv_anim_set_values
08024f92 T lv_anim_set_path_cb
08024f96 T lv_anim_set_start_cb
08024f9a T lv_anim_set_completed_cb
08024f9e T lv_anim_set_deleted_cb
08024fa2 T lv_anim_set_playback_duration
08024fa6 T lv_anim_set_playback_delay
08024faa T lv_anim_set_repeat_count
08024fae T lv_anim_set_repeat_delay
08024fb2 T lv_anim_set_early_apply
08024fc0 T lv_anim_set_user_data
08024fc4 T lv_anim_set_bezier3_param
08024fda t lv_point_within_circle
0802500c T lv_area_set
08025018 T lv_area_set_width
08025022 T lv_area_set_height
0802502c T lv_area_get_size
08025040 T lv_area_increase
0802505a T lv_area_move
08025074 T lv_area_intersect
080250ba T lv_area_join
080250ee T lv_area_is_point_on
080251c8 T lv_area_is_on
080251f2 T lv_area_is_in
0802526a T lv_area_diff
08025362 T lv_area_is_out
080253e0 T lv_area_align
0802555c T lv_point_array_transform
080256f2 T lv_point_transform
0802570e T lv_area_get_width
08025718 T lv_area_get_height
08025722 T lv_point_from_precise
0802572c T lv_point_to_precise
08025736 T lv_point_set
0802573c T lv_point_swap
08025754 T lv_pct
0802577c T lv_pct_to_px
080257ae t cleanup_event_list_core
08025806 t cleanup_event_list
08025824 T lv_event_push
08025834 T lv_event_pop
08025840 T lv_event_send
08025900 T lv_event_add
0802594c T lv_event_remove_all
08025994 T lv_event_get_current_target
08025998 T lv_event_get_target
0802599c T lv_event_get_code
080259a4 T lv_event_get_param
080259a8 T lv_event_get_user_data
080259ac T lv_event_mark_deleted
080259d0 T lv_fs_init
080259dc T lv_fs_deinit
080259e8 T lv_fs_close
08025a2c T lv_fs_read
08025bf8 T lv_fs_seek
08025c6c T lv_fs_get_drv
08025c98 T lv_fs_open
08025d50 T lv_fs_get_ext
08025d7c T lv_iter_create
08025dc0 t node_set_prev
08025dc8 t node_set_next
08025dd2 T lv_ll_init
08025de2 T lv_ll_ins_head
08025e18 T lv_ll_ins_prev
08025e6e T lv_ll_ins_tail
08025ea6 T lv_ll_remove
08025ef8 T lv_ll_clear_custom
08025f26 T lv_ll_get_head
08025f2c T lv_ll_get_tail
08025f32 T lv_ll_get_next
08025f3a T lv_ll_get_prev
08025f40 T lv_ll_get_len
08025f58 T lv_ll_move_before
08025fa6 T lv_ll_is_empty
08025fbe T lv_ll_clear
08025fc4 T lv_log_register_print_cb
08025fd0 T lv_trigo_sin
08026048 T lv_cubic_bezier
0802614c T lv_atan2
080261e8 T lv_pow
08026218 T lv_map
0802624c T lv_rand_set_seed
08026258 T lv_trigo_cos
08026260 t lv_timer_handler_resume
0802627c T lv_timer_core_init
08026298 T lv_timer_create
080262f4 T lv_timer_set_cb
0802630c T lv_timer_delete
0802632c T lv_timer_pause
08026348 T lv_timer_handler
080264ac T lv_timer_resume
080264d0 T lv_timer_ready
080264f4 T lv_timer_core_deinit
08026508 T lv_timer_get_next
0802651c T lv_timer_get_user_data
08026520 T lv_timer_get_paused
08026528 T lv_os_init
0802652a T lv_lock
0802652c T lv_unlock
0802652e T lv_mutex_init
08026532 T lv_mutex_lock
08026536 T lv_mutex_unlock
0802653a T lv_mutex_delete
08026540 T lv_mem_init
0802658c T lv_mem_deinit
080265a8 T lv_malloc_core
080265e0 T lv_realloc_core
08026630 T lv_free_core
0802665c t _out_buffer
08026664 t _out_null
08026666 t _ntoa_format
080267be t _ntoa_long
08026842 t _ntoa_long_long
080268e4 t lv_vsnprintf_inner
08026db4 T lv_snprintf
08026ddc T lv_vsnprintf
08026df8 T lv_memcpy
08026fea T lv_memset
08027038 T lv_memmove
08027078 T lv_strlen
08027086 T lv_strcpy
08027096 T lv_strcmp
080270ac T lv_strdup
080270cc t remove_free_block
08027128 t block_next
08027148 t block_link_next
08027154 t block_split
080271d0 t adjust_request_size
08027204 t block_absorb
08027234 t mapping_insert
0802725c t block_insert
080272cc t block_prepare_used
08027340 t block_remove
08027364 t block_merge_next
080273b0 t block_locate_free
0802746c T lv_tlsf_block_size
08027478 T lv_tlsf_add_pool
080274bc T lv_tlsf_create
080274f4 T lv_tlsf_create_with_pool
08027510 T lv_tlsf_destroy
08027512 T lv_tlsf_get_pool
08027518 T lv_tlsf_malloc
0802753c T lv_tlsf_free
080275c8 T lv_tlsf_realloc
080276cc T lv_malloc
080276dc T lv_malloc_zeroed
08027700 T lv_free
08027714 T lv_realloc
0802773c t theme_apply
08028510 t lv_style_set_pad_gap
08028526 t lv_style_set_pad_ver
0802853c t grey_filter_cb
080285a4 t dark_color_filter_cb
080285b0 t lv_style_set_pad_hor
080285c6 t lv_style_set_pad_all
080285ec t style_init_reset
08028604 T lv_theme_default_deinit
0802863c T lv_theme_default_is_inited
08028650 T lv_theme_default_init
08029e70 T lv_theme_default_get
08029e84 T lv_theme_simple_deinit
08029ebc T lv_tick_get
08029ee0 T lv_tick_elaps
08029eec T lv_tick_set_cb
08029ef8 t get_angle
08029f52 t lv_arc_angle_within_bg_bounds
08029fd6 t lv_obj_get_style_arc_width
08029fe4 t lv_obj_get_style_pad_left
08029ff2 t lv_obj_get_style_pad_right
0802a000 t lv_obj_get_style_pad_top
0802a00e t lv_obj_get_style_pad_bottom
0802a01c t get_center
0802a0a2 t get_knob_area
0802a154 t lv_arc_constructor
0802a1c4 t inv_arc_area
0802a258 t knob_get_extra_size
0802a302 t inv_knob_area
0802a33a T lv_arc_set_start_angle
0802a3a2 T lv_arc_set_end_angle
0802a40a T lv_arc_set_angles
0802a422 t value_update
0802a4d0 T lv_arc_set_bg_start_angle
0802a52e T lv_arc_set_bg_end_angle
0802a58c T lv_arc_set_bg_angles
0802a5a4 T lv_arc_set_rotation
0802a5c0 T lv_arc_set_value
0802a5e8 t lv_arc_event
0802ab54 t lv_bar_destructor
0802ab70 t lv_bar_anim_completed
0802ab9a t lv_bar_anim
0802aba4 t lv_bar_set_value_with_anim
0802ac50 T lv_bar_set_value
0802ac86 t lv_bar_constructor
0802ace0 T lv_bar_set_start_value
0802ad1e T lv_bar_get_value
0802ad2a T lv_bar_get_start_value
0802ad46 T lv_bar_get_mode
0802ad50 T lv_bar_is_symmetrical
0802ad78 t draw_indic
0802b218 t lv_bar_event
0802b2dc t lv_button_constructor
0802b2f8 T lv_button_create
0802b310 t lv_buttonmatrix_destructor
0802b328 t lv_obj_get_style_pad_column.constprop.0
0802b338 t lv_buttonmatrix_set_map.part.0
0802b5a4 t lv_buttonmatrix_constructor
0802b5d0 t draw_main
0802b8f8 t get_button_from_point
0802ba4c t invalidate_button_area
0802bb00 T lv_buttonmatrix_create
0802bb18 T lv_buttonmatrix_set_map
0802bb20 T lv_buttonmatrix_set_ctrl_map
0802bb3a T lv_buttonmatrix_set_selected_button
0802bb66 T lv_buttonmatrix_clear_button_ctrl
0802bb94 T lv_buttonmatrix_clear_button_ctrl_all
0802bbb2 T lv_buttonmatrix_set_button_ctrl
0802bbf8 T lv_buttonmatrix_set_button_ctrl_all
0802bc16 T lv_buttonmatrix_get_selected_button
0802bc1c T lv_buttonmatrix_get_button_text
0802bc74 T lv_buttonmatrix_has_button_ctrl
0802bc90 t make_one_button_checked
0802bcbc t lv_buttonmatrix_event
0802c128 t get_month_length
0802c188 t draw_task_added_event_cb
0802c276 t get_day_of_week.constprop.0
0802c2c2 t highlight_update
0802c344 T lv_calendar_set_showed_date
0802c47c t lv_calendar_constructor
0802c580 T lv_calendar_get_showed_date
0802c584 t my_constructor
0802c668 t value_changed_event_cb
0802c6b8 t month_event_cb
0802c74c t my_constructor
0802c7dc t value_changed_event_cb
0802c844 t month_event_cb
0802c874 t year_event_cb
0802c8d6 t lv_obj_get_style_width
0802c8e4 t lv_obj_get_style_pad_column
0802c8f2 t lv_chart_destructor
0802c95e t lv_chart_constructor
0802c9ae t lv_obj_get_style_border_width.constprop.0
0802c9be t lv_obj_get_style_pad_left.constprop.0
0802c9ce t invalidate_point
0802caf4 t lv_obj_get_style_pad_top.constprop.0
0802cb04 t draw_series_line
0802ce9c T lv_chart_get_point_pos_by_id
0802d038 t draw_cursors
0802d1fc t lv_chart_event
0802d990 t lv_checkbox_constructor
0802d9d0 t lv_checkbox_destructor
0802d9e8 t lv_checkbox_draw
0802dbe4 t lv_checkbox_event
0802dcfc t lv_dropdownlist_destructor
0802dd04 t get_label
0802dd10 t position_to_selected
0802dd68 t lv_dropdownlist_constructor
0802dd9a t lv_dropdown_destructor
0802ddbe t draw_box_label
0802de9c t draw_box
0802df4c t get_id_on_point
0802df94 T lv_dropdown_create
0802dfac T lv_dropdown_set_options
0802e034 T lv_dropdown_set_options_static
0802e09c t lv_dropdown_constructor
0802e100 T lv_dropdown_set_selected
0802e12c T lv_dropdown_get_options
0802e13c T lv_dropdown_get_selected
0802e140 T lv_dropdown_get_selected_str
0802e198 t draw_main
0802e388 T lv_dropdown_open
0802e582 T lv_dropdown_close
0802e5a8 t lv_dropdown_list_event
0802e764 T lv_dropdown_is_open
0802e776 t btn_release_handler.isra.0
0802e7f0 t lv_dropdown_event
0802e934 t lv_keyboard_update_ctrl_map
0802e99c t lv_keyboard_update_map
0802e9bc t lv_keyboard_constructor
0802ea0c T lv_keyboard_def_event_cb
0802ebfc t lv_label_dot_tmp_free
0802ec22 t lv_label_destructor
0802ec40 t set_ofs_y_anim
0802ec46 t set_ofs_x_anim
0802ec4c t calculate_x_coordinate
0802eca6 t overwrite_anim_property
0802ece4 t lv_label_revert_dots
0802ed44 t lv_obj_get_style_text_line_space.constprop.0
0802ed54 t lv_obj_get_style_text_letter_space.constprop.0
0802ed64 t lv_obj_get_style_text_font.constprop.0
0802ed74 t get_label_flags
0802edc8 T lv_label_create
0802ede0 T lv_label_set_text_selection_start
0802ede6 T lv_label_set_text_selection_end
0802edec T lv_label_get_text
0802edf0 T lv_label_get_letter_pos
0802ef68 T lv_label_get_letter_on
0802f114 t lv_label_refr_text
0802f610 T lv_label_set_text
0802f68c T lv_label_set_text_fmt
0802f6e4 T lv_label_set_text_static
0802f718 T lv_label_set_long_mode
0802f780 t lv_label_constructor
0802f7e4 t lv_label_event
0802fb40 T lv_label_is_char_under_pos
0802fce8 T lv_label_get_text_selection_start
0802fcec T lv_label_get_text_selection_end
0802fcf0 T lv_label_get_recolor
0802fcfc T lv_label_ins_text
0802fd70 t lv_led_event
0803013c t lv_led_constructor
08030162 t resolve_point_coord
0803019e t lv_line_constructor
080301b8 t lv_line_event
08030358 t lv_menu_destructor
08030360 t lv_menu_section_constructor
08030378 t lv_menu_cont_constructor
0803039c t lv_menu_constructor
080304d4 t lv_menu_value_changed_event_cb
08030524 t lv_menu_page_destructor
08030540 t lv_menu_page_constructor
08030574 t lv_menu_refr_main_header_mode
080305de T lv_menu_back_button_is_root
08030600 T lv_menu_clear_history
08030614 T lv_menu_set_page
080306f0 t lv_menu_back_event_cb
08030780 t set_y_anim
08030784 t lv_obj_get_style_text_font
08030792 t get_label
08030798 t lv_obj_get_style_text_line_space.constprop.0
080307a8 t get_sel_area
08030816 t inf_normalize
08030892 t scroll_anim_completed_cb
080308a4 t refr_position
080309c8 t draw_main
08030b74 t transform_vect_recursive
08030bf8 t get_selected_label_width
08030c48 t lv_roller_label_event
08030dbc T lv_roller_set_options
08030edc t lv_roller_constructor
08030f28 T lv_roller_set_selected
08030f7c t lv_roller_event
08031294 t scale_find_section_tick_idx
0803131a t lv_obj_get_style_line_color
08031342 t lv_obj_get_style_pad_right
08031350 t lv_obj_get_style_pad_left
0803135e t lv_obj_get_style_pad_top
0803136c t lv_obj_get_style_pad_bottom
0803137a t scale_get_center
080313fc t scale_get_label_coords
080314fc t lv_scale_destructor
08031528 t lv_scale_constructor
08031578 t scale_set_line_properties
0803163e t scale_draw_main
08031998 t scale_get_tick_points
08031c42 t scale_calculate_main_compensation
08031e28 t scale_draw_indicator
08032224 t lv_scale_event
080322a8 t is_slider_horizontal
080322c2 t lv_slider_constructor
0803231c t position_knob
080323da T lv_slider_get_mode
080323ec t update_knob_pos
080326c4 t draw_knob
08032800 t lv_slider_event
08032b48 T lv_span_stack_init
08032b70 T lv_span_stack_deinit
08032b80 t lv_spinbox_updatevalue
08032c74 t lv_spinbox_constructor
08032cc4 T lv_spinbox_step_next
08032cdc T lv_spinbox_step_prev
08032d00 T lv_spinbox_increment
08032d40 T lv_spinbox_decrement
08032d80 t lv_spinbox_event
08032ef4 t arc_anim_start_angle
08032ef8 t arc_anim_end_angle
08032efc T lv_spinner_set_anim_params
08032fa4 t lv_spinner_constructor
08032fc0 t lv_switch_anim_completed
08032fcc t lv_switch_anim_exec_cb
08032fd2 t lv_switch_destructor
08032fda t lv_switch_constructor
0803300e t draw_main
080331b4 t lv_switch_event
08033310 t lv_obj_get_style_pad_left
0803331e t lv_obj_get_style_pad_right
0803332c t lv_obj_get_style_pad_top
0803333a t get_row_height
08033416 t lv_table_destructor
0803346c t lv_table_constructor
080334a8 t get_cell_area
08033576 t scroll_to_selected_cell
080335e4 t refr_size_form_row.constprop.0
080336bc t draw_main
08033af8 t lv_table_event
08033d50 T lv_tabview_get_content
08033d56 T lv_tabview_get_tab_bar
08033d5c T lv_tabview_set_tab_bar_position
08033e68 t lv_tabview_constructor
08033ecc T lv_tabview_get_tab_count
08033ee0 T lv_tabview_set_active
08033fb0 t lv_tabview_event
08033fe4 t cont_scroll_end_event_cb
0803409c t pwd_char_hider_anim
0803409e t lv_textarea_destructor
080340c8 t cursor_blink_anim_cb
08034110 t start_cursor_blink
08034190 t lv_obj_get_style_text_font.constprop.0
080341a0 t refr_cursor_area
08034368 t label_event_cb
080343a0 T lv_textarea_set_cursor_pos
08034480 t lv_textarea_constructor
08034514 T lv_textarea_set_cursor_click_pos
08034522 T lv_textarea_set_one_line
0803458e T lv_textarea_get_text
080345a0 T lv_textarea_get_cursor_pos
080345a4 T lv_textarea_get_password_bullet
080345d4 t pwd_char_hider
0803465c t auto_hide_characters
080346c0 t pwd_char_hider_anim_completed
080346c6 T lv_textarea_get_one_line
080346d0 T lv_textarea_clear_selection
08034708 T lv_textarea_add_text
080347f4 t insert_handler
08034834 T lv_textarea_add_char
08034934 T lv_textarea_delete_char
080349d4 T lv_textarea_delete_char_forward
080349f4 T lv_textarea_set_text
08034acc T lv_textarea_cursor_right
08034ad4 T lv_textarea_cursor_left
08034ae0 T lv_textarea_cursor_down
08034b38 T lv_textarea_cursor_up
08034b88 t lv_textarea_event
08034fdc t lv_tileview_constructor
0803501c t tileview_event_cb
080350d0 t lv_tileview_tile_constructor
080350ec t lv_win_constructor
0803516c t get_indev
080351a4 t focus_next_core
0803528c T lv_group_init
08035298 T lv_group_deinit
080352a4 T lv_group_create
080352e4 T lv_group_set_default
080352f0 T lv_group_get_default
080352fc T lv_group_focus_next
08035334 T lv_group_focus_prev
0803536c T lv_group_remove_obj
0803541c T lv_group_add_obj
08035484 T lv_group_get_focused
08035490 T lv_group_send_data
080354cc T lv_group_set_editing
0803551c T lv_group_focus_obj
080355a6 T lv_group_get_editing
080355b0 T lv_group_get_obj_count
080355cc t lv_obj_constructor
08035640 t update_obj_state
080357f4 t lv_obj_draw
08035b80 T lv_obj_create
08035ba8 T lv_obj_remove_flag
08035c28 T lv_obj_add_state
08035c56 T lv_obj_remove_state
08035c68 T lv_obj_set_state
08035c72 T lv_obj_has_flag
08035c80 T lv_obj_has_flag_any
08035c8c T lv_obj_get_state
08035c90 T lv_obj_has_state
08035c9c T lv_obj_get_group
08035ca4 t lv_obj_event
08035ff6 t lv_obj_destructor
0803604e T lv_obj_add_flag
080360dc T lv_obj_allocate_spec_attr
08036118 T lv_obj_check_type
08036124 t lv_obj_construct
08036148 T lv_obj_class_create_obj
0803620c T lv_obj_destruct
08036226 T lv_obj_is_editable
0803623c T lv_obj_is_group_def
08036252 T lv_obj_class_init_obj
080362c8 t lv_obj_get_style_bg_color_filtered
080362fe t lv_obj_get_style_text_color_filtered
08036334 T lv_obj_init_draw_rect_dsc
080366b4 T lv_obj_init_draw_label_dsc
0803677c T lv_obj_init_draw_image_dsc
08036834 T lv_obj_init_draw_line_dsc
08036900 T lv_obj_init_draw_arc_dsc
0803699e T lv_obj_calculate_ext_draw_size
08036a6e T lv_obj_get_ext_draw_size
08036a76 T lv_obj_refresh_ext_draw_size
08036ab8 T lv_obj_get_layer_type
08036ac6 T lv_obj_event_base
08036af4 t event_send_core
08036bf8 T lv_obj_send_event
08036c34 T lv_obj_add_event_cb
08036c58 T lv_event_get_indev
08036c74 T lv_event_get_layer
08036c84 T lv_event_get_key
08036c9c T lv_event_get_rotary_diff
08036cb4 T lv_event_set_ext_draw_size
08036cce t lv_obj_get_style_base_dir.constprop.0
08036ce0 t lv_obj_get_style_space_left.constprop.0
08036d14 t transform_point_array
08036e4a t lv_obj_get_style_space_bottom.constprop.0
08036e7e t lv_obj_get_style_space_top.constprop.0
08036eb2 t lv_obj_get_style_space_right.constprop.0
08036ee6 T lv_obj_set_x
08036f14 T lv_obj_set_y
08036f42 T lv_obj_set_pos
08036f58 T lv_obj_set_width
08036f86 T lv_obj_set_height
08036fb4 T lv_obj_set_size
08036fcc T lv_obj_is_layout_positioned
08037000 T lv_obj_mark_layout_as_dirty
0803702e T lv_obj_set_layout
08037044 T lv_obj_align
08037060 T lv_obj_get_coords
08037072 T lv_obj_get_x
08037098 T lv_obj_get_y
080370be T lv_obj_get_y2
080370d4 T lv_obj_get_y_aligned
080370e4 T lv_obj_get_width
080370ea T lv_obj_get_height
080370f0 T lv_obj_get_content_width
08037110 T lv_obj_get_content_height
08037130 T lv_obj_get_content_coords
08037178 T lv_obj_get_self_width
08037198 T lv_obj_get_self_height
080371b8 T lv_obj_refresh_self_size
080371f0 T lv_obj_move_children_by
08037254 T lv_obj_transform_point_array
080372ca T lv_obj_transform_point
080372d2 T lv_obj_get_transformed_area
08037366 T lv_obj_area_is_visible
08037462 T lv_obj_invalidate_area
080374b8 T lv_obj_invalidate
080374e6 T lv_obj_move_to
080375d8 T lv_obj_refr_pos
080377f8 T lv_obj_is_visible
08037826 T lv_obj_set_ext_click_area
08037836 T lv_obj_get_click_area
08037858 T lv_obj_hit_test
080378ae T lv_clamp_width
08037924 T lv_obj_refr_size
08037eac t layout_update_core
08037f10 T lv_obj_update_layout
08037f4c T lv_obj_align_to
0803836c t lv_obj_get_style_base_dir
0803837c t scroll_end_cb
08038390 t lv_obj_get_style_space_left.constprop.0
080383c4 t lv_obj_get_style_space_bottom.constprop.0
080383f8 t lv_obj_get_style_space_top.constprop.0
0803842c t lv_obj_get_style_space_right.constprop.0
08038460 T lv_obj_set_scrollbar_mode
0803848c T lv_obj_set_scroll_dir
080384aa T lv_obj_set_scroll_snap_x
080384c4 T lv_obj_set_scroll_snap_y
080384de T lv_obj_get_scrollbar_mode
080384f0 T lv_obj_get_scroll_dir
08038500 T lv_obj_get_scroll_snap_x
0803850e T lv_obj_get_scroll_snap_y
0803851c T lv_obj_get_scroll_x
08038526 T lv_obj_get_scroll_y
08038530 T lv_obj_get_scroll_top
08038534 T lv_obj_get_scroll_bottom
080385cc T lv_obj_get_scroll_left
08038684 T lv_obj_get_scroll_right
08038730 T lv_obj_get_scroll_end
08038770 T lv_obj_scroll_by_raw
080387bc t scroll_y_anim
080387d2 t scroll_x_anim
080387e8 T lv_obj_scroll_by
08038908 T lv_obj_scroll_by_bounded
080389c0 T lv_obj_scroll_to_x
080389e8 T lv_obj_scroll_to_y
08038a10 T lv_obj_scroll_to
08038a2c t scroll_area_into_view
08038c64 T lv_obj_scroll_to_view_recursive
08038c9c T lv_obj_get_scrollbar_area
080392a4 T lv_obj_scrollbar_invalidate
080392e6 T lv_obj_readjust_scroll
08039376 t refresh_children_style
080393b0 t lv_style_get_prop_inlined
080393f4 t get_prop_core
080394d0 t get_selector_style_prop.constprop.0
08039554 t trans_delete.isra.0
080395f4 t get_trans_style
080396a4 t style_has_flag.constprop.0
080396ec T lv_obj_style_init
080396f8 T lv_obj_style_deinit
08039718 T lv_obj_enable_style_refresh
08039724 T lv_obj_get_style_prop
08039760 T lv_obj_get_local_style_prop
08039796 T lv_obj_style_apply_color_filter
080397e4 T lv_obj_style_state_compare
080399d6 T lv_obj_calculate_style_text_align
080399fc T lv_obj_get_style_opa_recursive
08039a5c T lv_obj_update_layer_type
08039b18 T lv_obj_refresh_style
08039c0c T lv_obj_remove_style
08039d18 T lv_obj_remove_style_all
08039d24 t trans_anim_completed_cb
08039dcc T lv_obj_add_style
08039eac t report_style_change_core
08039efc T lv_obj_report_style_change
08039f38 T lv_obj_set_local_style_prop
0803a04c T lv_obj_remove_local_style_prop
0803a0a0 T lv_obj_style_create_transition
0803a214 t trans_anim_start_cb
0803a260 t trans_anim_cb
0803a3c0 T lv_obj_set_style_width
0803a3ce T lv_obj_set_style_min_width
0803a3dc T lv_obj_set_style_height
0803a3ea T lv_obj_set_style_x
0803a3f8 T lv_obj_set_style_y
0803a406 T lv_obj_set_style_align
0803a414 T lv_obj_set_style_bg_image_src
0803a422 T lv_obj_set_style_text_align
0803a430 T lv_obj_set_style_layout
0803a43e T lv_obj_set_style_base_dir
0803a44c T lv_obj_set_style_flex_flow
0803a45a T lv_obj_set_style_flex_main_place
0803a468 T lv_obj_set_style_flex_cross_place
0803a476 T lv_obj_set_style_flex_track_place
0803a484 T lv_obj_set_style_flex_grow
0803a492 t obj_indev_reset
0803a4b0 T lv_obj_get_screen
0803a4bc T lv_obj_get_display
0803a500 T lv_obj_get_parent
0803a506 T lv_obj_get_child
0803a524 T lv_obj_get_child_by_type
0803a56c T lv_obj_get_child_count
0803a574 t walk_core
0803a5e2 T lv_obj_get_child_count_by_type
0803a60c T lv_obj_get_index
0803a644 t obj_delete_core
0803a7a4 T lv_obj_delete
0803a808 t lv_obj_delete_async_cb
0803a80c T lv_obj_set_parent
0803a8f0 T lv_obj_move_to_index
0803a97c T lv_obj_tree_walk
0803a980 t wait_for_flushing
0803a9b4 t draw_buf_flush
0803aa68 t lv_refr_get_top_obj
0803aadc t layer_reshape_draw_buf
0803ab20 T lv_refr_init
0803ab22 T lv_refr_deinit
0803ab24 T lv_obj_redraw
0803adbc t refr_obj
0803b0ec t refr_obj_and_children
0803b178 t refr_configured_layer
0803b254 t refr_area
0803b418 T lv_inv_area
0803b518 T lv_refr_get_disp_refreshing
0803b524 T lv_refr_set_disp_refreshing
0803b530 T lv_display_refr_timer
0803b9e8 t disp_event_cb
0803ba0c t invalidate_layout_cb
0803ba18 T lv_display_set_default
0803ba24 T lv_display_get_default
0803ba30 T lv_display_get_next
0803ba44 T lv_display_get_horizontal_resolution
0803ba64 T lv_display_get_vertical_resolution
0803ba84 T lv_display_get_dpi
0803ba98 T lv_display_set_draw_buffers
0803baac T lv_display_set_render_mode
0803bac0 T lv_display_set_flush_cb
0803bad0 T lv_display_get_color_format
0803bae4 T lv_display_flush_ready
0803baea T lv_display_flush_is_last
0803baf4 T lv_display_is_double_buffered
0803bb00 T lv_display_get_screen_active
0803bb14 T lv_display_get_screen_prev
0803bb28 T lv_display_get_layer_top
0803bb3c T lv_display_get_layer_sys
0803bb50 T lv_display_get_layer_bottom
0803bb64 T lv_display_add_event_cb
0803bb84 T lv_display_create
0803bd60 T lv_display_send_event
0803bd9c T lv_display_delete
0803be84 t update_resolution
0803bf90 T lv_display_set_resolution
0803bfb4 T lv_display_set_color_format
0803bfe0 T lv_display_get_theme
0803bff0 T lv_display_enable_invalidation
0803c014 T lv_display_is_invalidation_enabled
0803c030 T lv_display_set_driver_data
0803c044 T lv_display_get_driver_data
0803c058 T lv_screen_active
0803c064 T lv_dpx
0803c084 T lv_draw_init
0803c088 T lv_draw_deinit
0803c0b0 T lv_draw_create_unit
0803c0d4 T lv_draw_add_task
0803c124 T lv_draw_dispatch_layer
0803c24c T lv_draw_dispatch
0803c294 T lv_draw_finalize_task_creation
0803c30c T lv_draw_dispatch_wait_for_request
0803c324 T lv_draw_dispatch_request
0803c334 T lv_draw_get_next_available_task
0803c3f8 T lv_draw_layer_init
0803c474 T lv_draw_layer_create
0803c4a4 T lv_draw_layer_alloc_buf
0803c520 T lv_draw_layer_go_to_xy
0803c526 T lv_draw_arc_dsc_init
0803c554 T lv_draw_arc
0803c5b0 T lv_draw_arc_get_area
0803c93a t buf_align
0803c944 t width_to_stride
0803c956 t buf_free
0803c95a t buf_malloc
0803c960 T lv_draw_buf_init_with_default_handlers
0803c994 T lv_draw_buf_init_handlers
0803c9b8 T lv_draw_buf_get_handlers
0803c9c0 T lv_draw_buf_width_to_stride_ex
0803c9d0 T lv_draw_buf_width_to_stride
0803c9e0 t _calculate_draw_buf_size
0803ca24 T lv_draw_buf_align_ex
0803ca34 T lv_draw_buf_align
0803ca44 T lv_draw_buf_flush_cache
0803ca8c T lv_draw_buf_init
0803cb08 T lv_draw_buf_create_ex
0803cb94 T lv_draw_buf_create
0803cbb0 T lv_draw_buf_dup_ex
0803cbe6 T lv_draw_buf_reshape
0803cc2c T lv_draw_buf_destroy
0803cc68 T lv_draw_buf_goto_xy
0803ccc0 T lv_draw_buf_clear
0803cd60 T lv_draw_buf_copy
0803ce4c T lv_draw_buf_adjust_stride
0803cf3c T lv_draw_buf_premultiply
0803d050 T lv_draw_buf_has_flag
0803d05c T lv_draw_buf_from_image
0803d084 t img_decode_and_draw
0803d150 T lv_draw_image_dsc_init
0803d19c T lv_image_src_get_type
0803d1bc T lv_draw_image_tiled_helper
0803d28c T lv_image_buf_get_transformed_area
0803d382 T lv_draw_layer
0803d40c T lv_draw_image
0803d4b6 T lv_draw_image_normal_helper
0803d56c t lv_text_is_marker
0803d5c0 t hex_char_to_num
0803d5e4 T lv_draw_label_dsc_init
0803d65c T lv_draw_task_get_label_dsc
0803d668 T lv_draw_glyph_dsc_init
0803d670 T lv_draw_label
0803d6c8 T lv_draw_label_iterate_characters
0803dd48 T lv_draw_line_dsc_init
0803dd7c T lv_draw_line
0803ddf0 T lv_draw_mask_rect_dsc_init
0803ddf8 T lv_draw_mask_rect
0803de64 T lv_draw_rect_dsc_init
0803df28 T lv_draw_fill_dsc_init
0803df40 T lv_draw_task_get_fill_dsc
0803df4c T lv_draw_border_dsc_init
0803df72 T lv_draw_task_get_border_dsc
0803df7e T lv_draw_rect
0803e430 t image_decoder_get_info
0803e58c T lv_image_decoder_init
0803e5b0 T lv_image_decoder_deinit
0803e5d8 T lv_image_decoder_get_info
0803e608 T lv_image_decoder_open
0803e6b4 T lv_image_decoder_get_area
0803e6d0 T lv_image_decoder_close
0803e6fc T lv_image_decoder_create
0803e728 T lv_image_decoder_set_info_cb
0803e72c T lv_image_decoder_set_open_cb
0803e730 T lv_image_decoder_set_get_area_cb
0803e734 T lv_image_decoder_set_close_cb
0803e738 T lv_image_decoder_add_to_cache
0803e778 T lv_image_decoder_post_process
0803e818 t evaluate
0803e86c t dispatch
0803e950 T lv_draw_sw_init
0803e974 T lv_draw_sw_deinit
0803e978 t add_circle
0803e9d2 t get_rounded_area
0803ea4e T lv_draw_sw_arc
0803ee38 T lv_draw_sw_border
0803f328 t shadow_blur_corner
0803f4a2 T lv_draw_sw_box_shadow
0803ffac T lv_draw_sw_fill
08040380 T lv_gradient_color_calculate
08040474 T lv_gradient_get
080404f8 T lv_gradient_cleanup
080404fc t img_draw_core
08040ac4 T lv_draw_sw_image
08040adc T lv_draw_sw_layer
08040b04 t draw_letter_cb
08040bf4 T lv_draw_sw_label
08040c08 T lv_draw_sw_line
080411f4 t lv_memzero
080411fc t mask_mix
08041216 t lv_draw_mask_line
08041574 t lv_draw_mask_angle
080417a4 t lv_draw_mask_radius
080419a4 T lv_draw_sw_mask_init
080419b0 T lv_draw_sw_mask_deinit
080419bc T lv_draw_sw_mask_apply
080419f8 T lv_draw_sw_mask_free_param
08041a34 T lv_draw_sw_mask_cleanup
08041a60 T lv_draw_sw_mask_line_points_init
08041b88 T lv_draw_sw_mask_line_angle_init
08041bd0 T lv_draw_sw_mask_angle_init
08041c58 T lv_draw_sw_mask_radius_init
08042048 T lv_draw_sw_mask_rect
080421b6 t transform_point_upscaled
08042256 t transform_rgb888
08042420 t transform_rgb565a8
0804260c T lv_draw_sw_transform
08042ece T lv_draw_sw_triangle
08043240 t invalidate_cache
08043264 t flush_cache
08043268 T lv_nuttx_cache_init
08043280 T lv_nuttx_cache_deinit
08043290 T lv_font_get_glyph_bitmap
080432ac T lv_font_glyph_release_draw_data
080432bc T lv_font_get_glyph_dsc
08043364 T lv_font_get_glyph_width
080433dc T lv_font_get_line_height
080433e0 t place_content
08043450 t lv_obj_get_style_margin_top
0804345e t lv_obj_get_style_margin_bottom
0804346c t lv_obj_get_style_margin_left
0804347a t lv_obj_get_style_margin_right
08043488 t lv_obj_get_height_with_margin
080434a8 t lv_obj_get_width_with_margin
080434c8 t get_next_item
080434f0 t find_track_end
0804370c t flex_update
08043e1c T lv_flex_init
08043e34 T lv_obj_set_flex_flow
08043e4c T lv_obj_set_flex_align
08043e7c T lv_obj_set_flex_grow
08043e94 T lv_layout_init
08043eb4 T lv_layout_deinit
08043ec0 T lv_layout_apply
08043efc T lv_bin_decoder_info
08043f7c t free_decoder_data
08043fb4 T lv_bin_decoder_close
08043fd2 t fs_read_file_at
08044004 t get_decoder_data
08044028 t decode_indexed.constprop.0
080440ec t decode_alpha_only.constprop.0
080441e4 T lv_bin_decoder_open
08044390 T lv_bin_decoder_get_area
080445fc T lv_bin_decoder_init
0804464c t cnt_get_data_size_cb
08044650 t size_get_data_size_cb
08044654 t cache_iter_create_cb
08044674 t cache_iter_next_cb
080446bc t get_victim_cb
08044704 t drop_all_cb
08044768 t drop_cb
080447ec t remove_cb
08044854 t get_cb
080448dc t init_cnt_cb
08044930 t init_size_cb
08044984 t reserve_cond_cb
080449c0 t destroy_cb
080449dc t add_cb
08044a88 t alloc_cb
08044ab0 T lv_array_init
08044adc T lv_array_deinit
08044af8 T lv_array_resize
08044b2c T lv_array_push_back
08044b7c T lv_array_at
08044ba0 T lv_array_size
08044ba4 t lv_async_timer_cb
08044bc0 T lv_async_call_cancel
08044c1c T lv_color_format_get_bpp
08044c30 T lv_color_format_has_alpha
08044c50 T lv_color_to_32
08044c76 T lv_color_to_u16
08044c92 T lv_color_to_u32
08044cac T lv_color_format_get_size
08044cba T lv_color_to_int
08044cd0 T lv_color_eq
08044ce8 T lv_color32_eq
08044cf4 T lv_color_hex
08044d14 T lv_color_make
08044d2c T lv_color_16_16_mix
08044d68 T lv_color_white
08044d7e T lv_color_black
08044d86 T lv_color_darken
08044db2 T lv_color_premultiply
08044dda T lv_color16_premultiply
08044e16 T lv_color_luminance
08044e4c T lv_color16_luminance
08044e7e T lv_color24_luminance
08044eac T lv_color32_luminance
08044ee2 T lv_color_mix
08044f42 T lv_color_mix32
08044fdc T lv_color_brightness
08044ffc T lv_color_filter_dsc_init
08045000 T lv_palette_main
0804503c T lv_palette_lighten
08045084 T lv_palette_darken
080450cc t rb_right_rotate
080450f0 t rb_left_rotate
08045114 t rb_delete_color
08045208 T lv_rb_init
08045244 T lv_rb_find
08045278 T lv_rb_insert
080453a0 T lv_rb_remove_node
08045424 T lv_rb_drop_node
08045444 T lv_rb_destroy
08045490 T lv_style_init
08045498 T lv_style_reset
080454b6 T lv_style_remove_prop
0804552c T lv_style_set_prop
080455c8 T lv_style_get_prop
0804560c T lv_style_transition_dsc_init
0804563c T lv_style_prop_get_default
080456ec T lv_style_is_empty
080456f8 T lv_style_prop_lookup_flags
08045728 T lv_style_set_width
08045734 T lv_style_set_height
08045740 T lv_style_set_max_height
0804574c T lv_style_set_length
08045758 T lv_style_set_transform_width
08045764 T lv_style_set_transform_height
08045770 T lv_style_set_pad_top
0804577c T lv_style_set_pad_bottom
08045788 T lv_style_set_pad_left
08045794 T lv_style_set_pad_right
080457a0 T lv_style_set_pad_row
080457ac T lv_style_set_pad_column
080457b8 T lv_style_set_bg_color
080457d4 T lv_style_set_bg_opa
080457e0 T lv_style_set_bg_grad_color
080457fc T lv_style_set_bg_image_src
08045808 T lv_style_set_border_color
08045824 T lv_style_set_border_opa
08045830 T lv_style_set_border_width
0804583c T lv_style_set_border_side
08045848 T lv_style_set_border_post
08045854 T lv_style_set_outline_width
08045860 T lv_style_set_outline_color
0804587c T lv_style_set_outline_opa
08045888 T lv_style_set_outline_pad
08045894 T lv_style_set_shadow_width
080458a0 T lv_style_set_shadow_offset_y
080458ac T lv_style_set_shadow_spread
080458b8 T lv_style_set_shadow_color
080458d4 T lv_style_set_shadow_opa
080458e0 T lv_style_set_line_width
080458ec T lv_style_set_line_color
08045908 T lv_style_set_arc_width
08045914 T lv_style_set_arc_rounded
08045920 T lv_style_set_arc_color
0804593c T lv_style_set_text_color
08045958 T lv_style_set_text_font
08045964 T lv_style_set_text_line_space
08045970 T lv_style_set_text_align
0804597c T lv_style_set_radius
08045988 T lv_style_set_clip_corner
08045994 T lv_style_set_color_filter_dsc
080459a0 T lv_style_set_color_filter_opa
080459ac T lv_style_set_anim_duration
080459b8 T lv_style_set_transition
080459c4 T lv_style_set_rotary_sensitivity
080459d0 t lv_text_utf8_size
08045a04 t lv_text_utf8_next
08045ad6 t lv_text_utf8_get_byte_id
08045afe t lv_text_utf8_get_char_id
08045b20 t lv_text_utf8_get_length
08045b40 t lv_text_is_a_word
08045b8c t lv_text_unicode_to_utf8
08045c24 t lv_text_utf8_prev
08045c5a T lv_text_is_cmd
08045c90 T lv_text_get_next_line
08045ea0 T lv_text_ins
08045eee T lv_text_cut
08045f24 T lv_text_set_text_vfmt
08045f64 T lv_text_encoded_letter_next_2
08045f86 T lv_text_get_width
08045fe0 T lv_text_get_size
08046094 T lv_text_get_width_with_flags
08046108 t apply_theme
08046126 t apply_theme_recursion
0804614e T lv_theme_get_from_obj
08046164 T lv_theme_apply
08046184 T lv_theme_get_color_primary
080461c4 t lv_image_constructor
08046244 t lv_image_destructor
08046270 T lv_image_create
08046288 T lv_image_get_pivot
080462a4 t scale_update
08046380 T lv_image_set_rotation
08046476 T lv_image_set_pivot
08046574 t update_align
080465e4 T lv_image_set_src
08046734 t lv_image_event
08046b3c T lv_draw_sw_blend
08046dc0 t get_bit
08046dd2 t lv_color_16a_16a_mix
08046e72 t blend_non_normal_pixel
08046ec4 t lv_color_mix_with_alpha_cache_init
08046eec t rgb888_image_blend
080470cc T lv_draw_sw_blend_color_to_al88
08047280 T lv_draw_sw_blend_image_to_al88
08047afe t get_bit
08047b10 t lv_color_32_32_mix
08047bda t blend_non_normal_pixel
08047c8c t lv_color_8_32_mix
08047cc2 t lv_color_mix_with_alpha_cache_init
08047cec t rgb888_image_blend
08047f8e T lv_draw_sw_blend_color_to_argb8888
0804812c T lv_draw_sw_blend_image_to_argb8888
08048abc t set_bit
08048ae6 t clear_bit
08048b10 t get_bit
08048b36 t lv_color_8_8_mix
08048b52 t blend_non_normal_pixel
08048bca t rgb888_image_blend
08048da6 T lv_draw_sw_blend_color_to_i1
08048f66 T lv_draw_sw_blend_image_to_i1
08049acc t get_bit
08049ade t lv_color_8_8_mix
08049afa t blend_non_normal_pixel
08049b4a t rgb888_image_blend
08049cda T lv_draw_sw_blend_color_to_l8
08049e1e T lv_draw_sw_blend_image_to_l8
0804a5ac t l8_to_rgb565
0804a5c4 t get_bit
0804a5d8 t lv_color_8_16_mix
0804a634 t lv_color_24_16_mix
0804a69c t rgb888_image_blend
0804a920 T lv_draw_sw_blend_color_to_rgb565
0804abb4 T lv_draw_sw_blend_image_to_rgb565
0804b7ac t get_bit
0804b7be t lv_color_8_24_mix
0804b7f0 t lv_color_24_24_mix
0804b834 t blend_non_normal_pixel
0804b8c8 t rgb888_image_blend
0804ba7a T lv_draw_sw_blend_color_to_rgb888
0804bc1a T lv_draw_sw_blend_image_to_rgb888
0804c528 t kern_pair_8_compare
0804c53a t kern_pair_16_compare
0804c54c t unicode_list_compare
0804c554 t get_glyph_dsc_id.part.0.isra.0
0804c5fc T lv_font_get_bitmap_fmt_txt
0804c798 T lv_font_get_glyph_dsc_fmt_txt
0804c8ec t grid_align
0804c9dc t grid_update
0804d30c T lv_grid_init
0804d324 T lv_utils_bsearch
0804d364 t uv__run_pending
0804d3b0 t uv__update_time
0804d3cc t uv__loop_alive
0804d3ee t uv__backend_timeout
0804d424 T uv_hrtime
0804d42c T uv__make_close_pending
0804d460 T uv_close
0804d500 T uv__getiovmax
0804d508 T uv_run
0804d6a4 T uv_is_active
0804d6ac T uv__close_nocheckstdio
0804d6f4 T uv__close
0804d714 T uv__nonblock_ioctl
0804d746 T uv__nonblock_fcntl
0804d7ae T uv__cloexec
0804d7e0 T uv__recvmsg
0804d848 T uv_fileno
0804d884 T uv__io_init
0804d8c0 T uv__io_start
0804d9bc T uv__io_stop
0804da4c T uv__io_close
0804da74 T uv__io_feed
0804da8c T uv__io_active
0804dabc T uv__fd_exists
0804dad4 T uv__open_cloexec
0804daec t uv__poll_io
0804db5c t uv__poll_stop
0804db94 T uv_poll_init
0804dc04 T uv_poll_stop
0804dc24 T uv_poll_start
0804dcbc T uv__poll_close
0804dcc0 T uv__hrtime
0804dce8 t uv__queue_remove
0804dcf4 t uv__epoll_ctl_flush
0804ddd4 t uv__epoll_ctl_prep
0804de92 t uv__iou_delete.part.0
0804deb4 t maybe_free_watcher_list
0804e114 t find_watcher
0804e12e T uv__platform_loop_init
0804e162 T uv__platform_loop_delete
0804e1ae T uv__platform_invalidate_fd
0804e20e T uv__io_check_fd
0804e260 T uv__statx_to_stat
0804e2f4 T uv__io_poll
0804e734 T uv_fs_event_stop
0804e790 T uv__fs_event_close
0804e794 T uv__malloc
0804e7a4 T uv__strdup
0804e7c4 t uv__unknown_err_code
0804e7f0 T uv__free
0804e810 T uv__calloc
0804e81c T uv__realloc
0804e838 T uv__reallocf
0804e852 T uv_buf_init
0804e858 T uv_strerror
0804eda4 T uv__count_bufs
0804edbe T uv_default_loop
0804edf6 T uv_read_start
0804ee26 T uv_library_shutdown
0804ee50 T uv__metrics_update_idle_time
0804eea8 T uv__metrics_set_provider_entry_time
0804eed8 t uv__global_free
0804eeee T uv__process_title_cleanup
0804eef0 T getsockopt
0804ef02 T recvmsg
0804ef08 T sendmsg
0804ef0e T shutdown
0804ef14 T uv__tcp_close
0804ef16 T uv__tcp_nodelay
0804ef1c T uv__tcp_keepalive
0804ef22 T uv__udp_close
0804ef24 T uv__udp_finish_close
0804ef28 T uv__global_get
0804efac T inotify_rm_watch
0804efb2 t uv__queue_move
0804efd0 t uv__queue_remove
0804efdc T uv_prepare_stop
0804f00c T uv__run_prepare
0804f044 T uv__prepare_close
0804f048 T uv_check_stop
0804f078 T uv__run_check
0804f0b0 T uv__check_close
0804f0b4 T uv_idle_stop
0804f0e4 T uv__run_idle
0804f11c T uv__idle_close
0804f120 t uv__signal_unlock
0804f156 t uv__signal_lock
0804f186 t uv__signal_block_and_lock
0804f1b6 t uv__signal_unlock_and_unblock
0804f1d4 t uv__signal_register_handler
0804f21c t uv__signal_compare
0804f258 t uv__signal_loop_once_init
0804f298 t uv__signal_first_handle
0804f2dc t uv__signal_handler
0804f38c t uv__signal_stop
0804f65c t uv__signal_event
0804f710 t uv__signal_start
0804f908 T uv__signal_cleanup
0804f954 t uv__signal_global_reinit
0804f978 t uv__signal_global_init
0804f9a4 T uv__signal_global_once_init
0804f9bc T uv__signal_loop_cleanup
0804fa08 T uv_signal_init
0804fa3a T uv__signal_close
0804fa3e T uv_signal_start
0804fa44 T uv_signal_stop
0804fa68 T uv_kill
0804fa7a T uv_process_kill
0804fa80 T uv__process_close
0804fabc t uv__check_before_write
0804fb34 t uv__stream_eof
0804fb80 t uv__read
0804fe10 t uv__write_req_finish
0804fe58 t uv__drain
0804fee8 t uv__try_write
0804ffdc t uv__write
080500d0 t uv__write_callbacks
0805016c T uv__stream_init
080501fc T uv__stream_open
08050264 T uv__stream_flush_write_queue
08050290 t uv__stream_io
080503e8 T uv__stream_destroy
08050458 T uv_write2
08050528 T uv_write
0805053c T uv__read_start
080505b0 T uv_read_stop
080505f0 T uv__stream_close
08050698 t uv__cancelled
0805069e t post
08050714 T uv__threadpool_cleanup
0805078c T uv__work_done
08050830 t uv__queue_move
0805084e t uv__async_spin
08050880 t uv__async_start.part.0
080508b8 t uv__async_io.part.0
08050958 t uv__async_io
08050978 T uv_async_init
080509ee T uv__async_close
08050a1c T uv_pipe_init
08050a34 T uv__pipe_close
08050a5a T uv_pipe_open
08050ac2 T uv_pipe
08050b3e T uv__make_pipe
08050b48 t timer_close_cb
08050ba4 T uv_fs_poll_stop
08050c00 T uv__fs_poll_close
08050c18 t heap_node_swap
08050c6c t timer_less_than
08050ca4 T uv_timer_stop
08050da8 T uv_timer_start
08050e98 T uv_timer_again
08050ec8 T uv__next_timeout
08050f00 T uv__run_timers
08050f36 T uv__timer_close
08050f3c t uv__chld
08051018 T uv__process_init
08051058 T uv_spawn
080513dc T uv_loop_init
08051560 T uv_thread_join
0805156e T uv_mutex_init
080515a4 T uv_mutex_destroy
080515b2 T uv_mutex_lock
080515c0 T uv_mutex_unlock
080515ce T uv_rwlock_init
080515da T uv_rwlock_destroy
080515e8 T uv_once
080515f6 T uv_cond_destroy
08051604 T uv_cond_signal
08051614 T __aeabi_ldivmod
080516b4 t spi_modifycr1
080516c4 t spi_setfrequency
0805175e t spi_send
08051784 t spi_exchange
080517d4 t spi_bus_initialize
0805180c t spi_lock
08051818 t spi_setmode
08051852 t spi_setbits
0805189c T stm32_spibus_initialize
0805191c t exec_internal
08051a0c T exec_spawn
08051a28 T exec_getsymtab
08051a50 t load_absmodule
08051a90 T load_module
08051b38 T exec_module
08051c94 T binfmt_dumpmodule
08051c98 t btn_interrupt
08051cb8 t btn_supported
08051ce0 t btn_enable
08051db0 t btn_buttons
08051db4 T btn_lower_initialize
08051dd4 t lcdfb_getplaneinfo
08051e00 t lcdfb_ioctl
08051e16 t lcdfb_open
08051e24 t lcdfb_close
08051e34 t lcdfb_setpower
08051e60 t lcdfb_getvideoinfo
08051e90 t lcdfb_updateearea
08051f80 T up_fbinitialize
080520fc T up_fbgetvplane
0805212c t userled_supported
0805213c t userled_setall
08052142 t userled_setled
0805214c T userled_lower_initialize
0805216c T mkrd
080521b8 t w25_lock
080521f0 t w25_unlock
080521f8 t w25_wren
08052226 t w25_wrdi
08052254 t w25_waitwritecomplete.isra.0
080522b4 t w25_bwrite
0805235e t w25_byteread
080523de t w25_read
08052404 t w25_bread
08052416 t w25_erase
080524e8 t w25_ioctl
080525a2 t w25_bytewrite
08052618 t w25_write
080526a4 T w25_initialize
08052810 t smart_open
08052814 t smart_read
0805283c t smart_write
080528d4 t smart_readsector
08052954 t smart_geometry
0805298c t smart_bytewrite
08052a08 t smart_relocate_sector
08052ab2 t smart_setsectorsize
08052bb0 t smart_get_wear_level.isra.0
08052bc8 t smart_find_wear_minmax
08052c00 t smart_set_wear_level.isra.0
08052c9c t smart_erase_block_if_empty
08052d48 t smart_relocate_static_data.isra.0
08052e4a t smart_relocate_block
08052f68 t smart_findfreephyssector.constprop.0
08053100 t smart_garbagecollect.isra.0
08053174 t smart_writesector
08053392 t smart_allocsector
080534b0 t smart_scan
08053814 t smart_ioctl
08053ba6 t smart_close
08053bac T smart_initialize
08053cc0 T nx_mkfifo
08053cf4 t usbclass_mkstrdesc
08053d48 t usbclass_mkcfgdesc
08053da0 T usbdev_adb_get_composite_devdesc
08053df4 T usbdev_adb_initialize
08053e18 t usbdev_fs_notify
08053e3e t usbdev_fs_connect
08053ec4 t usbdev_fs_classresume
08053ecc t usbdev_fs_classsuspend
08053ed4 t usbdev_fs_wrcomplete
08053f6c t usbdev_fs_register_driver
08053fe8 t usbdev_fs_poll
08054092 t usbdev_fs_blocking_io
08054122 t usbdev_fs_close
0805418c t usbdev_fs_classunbind
080542cc t usbdev_fs_ep_bind
080543dc t usbdev_fs_classbind
080544a0 t usbdev_fs_write
0805458c t usbdev_fs_classresetconfig
080545be t usbdev_fs_classdisconnect
080545c4 t usbdev_fs_open
080545f8 t usbdev_fs_submit_rdreq.isra.0
08054602 t usbdev_fs_rdcomplete
0805469c t usbdev_fs_read
08054818 t usbdev_fs_classsetup
080549a0 T usbdev_fs_classobject
08054a00 T usbdev_fs_classuninitialize
08054a2c T usbdev_fs_initialize
08054a32 t composite_classsetup
08054a80 t composite_ep0incomplete
08054a9c t composite_resume
08054afa t composite_suspend
08054b68 t composite_disconnect
08054bec t composite_setup
08054e78 t composite_unbind
08054efc t composite_bind
08054f8c T composite_initialize
08055048 T usbdev_copy_devdesc
08055060 T usbdev_copy_epdesc
08055082 T usbdev_allocreq
080550b4 T usbdev_freereq
080550d6 t fb_close
0805512c t fb_open
08055192 t fb_poll
08055208 t fb_get_planeinfo
08055248 t fb_get_panelinfo.constprop.0
080552a8 t fb_read
080552f0 t fb_write
0805533a t fb_seek
08055374 t fb_mmap
080553ae T fb_paninfo_count
080553e4 t fb_ioctl
080556b0 T fb_register_device
080557e4 t btn_enable
08055854 t btn_write
08055898 t btn_read
080558e4 t btn_open
08055940 t btn_close
080559a0 t btn_poll
08055a20 t btn_interrupt
08055a98 t btn_ioctl
08055b2c T btn_register
08055b98 t userled_ioctl
08055c70 t userled_write
08055ccc t userled_open
08055d28 t userled_close
08055d94 T userled_register
08055e1c t file_vfcntl
08055eea T fcntl
08055f76 t epoll_do_poll
08055f7a t epoll_do_open
08055f9c t epoll_setup
08056006 t epoll_teardown
080560ac t epoll_do_create
0805616c t epoll_do_close
08056208 t epoll_head_from_fd
08056244 t epoll_default_cb
08056270 T epoll_create1
08056278 T epoll_ctl
08056568 T epoll_pwait
0805660a T envpath_init
0805663c T envpath_next
080566cc T envpath_release
080566d0 T pthread_cond_init
080566fe T pthread_cond_destroy
0805672e T pthread_get_stacksize_np
08056742 T pthread_mutexattr_init
08056754 T pthread_mutexattr_destroy
08056766 T pthread_mutexattr_settype
0805677c T pthread_mutex_lock
08056782 T pthread_once
080567b0 T pthread_atfork
080567b4 T pthread_rwlock_init
080567e6 T pthread_rwlock_destroy
08056800 T pthread_self
08056804 T gettid
0805680e T posix_spawnattr_setsigmask
0805681c T perror
08056840 T task_tls_get_value
08056856 T task_tls_set_value
08056872 T pipe
08056878 T calloc
0805689c T mm_calloc
080568ae T group_exitinfo
080568da T pthread_mutex_init
0805690c T pthread_mutex_destroy
08056964 T pthread_mutex_timedlock
080569c4 T pthread_mutex_unlock
080569f4 T pthread_cond_signal
08056a32 T pthread_sigmask
08056a68 T nxsig_notification
08056ab8 T work_queue_wq
08056b98 T work_queue
08056ba8 T board_button_initialize
08056bd0 T board_buttons
08056bf8 T board_button_irq
08056c20 T board_userled_initialize
08056c2e T board_userled
08056c3a T board_userled_all
08056c48 t stm32f103_setcursor
08056c88 t stm32f103_putrun
08056cc4 t stm32f103_getpower
08056cd0 t stm32f103_getcontrast
08056cd6 t stm32f103_setcontrast
08056cdc t stm32f103_getrun
08056d48 t stm32f103_getvideoinfo
08056d5c t stm32f103_getplaneinfo
08056d84 t stm32f103_poweroff.isra.0
08056da8 t stm32f103_setpower
08056dcc T board_lcd_initialize
08056e4c T board_lcd_getdev
08056e54 T board_lcd_uninitialize
08056e64 T stm32_selectlcd
08056ea4 T stm32_deselectlcd
08056eb8 t stm32_exti0_isr
08056ed8 t stm32_exti1_isr
08056ef8 t stm32_exti2_isr
08056f18 t stm32_exti3_isr
08056f38 t stm32_exti4_isr
08056f58 t stm32_exti_multiisr.constprop.0
08056fb4 t stm32_exti1510_isr
08056fbc t stm32_exti95_isr
08056fc4 T stm32_gpiosetevent
0805710c T g_idle_topstack
08057110 T g_gpiobase
08057150 t g_uart_devs
0805715c t g_uart_ops
08057205 t __FUNCTION__.0
0805720f t __FUNCTION__.1
0805721c t __FUNCTION__.2
080572c4 t g_serialops
080572f4 t zero.0
080572fd t g_nullstring
08057304 t g_baud_table
080573fc t g_idlename
0805745b t __FUNCTION__.0
08057657 t __FUNCTION__.0
08057661 t __FUNCTION__.1
0805766c t __FUNCTION__.2
08057677 t __FUNCTION__.3
08057686 t __FUNCTION__.4
08057692 t __FUNCTION__.5
080576a4 t g_policy
080576b4 t g_ttypenames
08057738 t g_statenames
08057770 t g_noname
08057779 T romfs_img
08057b7c T romfs_img_len
08057b80 t g_sramconfig
08057b86 T g_commonconfig
08057d15 t __FUNCTION__.0
08057da8 t CSWTCH.110
08057dae t __FUNCTION__.0
08057dc0 t __FUNCTION__.1
08057dd0 t __FUNCTION__.2
08057de0 t g_devops
08057dfc t g_epops
08057e6c t __FUNCTION__.0
08057ea5 t __FUNCTION__.0
08057fc2 t __FUNCTION__.0
08057fd1 t __FUNCTION__.1
0805800c t __FUNCTION__.0
0805801f t __FUNCTION__.1
08058051 t __FUNCTION__.0
0805806c t g_bops
08058310 t g_devnull_fops
0805834c t g_devzero_fops
08058394 t g_ptmx_fops
080583c4 t g_default_channel_ops
080583dc t g_ramlog_channel_ops
080583f4 t g_ramlogfops
08058464 t g_pty_fops
08058494 t g_syscrlf
08058498 t g_syslog_dev_ops
080584c0 t g_pipe_fops
08058500 t g_bdfsmap
08058518 t g_nonbdfsmap
08058584 t g_procfs_entries
0805862c T g_procfs_operations
080586a0 T g_cpuinfo_operations
080587e4 T g_memdump_operations
08058810 T g_meminfo_operations
080589ac t g_cmdline
080589b8 t g_group
080589c4 t g_groupenv
080589d0 t g_groupfd
080589dc t g_groupinfo
080589e8 t g_groupstatus
080589f4 t g_level0info
08058a04 t g_level0node
08058a10 t g_nodeinfo
08058a2c t g_policy
08058a3c T g_proc_operations
08058a68 t g_stack
08058a74 t g_status
08058a80 t g_ttypenames
08058ab8 T g_tcbinfo_operations
08058af0 T g_uptime_operations
08058b48 T g_version_operations
08058b74 T g_romfs_operations
08058bf4 T g_smartfs_operations
08058da4 t g_direntry
08058dc4 T g_smartfs_procfs_operations
08058df0 T g_tmpfs_operations
08058e6c t g_dir_fileops
08058f88 t CSWTCH.8
08058f94 T g_mount_operations
08058fc0 t labels.0
08059344 t __FUNCTION__.1
08059357 t __FUNCTION__.3
08059367 t __FUNCTION__.4
0805943b t __FUNCTION__.0
0805944b t __FUNCTION__.1
08059583 t __FUNCTION__.0
08059593 t __FUNCTION__.1
0805971f t __FUNCTION__.0
080597a2 t __FUNCTION__.0
080597b6 t g_modmagic
08059838 t __FUNCTION__.0
08059930 t __FUNCTION__.0
08059943 t __FUNCTION__.1
08059ad2 t __FUNCTION__.1
08059ae1 t __FUNCTION__.2
08059af4 t __FUNCTION__.3
08059b04 t __FUNCTION__.4
08059b13 t __FUNCTION__.5
08059b7d t __FUNCTION__.1
08059dcc t __FUNCTION__.0
08059ddb t __FUNCTION__.1
08059de7 t __FUNCTION__.2
08059e04 t g_daysbeforemonth
08059e7b t __FUNCTION__.0
08059e90 t __FUNCTION__.1
0805a02f t __FUNCTION__.0
0805a040 t __FUNCTION__.1
0805a0ab t g_home
0805a0ad t g_oldpwd
0805a0b4 t g_pwd
0805a11c t g_erasetoeol
0805a1bc t g_arg_separator
0805a1bf t g_exitstatus
0805a1c1 t g_failure
0805a1c3 T g_fmtarginvalid
0805a1de T g_fmtargrange
0805a1fb T g_fmtargrequired
0805a222 T g_fmtcmdfailed
0805a23a T g_fmtcmdnotfound
0805a256 T g_fmtcmdoutofmemory
0805a26e T g_fmtcontext
0805a292 T g_fmtdeepnesting
0805a2ad T g_fmtinternalerror
0805a2c6 T g_fmtnomatching
0805a2df T g_fmtnosuch
0805a2f8 T g_fmtsignalrecvd
0805a318 T g_fmtsyntax
0805a32f T g_fmttoomanyargs
0805a34c t g_lastpid
0805a34e t g_line_separator
0805a354 T g_nshgreeting
0805a366 t g_nullstring
0805a367 t g_pipeline1
0805a369 t g_quote_separator
0805a36d t g_redirect_in1
0805a36f t g_redirect_out1
0805a371 t g_redirect_out2
0805a374 t g_success
0805a376 t g_token_separator
0805a930 t g_cmdmap
0805afc1 t g_flags
0805afc8 t g_groupid
0805afcf t g_ppid
0805afd7 t g_priority
0805afe1 t g_scheduler
0805afec t g_sigmask
0805aff5 t g_stacksize
0805b000 t g_state
0805b007 t g_type
0805b05b t g_unknown
0805b1e4 t g_groupid
0805b213 t g_aliasfmt
0805b248 T g_builtin_count
0805b24c T g_builtins
0805b34b t __func__.0
0805b376 t __func__.0
0805b416 t __func__.0
0805b42f t __func__.1
0805b442 t __func__.2
0805b51c t __func__.0
0805b529 t __func__.1
0805b53c t adb_usb_uv_ops
0805b600 t __func__.0
0805b611 t __func__.1
0805b624 t __func__.2
0805b637 t __func__.3
0805b649 t __func__.4
0805b65e t __func__.5
0805b695 t __func__.0
0805b6b1 t __func__.1
0805b6c7 t __func__.2
0805b8f0 t __func__.0
0805b908 t __func__.1
0805b922 t __func__.10
0805b935 t __func__.11
0805b948 t __func__.12
0805b95d t __func__.13
0805b970 t __func__.14
0805b981 t __func__.2
0805b991 t __func__.3
0805b9a6 t __func__.4
0805b9bb t __func__.5
0805b9d3 t __func__.6
0805b9e3 t __func__.7
0805b9f3 t __func__.8
0805ba07 t __func__.9
0805ba18 t file_sync_ops
0805baa2 t __func__.0
0805babb t __func__.1
0805bacc t g_logcat_ops
0805bb9a t __func__.0
0805bbb1 t __func__.1
0805bbc3 t __func__.2
0805bbcf t __func__.3
0805bbdd t __func__.4
0805bbec t shell_ops
0805c7b7 t g_default_fbdev
0805c7c0 t g_rgb16
0805c7cc t g_rgb24
0805c7e4 t g_rgb8
0805cb24 t g_reg_offs
0805cb46 T g_tcbinfo
0805cb60 T g_bch_fops
0805cb90 t g_bops
0805cd4c t g_abbrev_monthname
0805cd7c t g_abbrev_wdayname
0805cd98 t g_monthname
0805cdc8 t g_wdayname
0805cde4 t g_mon_lengths
0805cf82 t __FUNCTION__.0
0805d070 t priority.0
0805d0bf t CSWTCH.6
0805d270 t sin0_90_table
0805d3c0 t trans_props.0
0805d3d0 T lv_arc_class
0805d3f8 T lv_bar_class
0805d41c T lv_button_class
0805d4a4 T lv_buttonmatrix_class
0805d4c8 t lv_buttonmatrix_def_map
0805d504 t day_names_def
0805d520 T lv_calendar_class
0805d5ac T lv_calendar_header_arrow_class
0805d5d0 t month_names_def
0805d8b0 T lv_calendar_header_dropdown_class
0805d90c T lv_chart_class
0805d944 T lv_checkbox_class
0805d9cc T lv_dropdown_class
0805d9f0 T lv_dropdownlist_class
0805da68 t default_kb_ctrl_lc_map
0805dab8 t default_kb_ctrl_num_map
0805dada t default_kb_ctrl_spec_map
0805db2a t default_kb_ctrl_uc_map
0805db7c t default_kb_map_lc
0805dc2c t default_kb_map_num
0805dc80 t default_kb_map_spec
0805dd30 t default_kb_map_uc
0805dde0 T lv_keyboard_class
0805de3c T lv_label_class
0805de60 T lv_led_class
0805de84 T lv_line_class
0805debc T lv_list_button_class
0805dee0 T lv_list_class
0805df04 T lv_list_text_class
0805df8c T lv_menu_class
0805dfb0 T lv_menu_cont_class
0805dfd4 T lv_menu_main_cont_class
0805dff8 T lv_menu_main_header_cont_class
0805e01c T lv_menu_page_class
0805e040 T lv_menu_section_class
0805e064 T lv_menu_separator_class
0805e088 T lv_menu_sidebar_cont_class
0805e0ac T lv_menu_sidebar_header_cont_class
0805e13c T lv_msgbox_backdrop_class
0805e160 T lv_msgbox_class
0805e184 T lv_msgbox_content_class
0805e1a8 T lv_msgbox_footer_button_class
0805e1cc T lv_msgbox_footer_class
0805e1f0 T lv_msgbox_header_button_class
0805e214 T lv_msgbox_header_class
0805e2ac T lv_roller_class
0805e2d0 T lv_roller_label_class
0805e300 T lv_scale_class
0805e32c T lv_slider_class
0805e388 T lv_spinbox_class
0805e3b4 T lv_spinner_class
0805e3e0 T lv_switch_class
0805e404 T lv_table_class
0805e430 T lv_tabview_class
0805e498 T lv_textarea_class
0805e4cc T lv_tileview_class
0805e4f0 T lv_tileview_tile_class
0805e518 T lv_win_class
0805e590 T lv_obj_class
0805e7b4 t wcorr.0
0805e868 t cmaps
0805e890 t font_dsc
0805e8a4 t glyph_bitmap
08060b24 t glyph_dsc
08061014 t kern_class_values
08061bc4 t kern_classes
08061bd4 t kern_left_class_mapping
08061c72 t kern_right_class_mapping
08061d10 T lv_font_montserrat_14
08061d34 t unicode_list_1
08061e58 T lv_cache_class_lru_rb_count
08061e84 T lv_cache_class_lru_rb_size
08061ed8 t CSWTCH.7
08061ef9 t colors.0
08061fdd t colors.1
080620fa t colors.2
08062180 T lv_style_builtin_prop_flag_lookup_table
0806220d t white.0
08062244 T lv_text_encoded_get_byte_id
08062248 T lv_text_encoded_get_char_id
0806224c T lv_text_encoded_next
08062250 T lv_text_encoded_prev
08062254 T lv_text_encoded_size
08062258 T lv_text_get_encoded_length
0806225c T lv_text_unicode_to_encoded
08062298 T lv_image_class
080622bc t opa2_table
080622c0 t opa4_table
08062afc t once.0
08062c08 t g_sp1iops
08062c2c t g_sp2iops
08062d02 t __FUNCTION__.0
08062d39 t __FUNCTION__.0
08062d6d t __FUNCTION__.0
08062dc6 t __FUNCTION__.0
08062dd4 t __FUNCTION__.1
08062de0 t g_btnlower
08062fc0 t __FUNCTION__.0
08062fcf t __FUNCTION__.1
08062fe1 t __FUNCTION__.2
08062ff4 t __FUNCTION__.3
08063003 t __FUNCTION__.4
08063014 t g_userled_lower
08063088 t __FUNCTION__.1
080630a0 t g_bops
080630bc t g_wearbit_to_levelmap4
080630cc t g_wearlevel_to_bitmap4
080630dc t sizetbl.0
080630ec t g_fifo_fops
08063147 t g_adb_cfgdesc
08063150 t g_adb_devdesc
08063164 t g_adb_devdescs
08063170 t g_adb_epbulkin
0806317c t g_adb_epbulkout
08063188 t g_adb_ifdesc
08063194 t g_adb_strdesc
080631bc t g_adb_strdescs
080632a7 t __FUNCTION__.0
080632bb t __FUNCTION__.1
080632d5 t __FUNCTION__.2
080632ea t __FUNCTION__.3
08063300 t g_usbdev_fs_classops
08063318 t g_usbdev_fs_fops
08063348 t g_driverops
08063461 t __FUNCTION__.0
08063472 t __FUNCTION__.1
08063483 t __FUNCTION__.2
08063492 t __FUNCTION__.3
0806349b t __FUNCTION__.4
080634b0 t g_fb_fops
080635f4 t __FUNCTION__.0
080635fd t __FUNCTION__.1
08063607 t __FUNCTION__.2
08063610 t __FUNCTION__.3
0806361a t __FUNCTION__.4
08063624 t __FUNCTION__.5
0806362d t __FUNCTION__.6
0806363c t g_btn_fops
080636b2 t __FUNCTION__.0
080636bf t __FUNCTION__.1
080636cd t __FUNCTION__.2
080636db t __FUNCTION__.3
080636e9 t __FUNCTION__.4
080636fc t g_userled_fops
0806372c t g_epoll_ops
0806376c t g_buttons
0806377c t g_planeinfo
0806379c t g_videoinfo
080637a4 T lcd_cmd
08063d94 t g_lcdconfig
08063d96 A _etext
08063d98 A _einit
08063d98 A __exidx_start
08063d98 A _sinit
08063da0 A _eronly
08063da0 A _etbss
08063da0 A _etdata
08063da0 A __exidx_end
08063da0 A _stbss
08063da0 A _stdata
20000000 A _sdata
20000000 d g_usart1priv
200000b8 d g_inode_lock
200000e8 D g_syslog_mask
200000ec D g_hpwork
20000150 D g_wdactivelist
20000158 d g_elfbinfmt
20000164 d g_builtin_binfmt
20000170 d g_ptmx
20000188 d g_default_channel
20000190 d g_ramlog_channel
20000198 D g_syslog_channel
200001a0 d g_sysdev
200001b0 d g_pipelock
200001c0 d g_sync_nb
200001cc d g_lock
200001dc d g_dir_inode
20000204 d g_devno_lock
20000214 d g_devno_lock
20000230 D globalNames
20000230 D nglobals
20000240 D global_table
20000240 d g_version
20000268 d g_tempbuffer
2000046c d g_tlslock
2000047c d g_modlock
20000490 d g_nshprompt
200004b0 d d_head
200004b4 d go
200004b8 d p_head
200004bc d fd.1
200004c0 d kb_ctrl
200004e8 d kb_map
20000510 d uv__allocator
20000520 d index.1
20000524 d g_spi1dev
20000550 d g_spi2dev
2000057c d g_adb_epinfos
20000584 d g_epoll_inode
200005ac d g_lcddev
200005e0 A _edata
200005e0 A _sbss
200005e0 b g_usart1rxbuffer
200006dc b g_usart1txbuffer
200007d8 b g_arm_debug
2000088c b g_ino
20000890 B g_root_inode
20000894 b g_errno
20000898 B g_mmheap
2000089c b g_system_ticks
200008a0 B g_idletcb
20000970 B g_inactivetasks
20000978 B g_lastpid
2000097c B g_npidhash
20000980 B g_nx_initstate
20000984 B g_pendingtasks
2000098c B g_pidhash
20000990 B g_readytorun
20000998 B g_running_tasks
2000099c B g_tasklisttable
200009e4 B g_waitingforsignal
200009ec B g_irqvector
20000c50 b g_last_regs
20000ca0 b g_panic_notifier_list
20000ca4 b g_reboot_notifier_list
20000ca8 B g_msgfree
20000cb0 B g_msgfreeirq
20000cb8 b g_msgpool
200013f8 B g_msgfreelist
20001400 B g_sigactions
20001470 B g_sigfreeaction
20001478 B g_sigpendingaction
20001480 B g_sigpendingirqaction
20001488 B g_sigpendingirqsignal
20001490 B g_sigpendingsignal
20001498 b g_sigpool
200017f8 B g_alloctimers
20001800 B g_freetimers
20001808 b g_prealloctimers
200019e8 B g_basetime
200019f0 b g_kthread_group
20001cb8 b g_child_pool
20001dbc b g_usbdev
20001f24 B g_binfmts
20001f28 b g_maskedidset
20001f2c b g_sysbuffer
2000232c b g_pipeno
20002330 b g_procfs_meminfo
20002334 b g_mounthead
20002338 b g_devno
2000233c b g_devno
20002340 B reldata
2000236c b g_tlsdtor
20002394 B g_hostname
200023b8 b g_mod_registry
200023bc b g_nsh_script_initialized
200023c0 b g_adbd_context
200023c4 b g_led_daemon_started
200023c5 b devname.0
200023d5 b s_err.0
200023e8 b g_saveptr
200023ec b g_gmtime
20002418 b init.2
2000241c B lv_global
20002608 b work_mem_int.0
2000e608 b ta_insert_replace
2000e60c b g_exec_nsymbols
2000e610 b g_exec_symtab
2000e614 b g_btnarg
2000e618 b g_btnhandler
2000e61c b g_btnnum
2000e620 b g_lcdfb
2000e624 b g_lednum
2000e628 b g_runbuffer
2000e9e8 b g_gpio_callbacks
2000ea68 A _ebss
